16:53:49.159 [main                     ] DEBUG Logger               - Configured Logger
16:53:49.187 [main                     ] DEBUG GameApplication      - Logging settings
Title: TypeWiz
Version: 0.0
Width: 1280
Height: 720
Fullscreen: true
Intro: false
Profiling: false
Single step:false
App Mode: DEVELOPER
Menu Key: ESCAPE
Stage Style: DECORATED
Scene Factory: class com.oop2.typewiz.util.CustomSceneFactory

16:53:49.447 [JavaFX Application Thread] DEBUG FXGLApplication      - Initializing FXGL
16:53:49.449 [JavaFX Application Thread] INFO  Engine               - FXGL-21.1 (27.03.2024 07.52) on WINDOWS (J:21.0.3 FX:19)
16:53:49.450 [JavaFX Application Thread] DEBUG Engine               - JRE Vendor Name: Oracle Corporation
16:53:49.450 [JavaFX Application Thread] DEBUG Engine               - Running on OS: Windows 11 version 10.0
16:53:49.450 [JavaFX Application Thread] DEBUG Engine               - Architecture: amd64
16:53:49.450 [JavaFX Application Thread] INFO  Engine               - Source code and latest versions at: https://github.com/AlmasB/FXGL
16:53:49.450 [JavaFX Application Thread] INFO  Engine               -       Ask questions and discuss at: https://github.com/AlmasB/FXGL/discussions
16:53:49.451 [JavaFX Application Thread] INFO  Engine               -              Join the FXGL chat at: https://gitter.im/AlmasB/FXGL
16:53:49.513 [JavaFX Application Thread] DEBUG PrimaryStageWindow   - Creating a JavaFX scene
16:53:49.547 [JavaFX Application Thread] DEBUG PrimaryStageWindow   - Target settings size: 1280.0 x 720.0
16:53:49.547 [JavaFX Application Thread] DEBUG PrimaryStageWindow   - Scaled scene size:    1280.0 x 720.0
16:53:49.548 [JavaFX Application Thread] DEBUG PrimaryStageWindow   - Scaled ratio: (1.0, 1.0)
16:53:49.549 [JavaFX Application Thread] DEBUG PrimaryStageWindow   - Set initial scene to FXGLStartupScene
16:53:49.552 [JavaFX Application Thread] DEBUG PrimaryStageWindow   - Opening main window
16:53:49.613 [JavaFX Application Thread] DEBUG PrimaryStageWindow   - Window border size: (14.4000244140625, 37.5999755859375)
16:53:49.613 [JavaFX Application Thread] DEBUG PrimaryStageWindow   - Scaled size: 1280.0 x 720.0
16:53:49.613 [JavaFX Application Thread] DEBUG PrimaryStageWindow   - Scaled ratio: (1.0, 1.0)
16:53:49.613 [JavaFX Application Thread] DEBUG PrimaryStageWindow   - Scene size: 1280.0 x 720.0
16:53:49.614 [JavaFX Application Thread] DEBUG PrimaryStageWindow   - Stage size: 1294.4000244140625 x 757.5999755859375
16:53:49.676 [JavaFX Application Thread] DEBUG PrimaryStageWindow   - Going fullscreen
16:53:49.685 [FXGL Background Thread 1 ] DEBUG Engine               - Initializing environment variables
16:53:49.722 [FXGL Background Thread 1 ] DEBUG FXGLAssetLoaderServi - User app class for loading assets: class com.oop2.typewiz.TypeWizApp
16:53:49.722 [FXGL Background Thread 1 ] DEBUG GameApplicationServi - Applying CSS: fxgl_dark.css
16:53:49.722 [FXGL Background Thread 1 ] DEBUG FXGLAssetLoaderServi - Loading from file system: jar:file:///C:/Users/Ruhmer%20Jairus/.m2/repository/com/github/almasb/fxgl/21.1/fxgl-21.1.jar!/fxglassets/ui/css/fxgl_dark.css
16:53:49.759 [FXGL Background Thread 1 ] DEBUG GameApplicationServi - Initializing application scenes
16:53:49.816 [FXGL Background Thread 1 ] DEBUG GameWorld            - Game world initialized
16:53:49.869 [FXGL Background Thread 1 ] DEBUG PhysicsWorld         - Physics world initialized: appHeight=720, physics.ppm=50.0
16:53:49.870 [FXGL Background Thread 1 ] DEBUG PhysicsWorld         - Using strategy: BRUTE_FORCE
16:53:49.873 [FXGL Background Thread 1 ] DEBUG GameScene            - Game scene initialized: 1280x720
16:53:50.097 [FXGL Background Thread 1 ] DEBUG GameApplicationServi - Application scenes initialized
16:53:50.105 [FXGL Background Thread 1 ] DEBUG SystemBundleService  - Loading FXGL system data
16:53:50.108 [FXGL Background Thread 1 ] DEBUG FileSystemAccess     - Reading from: C:\Users\Ruhmer Jairus\OOP2-Capstone\system\fxgl.bundle
16:53:50.115 [FXGL Background Thread 1 ] DEBUG SystemBundleService  - Bundle FXGL: {}
16:53:50.115 [FXGL Background Thread 1 ] DEBUG UpdaterService       - Checking for updates
16:53:50.118 [FXGL Background Thread 4 ] DEBUG FXGLApplication      - Loading fonts
16:53:50.118 [FXGL Background Thread 1 ] DEBUG FXGLApplication      - Loading default localization
16:53:50.118 [FXGL Background Thread 4 ] DEBUG FXGLAssetLoaderServi - Loading from file system: jar:file:///C:/Users/Ruhmer%20Jairus/.m2/repository/com/github/almasb/fxgl/21.1/fxgl-21.1.jar!/fxglassets/ui/fonts/VarelaRound-Regular.ttf
16:53:50.118 [FXGL Background Thread 1 ] DEBUG FXGLAssetLoaderServi - Loading from file system: jar:file:///C:/Users/Ruhmer%20Jairus/.m2/repository/com/github/almasb/fxgl/21.1/fxgl-21.1.jar!/fxglassets/languages/english.lang
16:53:50.144 [FXGL Background Thread 1 ] INFO  FXGLApplication      - FXGL initialization took: 0.460 sec
16:53:50.145 [JavaFX Application Thread] DEBUG FXGLAssetLoaderServi - Loading from file system: jar:file:///C:/Users/Ruhmer%20Jairus/.m2/repository/com/github/almasb/fxgl/21.1/fxgl-21.1.jar!/fxglassets/textures/fxgl_icon.png
16:53:50.149 [FXGL Background Thread 4 ] DEBUG FXGLAssetLoaderServi - Loading from file system: jar:file:///C:/Users/Ruhmer%20Jairus/.m2/repository/com/github/almasb/fxgl/21.1/fxgl-21.1.jar!/fxglassets/ui/fonts/Abel-Regular.ttf
16:53:50.153 [FXGL Background Thread 4 ] DEBUG FXGLAssetLoaderServi - Loading from file system: jar:file:///C:/Users/Ruhmer%20Jairus/.m2/repository/com/github/almasb/fxgl/21.1/fxgl-21.1.jar!/fxglassets/ui/fonts/TerminalLandMono-Regular.otf
16:53:50.156 [FXGL Background Thread 4 ] DEBUG FXGLAssetLoaderServi - Loading from file system: jar:file:///C:/Users/Ruhmer%20Jairus/.m2/repository/com/github/almasb/fxgl/21.1/fxgl-21.1.jar!/fxglassets/ui/fonts/Courier-Prime.ttf
16:53:50.163 [JavaFX Application Thread] DEBUG FXGLAssetLoaderServi - Loading from file system: jar:file:///C:/Users/Ruhmer%20Jairus/.m2/repository/com/github/almasb/fxgl/21.1/fxgl-21.1.jar!/fxglassets/textures/fxgl_default_cursor.png
16:53:50.174 [JavaFX Application Thread] DEBUG Input                - Registered new binding: Screenshot - CTRL+8
16:53:50.174 [JavaFX Application Thread] DEBUG Input                - Registered new binding: System info dump - CTRL+9
16:53:50.174 [JavaFX Application Thread] DEBUG Input                - Registered new binding: Restart - CTRL+R
16:53:50.175 [JavaFX Application Thread] DEBUG Input                - Registered new binding: Toggle Debug Camera - CTRL+7
16:53:50.178 [JavaFX Application Thread] DEBUG LoopRunner           - Starting loop
16:53:50.179 [JavaFX Application Thread] DEBUG LoopRunner           - Initializing JavaFX AnimationTimerLoop
16:53:50.181 [JavaFX Application Thread] DEBUG Input                - Clearing active input actions
16:53:50.186 [JavaFX Application Thread] DEBUG GameApplicationServi - Removing overlay from FXGLStartupScene and adding to FXGLMainMenuDummyScene
16:53:50.187 [JavaFX Application Thread] DEBUG PrimaryStageWindow   - FXGLStartupScene -> FXGLMainMenuDummyScene
16:53:50.187 [JavaFX Application Thread] DEBUG PrimaryStageWindow   - Push state: LoginScreen
16:53:50.188 [JavaFX Application Thread] DEBUG Input                - Clearing active input actions
16:53:50.208 [JavaFX Application Thread] DEBUG GameApplicationServi - Removing overlay from FXGLMainMenuDummyScene and adding to LoginScreen
16:53:50.209 [JavaFX Application Thread] DEBUG PrimaryStageWindow   - FXGLMainMenuDummyScene -> LoginScreen
16:53:50.428 [JavaFX Application Thread] DEBUG FXGLApplication      - Registering font factories with UI factory
16:53:51.239 [JavaFX Application Thread] DEBUG FXGLAssetLoaderServi - Loading from file system: file:/C:/Users/Ruhmer%20Jairus/OOP2-Capstone/target/classes/assets/sounds/sound-library/hover.wav
16:53:51.692 [JavaFX Application Thread] DEBUG FXGLAssetLoaderServi - Loading from file system: file:/C:/Users/Ruhmer%20Jairus/OOP2-Capstone/target/classes/assets/sounds/sound-library/click.wav
16:53:51.700 [JavaFX Application Thread] DEBUG FXGLAssetLoaderServi - Loading from file system: file:/C:/Users/Ruhmer%20Jairus/OOP2-Capstone/target/classes/assets/music/magic.wav
16:53:51.741 [JavaFX Application Thread] DEBUG AudioPlayer          - Playing music com.almasb.fxgl.audio.Music@5a547b5a
16:53:51.872 [JavaFX Application Thread] DEBUG PrimaryStageWindow   - Push state: LoadingScreen
16:53:51.872 [JavaFX Application Thread] DEBUG Input                - Clearing active input actions
16:53:51.873 [JavaFX Application Thread] DEBUG GameApplicationServi - Removing overlay from LoginScreen and adding to LoadingScreen
16:53:51.873 [JavaFX Application Thread] DEBUG PrimaryStageWindow   - LoginScreen -> LoadingScreen
16:53:51.873 [JavaFX Application Thread] DEBUG FXGLAssetLoaderServi - Loading from file system: file:/C:/Users/Ruhmer%20Jairus/OOP2-Capstone/target/classes/assets/textures/magicbook.png
16:53:51.880 [JavaFX Application Thread] DEBUG FXGLAssetLoaderServi - Loading from file system: file:/C:/Users/Ruhmer%20Jairus/OOP2-Capstone/target/classes/assets/textures/magicbook_hover.png
16:53:53.117 [FXGL Background Thread 3 ] DEBUG Engine               - Logging environment variables
16:53:53.117 [FXGL Background Thread 3 ] DEBUG Engine               - achievements: []
16:53:53.117 [FXGL Background Thread 3 ] DEBUG Engine               - actualHeight: 864.0
16:53:53.118 [FXGL Background Thread 3 ] DEBUG Engine               - actualHeightProperty: ReadOnlyDoubleProperty [value: 864.0]
16:53:53.118 [FXGL Background Thread 3 ] DEBUG Engine               - actualWidth: 1536.0
16:53:53.118 [FXGL Background Thread 3 ] DEBUG Engine               - actualWidthProperty: ReadOnlyDoubleProperty [value: 1536.0]
16:53:53.118 [FXGL Background Thread 3 ] DEBUG Engine               - appIcon: fxgl_icon.png
16:53:53.118 [FXGL Background Thread 3 ] DEBUG Engine               - applicationMode: DEVELOPER
16:53:53.118 [FXGL Background Thread 3 ] DEBUG Engine               - cSSList: [fxgl_dark.css]
16:53:53.118 [FXGL Background Thread 3 ] DEBUG Engine               - collisionDetectionStrategy: BRUTE_FORCE
16:53:53.118 [FXGL Background Thread 3 ] DEBUG Engine               - configClass: Optional.empty
16:53:53.118 [FXGL Background Thread 3 ] DEBUG Engine               - credits: []
16:53:53.121 [FXGL Background Thread 3 ] DEBUG Engine               - defaultCursor: CursorInfo(imageName=fxgl_default_cursor.png, hotspotX=7.0, hotspotY=6.0)
16:53:53.121 [FXGL Background Thread 3 ] DEBUG Engine               - devBBoxColorProperty: ObjectProperty [value: 0xff0000ff]
16:53:53.121 [FXGL Background Thread 3 ] DEBUG Engine               - devEnableDebugCameraProperty: BooleanProperty [value: false]
16:53:53.121 [FXGL Background Thread 3 ] DEBUG Engine               - devSensorColorProperty: ObjectProperty [value: 0xffff00ff]
16:53:53.121 [FXGL Background Thread 3 ] DEBUG Engine               - devShowBBoxProperty: BooleanProperty [value: false]
16:53:53.121 [FXGL Background Thread 3 ] DEBUG Engine               - devShowPositionProperty: BooleanProperty [value: false]
16:53:53.121 [FXGL Background Thread 3 ] DEBUG Engine               - enabledMenuItems: []
16:53:53.121 [FXGL Background Thread 3 ] DEBUG Engine               - engineServices: [class com.almasb.fxgl.app.services.FXGLAssetLoaderService, class com.almasb.fxgl.app.FXGLApplication$GameApplicationService, class com.almasb.fxgl.app.services.FXGLDialogService, class com.almasb.fxgl.app.services.IOTaskExecutorService, class com.almasb.fxgl.io.FileSystemService, class com.almasb.fxgl.localization.LocalizationService, class com.almasb.fxgl.app.services.SystemBundleService, class com.almasb.fxgl.profile.SaveLoadService, class com.almasb.fxgl.ui.FXGLUIFactoryServiceProvider, class com.almasb.fxgl.ui.FXGLDialogFactoryServiceProvider, class com.almasb.fxgl.audio.AudioPlayer, class com.almasb.fxgl.notification.impl.NotificationServiceProvider, class com.almasb.fxgl.achievement.AchievementService, class com.almasb.fxgl.cutscene.CutsceneService, class com.almasb.fxgl.minigames.MiniGameService, class com.almasb.fxgl.net.NetService, class com.almasb.fxgl.app.services.UpdaterService, class com.almasb.fxgl.dev.DevService]
16:53:53.121 [FXGL Background Thread 3 ] DEBUG Engine               - fontGame: Abel-Regular.ttf
16:53:53.121 [FXGL Background Thread 3 ] DEBUG Engine               - fontMono: TerminalLandMono-Regular.otf
16:53:53.121 [FXGL Background Thread 3 ] DEBUG Engine               - fontSizeScaleUI: 1.0
16:53:53.121 [FXGL Background Thread 3 ] DEBUG Engine               - fontText: Courier-Prime.ttf
16:53:53.122 [FXGL Background Thread 3 ] DEBUG Engine               - fontUI: VarelaRound-Regular.ttf
16:53:53.122 [FXGL Background Thread 3 ] DEBUG Engine               - fullScreen: BooleanProperty [value: true]
16:53:53.122 [FXGL Background Thread 3 ] DEBUG Engine               - gameDifficulty: MEDIUM
16:53:53.122 [FXGL Background Thread 3 ] DEBUG Engine               - gameDifficultyProperty: ObjectProperty [value: MEDIUM]
16:53:53.122 [FXGL Background Thread 3 ] DEBUG Engine               - globalMusicVolume: 0.5
16:53:53.122 [FXGL Background Thread 3 ] DEBUG Engine               - globalMusicVolumeProperty: DoubleProperty [value: 0.5]
16:53:53.122 [FXGL Background Thread 3 ] DEBUG Engine               - globalSoundVolume: 0.5
16:53:53.122 [FXGL Background Thread 3 ] DEBUG Engine               - globalSoundVolumeProperty: DoubleProperty [value: 0.5]
16:53:53.122 [FXGL Background Thread 3 ] DEBUG Engine               - height: 720
16:53:53.122 [FXGL Background Thread 3 ] DEBUG Engine               - is3D: false
16:53:53.122 [FXGL Background Thread 3 ] DEBUG Engine               - isAndroid: false
16:53:53.122 [FXGL Background Thread 3 ] DEBUG Engine               - isBrowser: false
16:53:53.122 [FXGL Background Thread 3 ] DEBUG Engine               - isClickFeedbackEnabled: false
16:53:53.122 [FXGL Background Thread 3 ] DEBUG Engine               - isCloseConfirmation: false
16:53:53.122 [FXGL Background Thread 3 ] DEBUG Engine               - isDesktop: true
16:53:53.122 [FXGL Background Thread 3 ] DEBUG Engine               - isDeveloperMenuEnabled: false
16:53:53.122 [FXGL Background Thread 3 ] DEBUG Engine               - isEmbedded: false
16:53:53.122 [FXGL Background Thread 3 ] DEBUG Engine               - isEntityPreloadEnabled: true
16:53:53.122 [FXGL Background Thread 3 ] DEBUG Engine               - isExperimentalTiledLargeMap: false
16:53:53.122 [FXGL Background Thread 3 ] DEBUG Engine               - isFileSystemWriteAllowed: true
16:53:53.122 [FXGL Background Thread 3 ] DEBUG Engine               - isFullScreenAllowed: true
16:53:53.122 [FXGL Background Thread 3 ] DEBUG Engine               - isFullScreenFromStart: true
16:53:53.122 [FXGL Background Thread 3 ] DEBUG Engine               - isGameMenuEnabled: false
16:53:53.122 [FXGL Background Thread 3 ] DEBUG Engine               - isIOS: false
16:53:53.122 [FXGL Background Thread 3 ] DEBUG Engine               - isIntroEnabled: false
16:53:53.123 [FXGL Background Thread 3 ] DEBUG Engine               - isLinux: false
16:53:53.123 [FXGL Background Thread 3 ] DEBUG Engine               - isMac: false
16:53:53.123 [FXGL Background Thread 3 ] DEBUG Engine               - isMainMenuEnabled: true
16:53:53.123 [FXGL Background Thread 3 ] DEBUG Engine               - isManualResizeEnabled: false
16:53:53.123 [FXGL Background Thread 3 ] DEBUG Engine               - isMobile: false
16:53:53.123 [FXGL Background Thread 3 ] DEBUG Engine               - isNative: false
16:53:53.123 [FXGL Background Thread 3 ] DEBUG Engine               - isPauseMusicWhenMinimized: true
16:53:53.123 [FXGL Background Thread 3 ] DEBUG Engine               - isPreserveResizeRatio: false
16:53:53.123 [FXGL Background Thread 3 ] DEBUG Engine               - isProfilingEnabled: false
16:53:53.123 [FXGL Background Thread 3 ] DEBUG Engine               - isScaleAffectedOnResize: true
16:53:53.123 [FXGL Background Thread 3 ] DEBUG Engine               - isSingleStep: false
16:53:53.123 [FXGL Background Thread 3 ] DEBUG Engine               - isUserProfileEnabled: false
16:53:53.123 [FXGL Background Thread 3 ] DEBUG Engine               - isWindows: true
16:53:53.123 [FXGL Background Thread 3 ] DEBUG Engine               - language: ObjectProperty [value: ENGLISH]
16:53:53.123 [FXGL Background Thread 3 ] DEBUG Engine               - menuKey: ESCAPE
16:53:53.123 [FXGL Background Thread 3 ] DEBUG Engine               - mouseSensitivity: 0.2
16:53:53.123 [FXGL Background Thread 3 ] DEBUG Engine               - notificationViewClass: class com.almasb.fxgl.notification.view.XboxNotificationView
16:53:53.123 [FXGL Background Thread 3 ] DEBUG Engine               - pixelsPerMeter: 50.0
16:53:53.123 [FXGL Background Thread 3 ] DEBUG Engine               - platform: WINDOWS
16:53:53.123 [FXGL Background Thread 3 ] DEBUG Engine               - prefHeightProperty: ReadOnlyDoubleProperty [value: 720.0]
16:53:53.123 [FXGL Background Thread 3 ] DEBUG Engine               - prefWidthProperty: ReadOnlyDoubleProperty [value: 1280.0]
16:53:53.123 [FXGL Background Thread 3 ] DEBUG Engine               - profileDir: profiles/
16:53:53.123 [FXGL Background Thread 3 ] DEBUG Engine               - profileName: StringProperty [value: DEFAULT]
16:53:53.123 [FXGL Background Thread 3 ] DEBUG Engine               - randomSeed: -1
16:53:53.124 [FXGL Background Thread 3 ] DEBUG Engine               - runtimeInfo: RuntimeInfo(platform=WINDOWS, version=21.1, build=27.03.2024 07.52)
16:53:53.124 [FXGL Background Thread 3 ] DEBUG Engine               - saveFileExt: sav
16:53:53.124 [FXGL Background Thread 3 ] DEBUG Engine               - scaledHeightProp$fxgl: DoubleProperty [bound, value: 864.0]
16:53:53.124 [FXGL Background Thread 3 ] DEBUG Engine               - scaledWidthProp$fxgl: DoubleProperty [bound, value: 1536.0]
16:53:53.124 [FXGL Background Thread 3 ] DEBUG Engine               - sceneFactory: com.oop2.typewiz.util.CustomSceneFactory@7e40fa46
16:53:53.124 [FXGL Background Thread 3 ] DEBUG Engine               - secondsIn24h: 60
16:53:53.124 [FXGL Background Thread 3 ] DEBUG Engine               - soundMenuBack: menu/back.wav
16:53:53.124 [FXGL Background Thread 3 ] DEBUG Engine               - soundMenuPress: menu/press.wav
16:53:53.124 [FXGL Background Thread 3 ] DEBUG Engine               - soundMenuSelect: menu/select.wav
16:53:53.124 [FXGL Background Thread 3 ] DEBUG Engine               - soundNotification: core/notification.wav
16:53:53.124 [FXGL Background Thread 3 ] DEBUG Engine               - stageStyle: DECORATED
16:53:53.124 [FXGL Background Thread 3 ] DEBUG Engine               - supportedLanguages: [ENGLISH, FRENCH, GERMAN, HUNGARIAN, RUSSIAN]
16:53:53.124 [FXGL Background Thread 3 ] DEBUG Engine               - ticksPerSecond: -1
16:53:53.124 [FXGL Background Thread 3 ] DEBUG Engine               - title: TypeWiz
16:53:53.124 [FXGL Background Thread 3 ] DEBUG Engine               - urlGithub: https://github.com/AlmasB/FXGL
16:53:53.124 [FXGL Background Thread 3 ] DEBUG Engine               - urlLeaderboard: http://fxgl-top.herokuapp.com/
16:53:53.124 [FXGL Background Thread 3 ] DEBUG Engine               - urlPOM: https://raw.githubusercontent.com/AlmasB/FXGL/release/README.md
16:53:53.124 [FXGL Background Thread 3 ] DEBUG Engine               - userAppClass: class com.oop2.typewiz.TypeWizApp
16:53:53.124 [FXGL Background Thread 3 ] DEBUG Engine               - version: 0.0
16:53:53.124 [FXGL Background Thread 3 ] DEBUG Engine               - versionCheckDays: 7
16:53:53.124 [FXGL Background Thread 3 ] DEBUG Engine               - width: 1280
16:53:53.124 [FXGL Background Thread 3 ] DEBUG Engine               - Logging services
16:53:53.124 [FXGL Background Thread 3 ] DEBUG Engine               - class com.almasb.fxgl.app.services.FXGLAssetLoaderService
16:53:53.124 [FXGL Background Thread 3 ] DEBUG Engine               - class com.almasb.fxgl.app.FXGLApplication$GameApplicationService
16:53:53.124 [FXGL Background Thread 3 ] DEBUG Engine               - class com.almasb.fxgl.app.services.FXGLDialogService
16:53:53.124 [FXGL Background Thread 3 ] DEBUG Engine               - class com.almasb.fxgl.app.services.IOTaskExecutorService
16:53:53.124 [FXGL Background Thread 3 ] DEBUG Engine               - class com.almasb.fxgl.io.FileSystemService
16:53:53.124 [FXGL Background Thread 3 ] DEBUG Engine               - class com.almasb.fxgl.localization.LocalizationService
16:53:53.124 [FXGL Background Thread 3 ] DEBUG Engine               - class com.almasb.fxgl.app.services.SystemBundleService
16:53:53.124 [FXGL Background Thread 3 ] DEBUG Engine               - class com.almasb.fxgl.profile.SaveLoadService
16:53:53.124 [FXGL Background Thread 3 ] DEBUG Engine               - class com.almasb.fxgl.ui.FXGLUIFactoryServiceProvider
16:53:53.124 [FXGL Background Thread 3 ] DEBUG Engine               - class com.almasb.fxgl.ui.FXGLDialogFactoryServiceProvider
16:53:53.124 [FXGL Background Thread 3 ] DEBUG Engine               - class com.almasb.fxgl.audio.AudioPlayer
16:53:53.124 [FXGL Background Thread 3 ] DEBUG Engine               - class com.almasb.fxgl.notification.impl.NotificationServiceProvider
16:53:53.124 [FXGL Background Thread 3 ] DEBUG Engine               - class com.almasb.fxgl.achievement.AchievementService
16:53:53.124 [FXGL Background Thread 3 ] DEBUG Engine               - class com.almasb.fxgl.cutscene.CutsceneService
16:53:53.124 [FXGL Background Thread 3 ] DEBUG Engine               - class com.almasb.fxgl.minigames.MiniGameService
16:53:53.124 [FXGL Background Thread 3 ] DEBUG Engine               - class com.almasb.fxgl.net.NetService
16:53:53.124 [FXGL Background Thread 3 ] DEBUG Engine               - class com.almasb.fxgl.app.services.UpdaterService
16:53:53.124 [FXGL Background Thread 3 ] DEBUG Engine               - class com.almasb.fxgl.dev.DevService
16:53:54.883 [JavaFX Application Thread] DEBUG FXGLAssetLoaderServi - Loading from file system: file:/C:/Users/Ruhmer%20Jairus/OOP2-Capstone/target/classes/assets/music/bgm.mp3
16:53:54.887 [JavaFX Application Thread] DEBUG FXGLAssetLoaderServi - Loading from file system: file:/C:/Users/Ruhmer%20Jairus/OOP2-Capstone/target/classes/assets/music/bgm2.mp3
16:53:54.890 [JavaFX Application Thread] DEBUG FXGLAssetLoaderServi - Loading from file system: file:/C:/Users/Ruhmer%20Jairus/OOP2-Capstone/target/classes/assets/sounds/sound-library/type.mp3
16:53:54.893 [JavaFX Application Thread] DEBUG FXGLAssetLoaderServi - Loading from file system: file:/C:/Users/Ruhmer%20Jairus/OOP2-Capstone/target/classes/assets/sounds/sound-library/death.mp3
16:53:54.895 [JavaFX Application Thread] DEBUG FXGLAssetLoaderServi - Loading from file system: file:/C:/Users/Ruhmer%20Jairus/OOP2-Capstone/target/classes/assets/sounds/sound-library/gameover.wav
16:53:54.897 [JavaFX Application Thread] DEBUG FXGLAssetLoaderServi - Loading from file system: file:/C:/Users/Ruhmer%20Jairus/OOP2-Capstone/target/classes/assets/sounds/sound-library/victory.mp3
16:53:54.898 [JavaFX Application Thread] DEBUG FXGLAssetLoaderServi - Loading from file system: file:/C:/Users/Ruhmer%20Jairus/OOP2-Capstone/target/classes/assets/sounds/sound-library/wave.mp3
16:53:54.900 [JavaFX Application Thread] DEBUG FXGLAssetLoaderServi - Loading from file system: file:/C:/Users/Ruhmer%20Jairus/OOP2-Capstone/target/classes/assets/sounds/sound-library/flappingsfx.wav
16:53:54.902 [JavaFX Application Thread] DEBUG FXGLAssetLoaderServi - Loading from file system: file:/C:/Users/Ruhmer%20Jairus/OOP2-Capstone/target/classes/assets/sounds/sound-library/error.mp3
16:53:54.904 [JavaFX Application Thread] DEBUG FXGLAssetLoaderServi - Loading from file system: file:/C:/Users/Ruhmer%20Jairus/OOP2-Capstone/target/classes/assets/sounds/sound-library/spacebar.mp3
16:53:54.905 [JavaFX Application Thread] DEBUG FXGLAssetLoaderServi - Loading from file system: file:/C:/Users/Ruhmer%20Jairus/OOP2-Capstone/target/classes/assets/sounds/sound-library/shift.mp3
16:53:54.907 [JavaFX Application Thread] DEBUG FXGLAssetLoaderServi - Loading from file system: file:/C:/Users/Ruhmer%20Jairus/OOP2-Capstone/target/classes/assets/sounds/sound-library/damage.mp3
16:53:54.908 [JavaFX Application Thread] DEBUG AudioPlayer          - Playing music com.almasb.fxgl.audio.Music@7600d5c0
16:53:54.913 [JavaFX Application Thread] DEBUG AudioPlayer          - Playing music com.almasb.fxgl.audio.Music@7600d5c0
16:53:54.913 [JavaFX Application Thread] DEBUG PrimaryStageWindow   - Push state: MainMenuScreen
16:53:54.913 [JavaFX Application Thread] DEBUG Input                - Clearing active input actions
16:53:54.913 [JavaFX Application Thread] DEBUG GameApplicationServi - Removing overlay from LoadingScreen and adding to MainMenuScreen
16:53:54.913 [JavaFX Application Thread] DEBUG PrimaryStageWindow   - LoadingScreen -> MainMenuScreen
16:53:56.021 [JavaFX Application Thread] DEBUG PrimaryStageWindow   - Push state: DifficultyMenuScreen
16:53:56.022 [JavaFX Application Thread] DEBUG Input                - Clearing active input actions
16:53:56.022 [JavaFX Application Thread] DEBUG GameApplicationServi - Removing overlay from MainMenuScreen and adding to DifficultyMenuScreen
16:53:56.022 [JavaFX Application Thread] DEBUG PrimaryStageWindow   - MainMenuScreen -> DifficultyMenuScreen
16:53:56.740 [JavaFX Application Thread] DEBUG GameApplicationServi - Starting new game
16:53:56.740 [JavaFX Application Thread] DEBUG PrimaryStageWindow   - Pop state: DifficultyMenuScreen
16:53:56.740 [JavaFX Application Thread] DEBUG Input                - Clearing active input actions
16:53:56.741 [JavaFX Application Thread] DEBUG GameApplicationServi - Removing overlay from DifficultyMenuScreen and adding to MainMenuScreen
16:53:56.741 [JavaFX Application Thread] DEBUG PrimaryStageWindow   - MainMenuScreen <- DifficultyMenuScreen
16:53:56.743 [JavaFX Application Thread] DEBUG PrimaryStageWindow   - Pop state: MainMenuScreen
16:53:56.743 [JavaFX Application Thread] DEBUG Input                - Clearing active input actions
16:53:56.743 [JavaFX Application Thread] DEBUG GameApplicationServi - Removing overlay from MainMenuScreen and adding to LoadingScreen
16:53:56.743 [JavaFX Application Thread] DEBUG PrimaryStageWindow   - LoadingScreen <- MainMenuScreen
16:53:56.743 [JavaFX Application Thread] DEBUG PrimaryStageWindow   - Pop state: LoadingScreen
16:53:56.743 [JavaFX Application Thread] DEBUG Input                - Clearing active input actions
16:53:56.743 [JavaFX Application Thread] DEBUG GameApplicationServi - Removing overlay from LoadingScreen and adding to LoginScreen
16:53:56.743 [JavaFX Application Thread] DEBUG PrimaryStageWindow   - LoginScreen <- LoadingScreen
16:53:56.743 [JavaFX Application Thread] DEBUG PrimaryStageWindow   - Pop state: LoginScreen
16:53:56.743 [JavaFX Application Thread] DEBUG Input                - Clearing active input actions
16:53:56.743 [JavaFX Application Thread] DEBUG GameApplicationServi - Removing overlay from LoginScreen and adding to FXGLMainMenuDummyScene
16:53:56.743 [JavaFX Application Thread] DEBUG PrimaryStageWindow   - FXGLMainMenuDummyScene <- LoginScreen
16:53:56.744 [JavaFX Application Thread] DEBUG Input                - Clearing active input actions
16:53:56.748 [JavaFX Application Thread] DEBUG GameApplicationServi - Removing overlay from FXGLMainMenuDummyScene and adding to FXGLLoadingScene
16:53:56.748 [JavaFX Application Thread] DEBUG PrimaryStageWindow   - FXGLMainMenuDummyScene -> FXGLLoadingScene
16:53:56.748 [JavaFX Application Thread] DEBUG GameApplicationServi - Clearing previous game
16:53:56.748 [JavaFX Application Thread] DEBUG GameScene            - Clearing game scene
16:53:56.748 [JavaFX Application Thread] DEBUG GameWorld            - Clearing game world
16:53:56.749 [JavaFX Application Thread] DEBUG PhysicsWorld         - Clearing physics world
16:53:56.750 [FXGL Background Thread 2 ] DEBUG FXGLApplication      - Initializing game
16:53:56.769 [FXGL Background Thread 2 ] DEBUG FXGLAssetLoaderServi - Loading from file system: file:/C:/Users/Ruhmer%20Jairus/OOP2-Capstone/target/classes/assets/textures/background-and-platforms/bg-midnightpurple_1280_720.png
16:53:56.817 [FXGL Background Thread 2 ] DEBUG FXGLAssetLoaderServi - Loading from file system: file:/C:/Users/Ruhmer%20Jairus/OOP2-Capstone/target/classes/assets/textures/background-and-platforms/hdlargerplatform-purple.png
16:53:56.871 [FXGL Background Thread 2 ] DEBUG FXGLAssetLoaderServi - Loading from file system: file:/C:/Users/Ruhmer%20Jairus/OOP2-Capstone/target/classes/assets/textures/wizard/wizard.png
16:53:56.921 [FXGL Background Thread 2 ] DEBUG FXGLAssetLoaderServi - Loading from file system: file:/C:/Users/Ruhmer%20Jairus/OOP2-Capstone/target/classes/assets/textures/mobs/gargoyle/gargoyle.png
16:53:56.936 [FXGL Background Thread 2 ] DEBUG FXGLAssetLoaderServi - Loading from file system: file:/C:/Users/Ruhmer%20Jairus/OOP2-Capstone/target/classes/assets/textures/mobs/grimouge/grimouge.png
16:53:56.962 [FXGL Background Thread 2 ] DEBUG FXGLAssetLoaderServi - Loading from file system: file:/C:/Users/Ruhmer%20Jairus/OOP2-Capstone/target/classes/assets/textures/mobs/vyleye/vyleye.png
16:53:57.008 [FXGL Background Thread 2 ] INFO  FXGLApplication      - Game initialization took: 0.258 sec
16:53:57.014 [JavaFX Application Thread] DEBUG Input                - Clearing active input actions
16:53:57.018 [JavaFX Application Thread] DEBUG GameApplicationServi - Removing overlay from FXGLLoadingScene and adding to GameScene
16:53:57.018 [JavaFX Application Thread] DEBUG PrimaryStageWindow   - FXGLLoadingScene -> GameScene
16:53:58.752 [JavaFX Application Thread] DEBUG AudioPlayer          - Stopping music com.almasb.fxgl.audio.Music@7600d5c0
16:53:58.753 [JavaFX Application Thread] DEBUG AudioPlayer          - Stopping music com.almasb.fxgl.audio.Music@7600d5c0
16:53:59.957 [JavaFX Application Thread] DEBUG FXGLApplication      - Exiting FXGL
16:53:59.957 [JavaFX Application Thread] DEBUG LoopRunner           - Stopping loop
16:53:59.957 [JavaFX Application Thread] DEBUG SystemBundleService  - Saving FXGL system data
16:53:59.959 [JavaFX Application Thread] DEBUG FileSystemAccess     - Writing to: C:\Users\Ruhmer Jairus\OOP2-Capstone\system\fxgl.bundle
16:53:59.962 [JavaFX Application Thread] DEBUG Async                - Shutting down background threads
16:53:59.962 [JavaFX Application Thread] DEBUG PrimaryStageWindow   - Closing main window
16:53:59.970 [JavaFX Application Thread] DEBUG Logger               - Closing Logger
