19:51:07.060 [main                     ] DEBUG Logger               - Configured Logger
19:51:07.084 [main                     ] DEBUG GameApplication      - Logging settings
Title: TypeWiz
Version: 0.0
Width: 1280
Height: 720
Fullscreen: true
Intro: false
Profiling: false
Single step:false
App Mode: DEVELOPER
Menu Key: ESCAPE
Stage Style: DECORATED
Scene Factory: class com.oop2.typewiz.util.CustomSceneFactory

19:51:07.457 [JavaFX Application Thread] DEBUG FXGLApplication      - Initializing FXGL
19:51:07.461 [JavaFX Application Thread] INFO  Engine               - FXGL-21.1 (27.03.2024 07.52) on WINDOWS (J:23.0.1 FX:19)
19:51:07.461 [JavaFX Application Thread] DEBUG Engine               - JRE Vendor Name: Oracle Corporation
19:51:07.461 [JavaFX Application Thread] DEBUG Engine               - Running on OS: Windows 10 version 10.0
19:51:07.462 [JavaFX Application Thread] DEBUG Engine               - Architecture: amd64
19:51:07.462 [JavaFX Application Thread] INFO  Engine               - Source code and latest versions at: https://github.com/AlmasB/FXGL
19:51:07.462 [JavaFX Application Thread] INFO  Engine               -       Ask questions and discuss at: https://github.com/AlmasB/FXGL/discussions
19:51:07.462 [JavaFX Application Thread] INFO  Engine               -              Join the FXGL chat at: https://gitter.im/AlmasB/FXGL
19:51:07.560 [JavaFX Application Thread] DEBUG PrimaryStageWindow   - Creating a JavaFX scene
19:51:07.603 [JavaFX Application Thread] DEBUG PrimaryStageWindow   - Target settings size: 1280.0 x 720.0
19:51:07.603 [JavaFX Application Thread] DEBUG PrimaryStageWindow   - Scaled scene size:    1280.0 x 720.0
19:51:07.603 [JavaFX Application Thread] DEBUG PrimaryStageWindow   - Scaled ratio: (1.0, 1.0)
19:51:07.604 [JavaFX Application Thread] DEBUG PrimaryStageWindow   - Set initial scene to FXGLStartupScene
19:51:07.610 [JavaFX Application Thread] DEBUG PrimaryStageWindow   - Opening main window
19:51:07.686 [JavaFX Application Thread] DEBUG PrimaryStageWindow   - Window border size: (16.0, 39.0)
19:51:07.686 [JavaFX Application Thread] DEBUG PrimaryStageWindow   - Scaled size: 1280.0 x 720.0
19:51:07.687 [JavaFX Application Thread] DEBUG PrimaryStageWindow   - Scaled ratio: (1.0, 1.0)
19:51:07.687 [JavaFX Application Thread] DEBUG PrimaryStageWindow   - Scene size: 1280.0 x 720.0
19:51:07.687 [JavaFX Application Thread] DEBUG PrimaryStageWindow   - Stage size: 1296.0 x 759.0
19:51:07.730 [JavaFX Application Thread] DEBUG PrimaryStageWindow   - Going fullscreen
19:51:07.738 [FXGL Background Thread 1 ] DEBUG Engine               - Initializing environment variables
19:51:07.811 [FXGL Background Thread 1 ] DEBUG FXGLAssetLoaderServi - User app class for loading assets: class com.oop2.typewiz.TypeWizApp
19:51:07.811 [FXGL Background Thread 1 ] DEBUG GameApplicationServi - Applying CSS: fxgl_dark.css
19:51:07.811 [FXGL Background Thread 1 ] DEBUG FXGLAssetLoaderServi - Loading from file system: jar:file:///C:/Users/RYLE/.m2/repository/com/github/almasb/fxgl/21.1/fxgl-21.1.jar!/fxglassets/ui/css/fxgl_dark.css
19:51:07.852 [FXGL Background Thread 1 ] DEBUG GameApplicationServi - Initializing application scenes
19:51:07.889 [FXGL Background Thread 1 ] DEBUG GameWorld            - Game world initialized
19:51:07.955 [FXGL Background Thread 1 ] DEBUG PhysicsWorld         - Physics world initialized: appHeight=720, physics.ppm=50.0
19:51:07.955 [FXGL Background Thread 1 ] DEBUG PhysicsWorld         - Using strategy: BRUTE_FORCE
19:51:07.959 [FXGL Background Thread 1 ] DEBUG GameScene            - Game scene initialized: 1280x720
19:51:08.262 [FXGL Background Thread 1 ] DEBUG GameApplicationServi - Application scenes initialized
19:51:08.271 [FXGL Background Thread 1 ] DEBUG SystemBundleService  - Loading FXGL system data
19:51:08.278 [FXGL Background Thread 1 ] DEBUG FileSystemAccess     - Reading from: C:\Users\RYLE\Downloads\OOP2-Capstone\system\fxgl.bundle
19:51:08.286 [FXGL Background Thread 1 ] DEBUG SystemBundleService  - Bundle FXGL: {}
19:51:08.286 [FXGL Background Thread 1 ] DEBUG UpdaterService       - Checking for updates
19:51:08.292 [FXGL Background Thread 4 ] DEBUG FXGLApplication      - Loading fonts
19:51:08.293 [FXGL Background Thread 4 ] DEBUG FXGLAssetLoaderServi - Loading from file system: jar:file:///C:/Users/RYLE/.m2/repository/com/github/almasb/fxgl/21.1/fxgl-21.1.jar!/fxglassets/ui/fonts/VarelaRound-Regular.ttf
19:51:08.294 [FXGL Background Thread 1 ] DEBUG FXGLApplication      - Loading default localization
19:51:08.295 [FXGL Background Thread 1 ] DEBUG FXGLAssetLoaderServi - Loading from file system: jar:file:///C:/Users/RYLE/.m2/repository/com/github/almasb/fxgl/21.1/fxgl-21.1.jar!/fxglassets/languages/english.lang
19:51:08.315 [FXGL Background Thread 1 ] INFO  FXGLApplication      - FXGL initialization took: 0.576 sec
19:51:08.316 [JavaFX Application Thread] DEBUG FXGLAssetLoaderServi - Loading from file system: jar:file:///C:/Users/RYLE/.m2/repository/com/github/almasb/fxgl/21.1/fxgl-21.1.jar!/fxglassets/textures/fxgl_icon.png
19:51:08.328 [JavaFX Application Thread] DEBUG FXGLAssetLoaderServi - Loading from file system: jar:file:///C:/Users/RYLE/.m2/repository/com/github/almasb/fxgl/21.1/fxgl-21.1.jar!/fxglassets/textures/fxgl_default_cursor.png
19:51:08.331 [FXGL Background Thread 4 ] DEBUG FXGLAssetLoaderServi - Loading from file system: jar:file:///C:/Users/RYLE/.m2/repository/com/github/almasb/fxgl/21.1/fxgl-21.1.jar!/fxglassets/ui/fonts/Abel-Regular.ttf
19:51:08.337 [JavaFX Application Thread] DEBUG Input                - Registered new binding: Screenshot - CTRL+8
19:51:08.338 [JavaFX Application Thread] DEBUG Input                - Registered new binding: System info dump - CTRL+9
19:51:08.338 [JavaFX Application Thread] DEBUG Input                - Registered new binding: Restart - CTRL+R
19:51:08.339 [JavaFX Application Thread] DEBUG Input                - Registered new binding: Toggle Debug Camera - CTRL+7
19:51:08.341 [JavaFX Application Thread] DEBUG LoopRunner           - Starting loop
19:51:08.341 [JavaFX Application Thread] DEBUG LoopRunner           - Initializing JavaFX AnimationTimerLoop
19:51:08.343 [FXGL Background Thread 4 ] DEBUG FXGLAssetLoaderServi - Loading from file system: jar:file:///C:/Users/RYLE/.m2/repository/com/github/almasb/fxgl/21.1/fxgl-21.1.jar!/fxglassets/ui/fonts/TerminalLandMono-Regular.otf
19:51:08.344 [JavaFX Application Thread] DEBUG Input                - Clearing active input actions
19:51:08.351 [JavaFX Application Thread] DEBUG GameApplicationServi - Removing overlay from FXGLStartupScene and adding to FXGLMainMenuDummyScene
19:51:08.351 [JavaFX Application Thread] DEBUG PrimaryStageWindow   - FXGLStartupScene -> FXGLMainMenuDummyScene
19:51:08.352 [JavaFX Application Thread] DEBUG PrimaryStageWindow   - Push state: LoginScreen
19:51:08.352 [JavaFX Application Thread] DEBUG Input                - Clearing active input actions
19:51:08.356 [FXGL Background Thread 4 ] DEBUG FXGLAssetLoaderServi - Loading from file system: jar:file:///C:/Users/RYLE/.m2/repository/com/github/almasb/fxgl/21.1/fxgl-21.1.jar!/fxglassets/ui/fonts/Courier-Prime.ttf
19:51:08.366 [JavaFX Application Thread] DEBUG GameApplicationServi - Removing overlay from FXGLMainMenuDummyScene and adding to LoginScreen
19:51:08.367 [JavaFX Application Thread] DEBUG PrimaryStageWindow   - FXGLMainMenuDummyScene -> LoginScreen
19:51:08.628 [JavaFX Application Thread] DEBUG FXGLApplication      - Registering font factories with UI factory
19:51:11.291 [FXGL Background Thread 3 ] DEBUG Engine               - Logging environment variables
19:51:11.291 [FXGL Background Thread 3 ] DEBUG Engine               - achievements: []
19:51:11.291 [FXGL Background Thread 3 ] DEBUG Engine               - actualHeight: 1080.0
19:51:11.291 [FXGL Background Thread 3 ] DEBUG Engine               - actualHeightProperty: ReadOnlyDoubleProperty [value: 1080.0]
19:51:11.291 [FXGL Background Thread 3 ] DEBUG Engine               - actualWidth: 1920.0
19:51:11.292 [FXGL Background Thread 3 ] DEBUG Engine               - actualWidthProperty: ReadOnlyDoubleProperty [value: 1920.0]
19:51:11.292 [FXGL Background Thread 3 ] DEBUG Engine               - appIcon: fxgl_icon.png
19:51:11.292 [FXGL Background Thread 3 ] DEBUG Engine               - applicationMode: DEVELOPER
19:51:11.292 [FXGL Background Thread 3 ] DEBUG Engine               - cSSList: [fxgl_dark.css]
19:51:11.292 [FXGL Background Thread 3 ] DEBUG Engine               - collisionDetectionStrategy: BRUTE_FORCE
19:51:11.292 [FXGL Background Thread 3 ] DEBUG Engine               - configClass: Optional.empty
19:51:11.292 [FXGL Background Thread 3 ] DEBUG Engine               - credits: []
19:51:11.293 [FXGL Background Thread 3 ] DEBUG Engine               - defaultCursor: CursorInfo(imageName=fxgl_default_cursor.png, hotspotX=7.0, hotspotY=6.0)
19:51:11.293 [FXGL Background Thread 3 ] DEBUG Engine               - devBBoxColorProperty: ObjectProperty [value: 0xff0000ff]
19:51:11.293 [FXGL Background Thread 3 ] DEBUG Engine               - devEnableDebugCameraProperty: BooleanProperty [value: false]
19:51:11.294 [FXGL Background Thread 3 ] DEBUG Engine               - devSensorColorProperty: ObjectProperty [value: 0xffff00ff]
19:51:11.294 [FXGL Background Thread 3 ] DEBUG Engine               - devShowBBoxProperty: BooleanProperty [value: false]
19:51:11.294 [FXGL Background Thread 3 ] DEBUG Engine               - devShowPositionProperty: BooleanProperty [value: false]
19:51:11.294 [FXGL Background Thread 3 ] DEBUG Engine               - enabledMenuItems: []
19:51:11.294 [FXGL Background Thread 3 ] DEBUG Engine               - engineServices: [class com.almasb.fxgl.app.services.FXGLAssetLoaderService, class com.almasb.fxgl.app.FXGLApplication$GameApplicationService, class com.almasb.fxgl.app.services.FXGLDialogService, class com.almasb.fxgl.app.services.IOTaskExecutorService, class com.almasb.fxgl.io.FileSystemService, class com.almasb.fxgl.localization.LocalizationService, class com.almasb.fxgl.app.services.SystemBundleService, class com.almasb.fxgl.profile.SaveLoadService, class com.almasb.fxgl.ui.FXGLUIFactoryServiceProvider, class com.almasb.fxgl.ui.FXGLDialogFactoryServiceProvider, class com.almasb.fxgl.audio.AudioPlayer, class com.almasb.fxgl.notification.impl.NotificationServiceProvider, class com.almasb.fxgl.achievement.AchievementService, class com.almasb.fxgl.cutscene.CutsceneService, class com.almasb.fxgl.minigames.MiniGameService, class com.almasb.fxgl.net.NetService, class com.almasb.fxgl.app.services.UpdaterService, class com.almasb.fxgl.dev.DevService]
19:51:11.294 [FXGL Background Thread 3 ] DEBUG Engine               - fontGame: Abel-Regular.ttf
19:51:11.294 [FXGL Background Thread 3 ] DEBUG Engine               - fontMono: TerminalLandMono-Regular.otf
19:51:11.294 [FXGL Background Thread 3 ] DEBUG Engine               - fontSizeScaleUI: 1.0
19:51:11.294 [FXGL Background Thread 3 ] DEBUG Engine               - fontText: Courier-Prime.ttf
19:51:11.294 [FXGL Background Thread 3 ] DEBUG Engine               - fontUI: VarelaRound-Regular.ttf
19:51:11.294 [FXGL Background Thread 3 ] DEBUG Engine               - fullScreen: BooleanProperty [value: true]
19:51:11.294 [FXGL Background Thread 3 ] DEBUG Engine               - gameDifficulty: MEDIUM
19:51:11.294 [FXGL Background Thread 3 ] DEBUG Engine               - gameDifficultyProperty: ObjectProperty [value: MEDIUM]
19:51:11.294 [FXGL Background Thread 3 ] DEBUG Engine               - globalMusicVolume: 0.5
19:51:11.295 [FXGL Background Thread 3 ] DEBUG Engine               - globalMusicVolumeProperty: DoubleProperty [value: 0.5]
19:51:11.295 [FXGL Background Thread 3 ] DEBUG Engine               - globalSoundVolume: 0.5
19:51:11.295 [FXGL Background Thread 3 ] DEBUG Engine               - globalSoundVolumeProperty: DoubleProperty [value: 0.5]
19:51:11.295 [FXGL Background Thread 3 ] DEBUG Engine               - height: 720
19:51:11.295 [FXGL Background Thread 3 ] DEBUG Engine               - is3D: false
19:51:11.295 [FXGL Background Thread 3 ] DEBUG Engine               - isAndroid: false
19:51:11.295 [FXGL Background Thread 3 ] DEBUG Engine               - isBrowser: false
19:51:11.295 [FXGL Background Thread 3 ] DEBUG Engine               - isClickFeedbackEnabled: false
19:51:11.295 [FXGL Background Thread 3 ] DEBUG Engine               - isCloseConfirmation: false
19:51:11.295 [FXGL Background Thread 3 ] DEBUG Engine               - isDesktop: true
19:51:11.295 [FXGL Background Thread 3 ] DEBUG Engine               - isDeveloperMenuEnabled: false
19:51:11.295 [FXGL Background Thread 3 ] DEBUG Engine               - isEmbedded: false
19:51:11.295 [FXGL Background Thread 3 ] DEBUG Engine               - isEntityPreloadEnabled: true
19:51:11.295 [FXGL Background Thread 3 ] DEBUG Engine               - isExperimentalTiledLargeMap: false
19:51:11.295 [FXGL Background Thread 3 ] DEBUG Engine               - isFileSystemWriteAllowed: true
19:51:11.295 [FXGL Background Thread 3 ] DEBUG Engine               - isFullScreenAllowed: true
19:51:11.296 [FXGL Background Thread 3 ] DEBUG Engine               - isFullScreenFromStart: true
19:51:11.296 [FXGL Background Thread 3 ] DEBUG Engine               - isGameMenuEnabled: false
19:51:11.296 [FXGL Background Thread 3 ] DEBUG Engine               - isIOS: false
19:51:11.296 [FXGL Background Thread 3 ] DEBUG Engine               - isIntroEnabled: false
19:51:11.296 [FXGL Background Thread 3 ] DEBUG Engine               - isLinux: false
19:51:11.296 [FXGL Background Thread 3 ] DEBUG Engine               - isMac: false
19:51:11.296 [FXGL Background Thread 3 ] DEBUG Engine               - isMainMenuEnabled: true
19:51:11.296 [FXGL Background Thread 3 ] DEBUG Engine               - isManualResizeEnabled: false
19:51:11.296 [FXGL Background Thread 3 ] DEBUG Engine               - isMobile: false
19:51:11.296 [FXGL Background Thread 3 ] DEBUG Engine               - isNative: false
19:51:11.296 [FXGL Background Thread 3 ] DEBUG Engine               - isPauseMusicWhenMinimized: true
19:51:11.296 [FXGL Background Thread 3 ] DEBUG Engine               - isPreserveResizeRatio: false
19:51:11.296 [FXGL Background Thread 3 ] DEBUG Engine               - isProfilingEnabled: false
19:51:11.296 [FXGL Background Thread 3 ] DEBUG Engine               - isScaleAffectedOnResize: true
19:51:11.296 [FXGL Background Thread 3 ] DEBUG Engine               - isSingleStep: false
19:51:11.296 [FXGL Background Thread 3 ] DEBUG Engine               - isUserProfileEnabled: false
19:51:11.297 [FXGL Background Thread 3 ] DEBUG Engine               - isWindows: true
19:51:11.297 [FXGL Background Thread 3 ] DEBUG Engine               - language: ObjectProperty [value: ENGLISH]
19:51:11.297 [FXGL Background Thread 3 ] DEBUG Engine               - menuKey: ESCAPE
19:51:11.297 [FXGL Background Thread 3 ] DEBUG Engine               - mouseSensitivity: 0.2
19:51:11.297 [FXGL Background Thread 3 ] DEBUG Engine               - notificationViewClass: class com.almasb.fxgl.notification.view.XboxNotificationView
19:51:11.297 [FXGL Background Thread 3 ] DEBUG Engine               - pixelsPerMeter: 50.0
19:51:11.297 [FXGL Background Thread 3 ] DEBUG Engine               - platform: WINDOWS
19:51:11.297 [FXGL Background Thread 3 ] DEBUG Engine               - prefHeightProperty: ReadOnlyDoubleProperty [value: 720.0]
19:51:11.297 [FXGL Background Thread 3 ] DEBUG Engine               - prefWidthProperty: ReadOnlyDoubleProperty [value: 1280.0]
19:51:11.297 [FXGL Background Thread 3 ] DEBUG Engine               - profileDir: profiles/
19:51:11.297 [FXGL Background Thread 3 ] DEBUG Engine               - profileName: StringProperty [value: DEFAULT]
19:51:11.297 [FXGL Background Thread 3 ] DEBUG Engine               - randomSeed: -1
19:51:11.298 [FXGL Background Thread 3 ] DEBUG Engine               - runtimeInfo: RuntimeInfo(platform=WINDOWS, version=21.1, build=27.03.2024 07.52)
19:51:11.298 [FXGL Background Thread 3 ] DEBUG Engine               - saveFileExt: sav
19:51:11.298 [FXGL Background Thread 3 ] DEBUG Engine               - scaledHeightProp$fxgl: DoubleProperty [bound, value: 1080.0]
19:51:11.298 [FXGL Background Thread 3 ] DEBUG Engine               - scaledWidthProp$fxgl: DoubleProperty [bound, value: 1920.0]
19:51:11.298 [FXGL Background Thread 3 ] DEBUG Engine               - sceneFactory: com.oop2.typewiz.util.CustomSceneFactory@10dd3756
19:51:11.298 [FXGL Background Thread 3 ] DEBUG Engine               - secondsIn24h: 60
19:51:11.298 [FXGL Background Thread 3 ] DEBUG Engine               - soundMenuBack: menu/back.wav
19:51:11.298 [FXGL Background Thread 3 ] DEBUG Engine               - soundMenuPress: menu/press.wav
19:51:11.298 [FXGL Background Thread 3 ] DEBUG Engine               - soundMenuSelect: menu/select.wav
19:51:11.298 [FXGL Background Thread 3 ] DEBUG Engine               - soundNotification: core/notification.wav
19:51:11.298 [FXGL Background Thread 3 ] DEBUG Engine               - stageStyle: DECORATED
19:51:11.298 [FXGL Background Thread 3 ] DEBUG Engine               - supportedLanguages: [ENGLISH, FRENCH, GERMAN, HUNGARIAN, RUSSIAN]
19:51:11.298 [FXGL Background Thread 3 ] DEBUG Engine               - ticksPerSecond: -1
19:51:11.298 [FXGL Background Thread 3 ] DEBUG Engine               - title: TypeWiz
19:51:11.298 [FXGL Background Thread 3 ] DEBUG Engine               - urlGithub: https://github.com/AlmasB/FXGL
19:51:11.299 [FXGL Background Thread 3 ] DEBUG Engine               - urlLeaderboard: http://fxgl-top.herokuapp.com/
19:51:11.299 [FXGL Background Thread 3 ] DEBUG Engine               - urlPOM: https://raw.githubusercontent.com/AlmasB/FXGL/release/README.md
19:51:11.299 [FXGL Background Thread 3 ] DEBUG Engine               - userAppClass: class com.oop2.typewiz.TypeWizApp
19:51:11.299 [FXGL Background Thread 3 ] DEBUG Engine               - version: 0.0
19:51:11.299 [FXGL Background Thread 3 ] DEBUG Engine               - versionCheckDays: 7
19:51:11.299 [FXGL Background Thread 3 ] DEBUG Engine               - width: 1280
19:51:11.299 [FXGL Background Thread 3 ] DEBUG Engine               - Logging services
19:51:11.299 [FXGL Background Thread 3 ] DEBUG Engine               - class com.almasb.fxgl.app.services.FXGLAssetLoaderService
19:51:11.299 [FXGL Background Thread 3 ] DEBUG Engine               - class com.almasb.fxgl.app.FXGLApplication$GameApplicationService
19:51:11.299 [FXGL Background Thread 3 ] DEBUG Engine               - class com.almasb.fxgl.app.services.FXGLDialogService
19:51:11.299 [FXGL Background Thread 3 ] DEBUG Engine               - class com.almasb.fxgl.app.services.IOTaskExecutorService
19:51:11.299 [FXGL Background Thread 3 ] DEBUG Engine               - class com.almasb.fxgl.io.FileSystemService
19:51:11.299 [FXGL Background Thread 3 ] DEBUG Engine               - class com.almasb.fxgl.localization.LocalizationService
19:51:11.299 [FXGL Background Thread 3 ] DEBUG Engine               - class com.almasb.fxgl.app.services.SystemBundleService
19:51:11.299 [FXGL Background Thread 3 ] DEBUG Engine               - class com.almasb.fxgl.profile.SaveLoadService
19:51:11.299 [FXGL Background Thread 3 ] DEBUG Engine               - class com.almasb.fxgl.ui.FXGLUIFactoryServiceProvider
19:51:11.299 [FXGL Background Thread 3 ] DEBUG Engine               - class com.almasb.fxgl.ui.FXGLDialogFactoryServiceProvider
19:51:11.299 [FXGL Background Thread 3 ] DEBUG Engine               - class com.almasb.fxgl.audio.AudioPlayer
19:51:11.300 [FXGL Background Thread 3 ] DEBUG Engine               - class com.almasb.fxgl.notification.impl.NotificationServiceProvider
19:51:11.300 [FXGL Background Thread 3 ] DEBUG Engine               - class com.almasb.fxgl.achievement.AchievementService
19:51:11.300 [FXGL Background Thread 3 ] DEBUG Engine               - class com.almasb.fxgl.cutscene.CutsceneService
19:51:11.300 [FXGL Background Thread 3 ] DEBUG Engine               - class com.almasb.fxgl.minigames.MiniGameService
19:51:11.300 [FXGL Background Thread 3 ] DEBUG Engine               - class com.almasb.fxgl.net.NetService
19:51:11.300 [FXGL Background Thread 3 ] DEBUG Engine               - class com.almasb.fxgl.app.services.UpdaterService
19:51:11.300 [FXGL Background Thread 3 ] DEBUG Engine               - class com.almasb.fxgl.dev.DevService
19:51:13.293 [JavaFX Application Thread] DEBUG FXGLAssetLoaderServi - Loading from file system: file:/C:/Users/RYLE/Downloads/OOP2-Capstone/target/classes/assets/sounds/sound-library/hover.wav
19:51:13.589 [JavaFX Application Thread] DEBUG FXGLAssetLoaderServi - Loading from file system: file:/C:/Users/RYLE/Downloads/OOP2-Capstone/target/classes/assets/sounds/sound-library/click.wav
19:51:13.791 [JavaFX Application Thread] DEBUG FXGLAssetLoaderServi - Loading from file system: file:/C:/Users/RYLE/Downloads/OOP2-Capstone/target/classes/assets/music/magic.wav
19:51:13.803 [JavaFX Application Thread] DEBUG AudioPlayer          - Playing music com.almasb.fxgl.audio.Music@3bc9c570
19:51:13.867 [JavaFX Application Thread] DEBUG PrimaryStageWindow   - Push state: LoadingScreen
19:51:13.867 [JavaFX Application Thread] DEBUG Input                - Clearing active input actions
19:51:13.868 [JavaFX Application Thread] DEBUG GameApplicationServi - Removing overlay from LoginScreen and adding to LoadingScreen
19:51:13.868 [JavaFX Application Thread] DEBUG PrimaryStageWindow   - LoginScreen -> LoadingScreen
19:51:13.868 [JavaFX Application Thread] DEBUG FXGLAssetLoaderServi - Loading from file system: file:/C:/Users/RYLE/Downloads/OOP2-Capstone/target/classes/assets/textures/magicbook.png
19:51:13.872 [JavaFX Application Thread] DEBUG FXGLAssetLoaderServi - Loading from file system: file:/C:/Users/RYLE/Downloads/OOP2-Capstone/target/classes/assets/textures/magicbook_hover.png
19:51:16.870 [JavaFX Application Thread] DEBUG FXGLAssetLoaderServi - Loading from file system: file:/C:/Users/RYLE/Downloads/OOP2-Capstone/target/classes/assets/music/bgm.mp3
19:51:16.873 [JavaFX Application Thread] DEBUG FXGLAssetLoaderServi - Loading from file system: file:/C:/Users/RYLE/Downloads/OOP2-Capstone/target/classes/assets/music/bgm2.mp3
19:51:16.875 [JavaFX Application Thread] DEBUG FXGLAssetLoaderServi - Loading from file system: file:/C:/Users/RYLE/Downloads/OOP2-Capstone/target/classes/assets/sounds/sound-library/type.mp3
19:51:16.877 [JavaFX Application Thread] DEBUG FXGLAssetLoaderServi - Loading from file system: file:/C:/Users/RYLE/Downloads/OOP2-Capstone/target/classes/assets/sounds/sound-library/death.mp3
19:51:16.878 [JavaFX Application Thread] DEBUG FXGLAssetLoaderServi - Loading from file system: file:/C:/Users/RYLE/Downloads/OOP2-Capstone/target/classes/assets/sounds/sound-library/gameover.wav
19:51:16.880 [JavaFX Application Thread] DEBUG FXGLAssetLoaderServi - Loading from file system: file:/C:/Users/RYLE/Downloads/OOP2-Capstone/target/classes/assets/sounds/sound-library/victory.mp3
19:51:16.881 [JavaFX Application Thread] DEBUG FXGLAssetLoaderServi - Loading from file system: file:/C:/Users/RYLE/Downloads/OOP2-Capstone/target/classes/assets/sounds/sound-library/wave.mp3
19:51:16.882 [JavaFX Application Thread] DEBUG FXGLAssetLoaderServi - Loading from file system: file:/C:/Users/RYLE/Downloads/OOP2-Capstone/target/classes/assets/sounds/sound-library/flappingsfx.wav
19:51:16.884 [JavaFX Application Thread] DEBUG FXGLAssetLoaderServi - Loading from file system: file:/C:/Users/RYLE/Downloads/OOP2-Capstone/target/classes/assets/sounds/sound-library/error.mp3
19:51:16.886 [JavaFX Application Thread] DEBUG FXGLAssetLoaderServi - Loading from file system: file:/C:/Users/RYLE/Downloads/OOP2-Capstone/target/classes/assets/sounds/sound-library/spacebar.mp3
19:51:16.887 [JavaFX Application Thread] DEBUG FXGLAssetLoaderServi - Loading from file system: file:/C:/Users/RYLE/Downloads/OOP2-Capstone/target/classes/assets/sounds/sound-library/shift.mp3
19:51:16.889 [JavaFX Application Thread] DEBUG FXGLAssetLoaderServi - Loading from file system: file:/C:/Users/RYLE/Downloads/OOP2-Capstone/target/classes/assets/sounds/sound-library/damage.mp3
19:51:16.898 [JavaFX Application Thread] DEBUG AudioPlayer          - Playing music com.almasb.fxgl.audio.Music@35dd2473
19:51:16.904 [JavaFX Application Thread] DEBUG AudioPlayer          - Playing music com.almasb.fxgl.audio.Music@35dd2473
19:51:16.904 [JavaFX Application Thread] DEBUG PrimaryStageWindow   - Push state: MainMenuScreen
19:51:16.904 [JavaFX Application Thread] DEBUG Input                - Clearing active input actions
19:51:16.905 [JavaFX Application Thread] DEBUG GameApplicationServi - Removing overlay from LoadingScreen and adding to MainMenuScreen
19:51:16.905 [JavaFX Application Thread] DEBUG PrimaryStageWindow   - LoadingScreen -> MainMenuScreen
19:51:17.948 [JavaFX Application Thread] DEBUG PrimaryStageWindow   - Push state: DifficultyMenuScreen
19:51:17.948 [JavaFX Application Thread] DEBUG Input                - Clearing active input actions
19:51:17.948 [JavaFX Application Thread] DEBUG GameApplicationServi - Removing overlay from MainMenuScreen and adding to DifficultyMenuScreen
19:51:17.949 [JavaFX Application Thread] DEBUG PrimaryStageWindow   - MainMenuScreen -> DifficultyMenuScreen
19:51:18.989 [JavaFX Application Thread] DEBUG GameApplicationServi - Starting new game
19:51:18.989 [JavaFX Application Thread] DEBUG PrimaryStageWindow   - Pop state: DifficultyMenuScreen
19:51:18.989 [JavaFX Application Thread] DEBUG Input                - Clearing active input actions
19:51:18.990 [JavaFX Application Thread] DEBUG GameApplicationServi - Removing overlay from DifficultyMenuScreen and adding to MainMenuScreen
19:51:18.991 [JavaFX Application Thread] DEBUG PrimaryStageWindow   - MainMenuScreen <- DifficultyMenuScreen
19:51:18.991 [JavaFX Application Thread] DEBUG PrimaryStageWindow   - Pop state: MainMenuScreen
19:51:18.992 [JavaFX Application Thread] DEBUG Input                - Clearing active input actions
19:51:18.992 [JavaFX Application Thread] DEBUG GameApplicationServi - Removing overlay from MainMenuScreen and adding to LoadingScreen
19:51:18.992 [JavaFX Application Thread] DEBUG PrimaryStageWindow   - LoadingScreen <- MainMenuScreen
19:51:18.992 [JavaFX Application Thread] DEBUG PrimaryStageWindow   - Pop state: LoadingScreen
19:51:18.992 [JavaFX Application Thread] DEBUG Input                - Clearing active input actions
19:51:18.992 [JavaFX Application Thread] DEBUG GameApplicationServi - Removing overlay from LoadingScreen and adding to LoginScreen
19:51:18.992 [JavaFX Application Thread] DEBUG PrimaryStageWindow   - LoginScreen <- LoadingScreen
19:51:18.992 [JavaFX Application Thread] DEBUG PrimaryStageWindow   - Pop state: LoginScreen
19:51:18.992 [JavaFX Application Thread] DEBUG Input                - Clearing active input actions
19:51:18.992 [JavaFX Application Thread] DEBUG GameApplicationServi - Removing overlay from LoginScreen and adding to FXGLMainMenuDummyScene
19:51:18.993 [JavaFX Application Thread] DEBUG PrimaryStageWindow   - FXGLMainMenuDummyScene <- LoginScreen
19:51:18.993 [JavaFX Application Thread] DEBUG Input                - Clearing active input actions
19:51:18.997 [JavaFX Application Thread] DEBUG GameApplicationServi - Removing overlay from FXGLMainMenuDummyScene and adding to FXGLLoadingScene
19:51:18.997 [JavaFX Application Thread] DEBUG PrimaryStageWindow   - FXGLMainMenuDummyScene -> FXGLLoadingScene
19:51:18.997 [JavaFX Application Thread] DEBUG GameApplicationServi - Clearing previous game
19:51:18.997 [JavaFX Application Thread] DEBUG GameScene            - Clearing game scene
19:51:18.997 [JavaFX Application Thread] DEBUG GameWorld            - Clearing game world
19:51:18.998 [JavaFX Application Thread] DEBUG PhysicsWorld         - Clearing physics world
19:51:19.000 [FXGL Background Thread 2 ] DEBUG FXGLApplication      - Initializing game
19:51:19.028 [FXGL Background Thread 2 ] DEBUG FXGLAssetLoaderServi - Loading from file system: file:/C:/Users/RYLE/Downloads/OOP2-Capstone/target/classes/assets/textures/background-and-platforms/bg-midnightpurple_1280_720.png
19:51:19.076 [FXGL Background Thread 2 ] DEBUG FXGLAssetLoaderServi - Loading from file system: file:/C:/Users/RYLE/Downloads/OOP2-Capstone/target/classes/assets/textures/background-and-platforms/hdlargerplatform-purple.png
19:51:19.127 [FXGL Background Thread 2 ] DEBUG FXGLAssetLoaderServi - Loading from file system: file:/C:/Users/RYLE/Downloads/OOP2-Capstone/target/classes/assets/textures/wizard/wizard.png
19:51:19.177 [FXGL Background Thread 2 ] DEBUG FXGLAssetLoaderServi - Loading from file system: file:/C:/Users/RYLE/Downloads/OOP2-Capstone/target/classes/assets/textures/mobs/gargoyle/gargoyle.png
19:51:19.188 [FXGL Background Thread 2 ] DEBUG FXGLAssetLoaderServi - Loading from file system: file:/C:/Users/RYLE/Downloads/OOP2-Capstone/target/classes/assets/textures/mobs/grimouge/grimouge.png
19:51:19.226 [FXGL Background Thread 2 ] DEBUG FXGLAssetLoaderServi - Loading from file system: file:/C:/Users/RYLE/Downloads/OOP2-Capstone/target/classes/assets/textures/mobs/vyleye/vyleye.png
19:51:19.261 [FXGL Background Thread 2 ] DEBUG AudioPlayer          - Stopping music com.almasb.fxgl.audio.Music@35dd2473
19:51:19.263 [FXGL Background Thread 2 ] DEBUG AudioPlayer          - Playing music com.almasb.fxgl.audio.Music@3ce3e91
19:51:19.296 [FXGL Background Thread 2 ] INFO  FXGLApplication      - Game initialization took: 0.295 sec
19:51:19.301 [JavaFX Application Thread] DEBUG Input                - Clearing active input actions
19:51:19.305 [JavaFX Application Thread] DEBUG GameApplicationServi - Removing overlay from FXGLLoadingScene and adding to GameScene
19:51:19.306 [JavaFX Application Thread] DEBUG PrimaryStageWindow   - FXGLLoadingScene -> GameScene
19:51:21.000 [JavaFX Application Thread] DEBUG AudioPlayer          - Stopping music com.almasb.fxgl.audio.Music@35dd2473
19:52:44.840 [JavaFX Application Thread] DEBUG AudioPlayer          - Stopping music com.almasb.fxgl.audio.Music@3ce3e91
19:52:44.841 [JavaFX Application Thread] DEBUG AudioPlayer          - Playing music com.almasb.fxgl.audio.Music@35dd2473
19:52:44.843 [JavaFX Application Thread] DEBUG AudioPlayer          - Playing music com.almasb.fxgl.audio.Music@35dd2473
19:52:44.843 [JavaFX Application Thread] DEBUG PrimaryStageWindow   - Push state: MainMenuScreen
19:52:44.843 [JavaFX Application Thread] DEBUG Input                - Clearing active input actions
19:52:44.844 [JavaFX Application Thread] DEBUG GameApplicationServi - Removing overlay from GameScene and adding to MainMenuScreen
19:52:44.844 [JavaFX Application Thread] DEBUG PrimaryStageWindow   - GameScene -> MainMenuScreen
19:52:48.360 [JavaFX Application Thread] DEBUG FXGLApplication      - Exiting FXGL
19:52:48.360 [JavaFX Application Thread] DEBUG LoopRunner           - Stopping loop
19:52:48.360 [JavaFX Application Thread] DEBUG SystemBundleService  - Saving FXGL system data
19:52:48.363 [JavaFX Application Thread] DEBUG FileSystemAccess     - Writing to: C:\Users\RYLE\Downloads\OOP2-Capstone\system\fxgl.bundle
19:52:48.364 [JavaFX Application Thread] DEBUG Async                - Shutting down background threads
19:52:48.365 [JavaFX Application Thread] DEBUG PrimaryStageWindow   - Closing main window
19:52:48.393 [JavaFX Application Thread] DEBUG Logger               - Closing Logger
