19:40:19.188 [main                     ] DEBUG Logger               - Configured Logger
19:40:19.210 [main                     ] DEBUG GameApplication      - Logging settings
Title: TypeWiz
Version: 0.0
Width: 1280
Height: 720
Fullscreen: true
Intro: false
Profiling: false
Single step:false
App Mode: DEVELOPER
Menu Key: ESCAPE
Stage Style: DECORATED
Scene Factory: class com.oop2.typewiz.util.CustomSceneFactory

19:40:19.607 [JavaFX Application Thread] DEBUG FXGLApplication      - Initializing FXGL
19:40:19.611 [JavaFX Application Thread] INFO  Engine               - FXGL-21.1 (27.03.2024 07.52) on WINDOWS (J:23.0.1 FX:19)
19:40:19.612 [JavaFX Application Thread] DEBUG Engine               - JRE Vendor Name: Oracle Corporation
19:40:19.612 [JavaFX Application Thread] DEBUG Engine               - Running on OS: Windows 10 version 10.0
19:40:19.612 [JavaFX Application Thread] DEBUG Engine               - Architecture: amd64
19:40:19.612 [JavaFX Application Thread] INFO  Engine               - Source code and latest versions at: https://github.com/AlmasB/FXGL
19:40:19.612 [JavaFX Application Thread] INFO  Engine               -       Ask questions and discuss at: https://github.com/AlmasB/FXGL/discussions
19:40:19.612 [JavaFX Application Thread] INFO  Engine               -              Join the FXGL chat at: https://gitter.im/AlmasB/FXGL
19:40:19.699 [JavaFX Application Thread] DEBUG PrimaryStageWindow   - Creating a JavaFX scene
19:40:19.739 [JavaFX Application Thread] DEBUG PrimaryStageWindow   - Target settings size: 1280.0 x 720.0
19:40:19.740 [JavaFX Application Thread] DEBUG PrimaryStageWindow   - Scaled scene size:    1280.0 x 720.0
19:40:19.740 [JavaFX Application Thread] DEBUG PrimaryStageWindow   - Scaled ratio: (1.0, 1.0)
19:40:19.741 [JavaFX Application Thread] DEBUG PrimaryStageWindow   - Set initial scene to FXGLStartupScene
19:40:19.745 [JavaFX Application Thread] DEBUG PrimaryStageWindow   - Opening main window
19:40:19.813 [JavaFX Application Thread] DEBUG PrimaryStageWindow   - Window border size: (16.0, 39.0)
19:40:19.813 [JavaFX Application Thread] DEBUG PrimaryStageWindow   - Scaled size: 1280.0 x 720.0
19:40:19.813 [JavaFX Application Thread] DEBUG PrimaryStageWindow   - Scaled ratio: (1.0, 1.0)
19:40:19.813 [JavaFX Application Thread] DEBUG PrimaryStageWindow   - Scene size: 1280.0 x 720.0
19:40:19.813 [JavaFX Application Thread] DEBUG PrimaryStageWindow   - Stage size: 1296.0 x 759.0
19:40:19.860 [JavaFX Application Thread] DEBUG PrimaryStageWindow   - Going fullscreen
19:40:19.869 [FXGL Background Thread 1 ] DEBUG Engine               - Initializing environment variables
19:40:19.940 [FXGL Background Thread 1 ] DEBUG FXGLAssetLoaderServi - User app class for loading assets: class com.oop2.typewiz.TypeWizApp
19:40:19.940 [FXGL Background Thread 1 ] DEBUG GameApplicationServi - Applying CSS: fxgl_dark.css
19:40:19.941 [FXGL Background Thread 1 ] DEBUG FXGLAssetLoaderServi - Loading from file system: jar:file:///C:/Users/RYLE/.m2/repository/com/github/almasb/fxgl/21.1/fxgl-21.1.jar!/fxglassets/ui/css/fxgl_dark.css
19:40:19.975 [FXGL Background Thread 1 ] DEBUG GameApplicationServi - Initializing application scenes
19:40:20.005 [FXGL Background Thread 1 ] DEBUG GameWorld            - Game world initialized
19:40:20.065 [FXGL Background Thread 1 ] DEBUG PhysicsWorld         - Physics world initialized: appHeight=720, physics.ppm=50.0
19:40:20.065 [FXGL Background Thread 1 ] DEBUG PhysicsWorld         - Using strategy: BRUTE_FORCE
19:40:20.069 [FXGL Background Thread 1 ] DEBUG GameScene            - Game scene initialized: 1280x720
19:40:20.365 [FXGL Background Thread 1 ] DEBUG GameApplicationServi - Application scenes initialized
19:40:20.378 [FXGL Background Thread 1 ] DEBUG SystemBundleService  - Loading FXGL system data
19:40:20.383 [FXGL Background Thread 1 ] DEBUG FileSystemAccess     - Reading from: C:\Users\RYLE\Downloads\OOP2-Capstone\system\fxgl.bundle
19:40:20.392 [FXGL Background Thread 1 ] DEBUG SystemBundleService  - Bundle FXGL: {}
19:40:20.392 [FXGL Background Thread 1 ] DEBUG UpdaterService       - Checking for updates
19:40:20.397 [FXGL Background Thread 4 ] DEBUG FXGLApplication      - Loading fonts
19:40:20.397 [FXGL Background Thread 1 ] DEBUG FXGLApplication      - Loading default localization
19:40:20.397 [FXGL Background Thread 4 ] DEBUG FXGLAssetLoaderServi - Loading from file system: jar:file:///C:/Users/RYLE/.m2/repository/com/github/almasb/fxgl/21.1/fxgl-21.1.jar!/fxglassets/ui/fonts/VarelaRound-Regular.ttf
19:40:20.398 [FXGL Background Thread 1 ] DEBUG FXGLAssetLoaderServi - Loading from file system: jar:file:///C:/Users/RYLE/.m2/repository/com/github/almasb/fxgl/21.1/fxgl-21.1.jar!/fxglassets/languages/english.lang
19:40:20.423 [FXGL Background Thread 1 ] INFO  FXGLApplication      - FXGL initialization took: 0.554 sec
19:40:20.425 [JavaFX Application Thread] DEBUG FXGLAssetLoaderServi - Loading from file system: jar:file:///C:/Users/RYLE/.m2/repository/com/github/almasb/fxgl/21.1/fxgl-21.1.jar!/fxglassets/textures/fxgl_icon.png
19:40:20.438 [JavaFX Application Thread] DEBUG FXGLAssetLoaderServi - Loading from file system: jar:file:///C:/Users/RYLE/.m2/repository/com/github/almasb/fxgl/21.1/fxgl-21.1.jar!/fxglassets/textures/fxgl_default_cursor.png
19:40:20.441 [FXGL Background Thread 4 ] DEBUG FXGLAssetLoaderServi - Loading from file system: jar:file:///C:/Users/RYLE/.m2/repository/com/github/almasb/fxgl/21.1/fxgl-21.1.jar!/fxglassets/ui/fonts/Abel-Regular.ttf
19:40:20.451 [JavaFX Application Thread] DEBUG Input                - Registered new binding: Screenshot - CTRL+8
19:40:20.451 [JavaFX Application Thread] DEBUG Input                - Registered new binding: System info dump - CTRL+9
19:40:20.452 [JavaFX Application Thread] DEBUG Input                - Registered new binding: Restart - CTRL+R
19:40:20.452 [JavaFX Application Thread] DEBUG Input                - Registered new binding: Toggle Debug Camera - CTRL+7
19:40:20.456 [JavaFX Application Thread] DEBUG LoopRunner           - Starting loop
19:40:20.456 [JavaFX Application Thread] DEBUG LoopRunner           - Initializing JavaFX AnimationTimerLoop
19:40:20.459 [JavaFX Application Thread] DEBUG Input                - Clearing active input actions
19:40:20.461 [FXGL Background Thread 4 ] DEBUG FXGLAssetLoaderServi - Loading from file system: jar:file:///C:/Users/RYLE/.m2/repository/com/github/almasb/fxgl/21.1/fxgl-21.1.jar!/fxglassets/ui/fonts/TerminalLandMono-Regular.otf
19:40:20.466 [JavaFX Application Thread] DEBUG GameApplicationServi - Removing overlay from FXGLStartupScene and adding to FXGLMainMenuDummyScene
19:40:20.467 [JavaFX Application Thread] DEBUG PrimaryStageWindow   - FXGLStartupScene -> FXGLMainMenuDummyScene
19:40:20.467 [JavaFX Application Thread] DEBUG PrimaryStageWindow   - Push state: LoginScreen
19:40:20.467 [JavaFX Application Thread] DEBUG Input                - Clearing active input actions
19:40:20.480 [FXGL Background Thread 4 ] DEBUG FXGLAssetLoaderServi - Loading from file system: jar:file:///C:/Users/RYLE/.m2/repository/com/github/almasb/fxgl/21.1/fxgl-21.1.jar!/fxglassets/ui/fonts/Courier-Prime.ttf
19:40:20.487 [JavaFX Application Thread] DEBUG GameApplicationServi - Removing overlay from FXGLMainMenuDummyScene and adding to LoginScreen
19:40:20.488 [JavaFX Application Thread] DEBUG PrimaryStageWindow   - FXGLMainMenuDummyScene -> LoginScreen
19:40:20.729 [JavaFX Application Thread] DEBUG FXGLApplication      - Registering font factories with UI factory
19:40:22.362 [JavaFX Application Thread] DEBUG FXGLAssetLoaderServi - Loading from file system: file:/C:/Users/RYLE/Downloads/OOP2-Capstone/target/classes/assets/sounds/sound-library/hover.wav
19:40:23.396 [FXGL Background Thread 3 ] DEBUG Engine               - Logging environment variables
19:40:23.398 [FXGL Background Thread 3 ] DEBUG Engine               - achievements: []
19:40:23.398 [FXGL Background Thread 3 ] DEBUG Engine               - actualHeight: 1080.0
19:40:23.398 [FXGL Background Thread 3 ] DEBUG Engine               - actualHeightProperty: ReadOnlyDoubleProperty [value: 1080.0]
19:40:23.399 [FXGL Background Thread 3 ] DEBUG Engine               - actualWidth: 1920.0
19:40:23.399 [FXGL Background Thread 3 ] DEBUG Engine               - actualWidthProperty: ReadOnlyDoubleProperty [value: 1920.0]
19:40:23.399 [FXGL Background Thread 3 ] DEBUG Engine               - appIcon: fxgl_icon.png
19:40:23.399 [FXGL Background Thread 3 ] DEBUG Engine               - applicationMode: DEVELOPER
19:40:23.400 [FXGL Background Thread 3 ] DEBUG Engine               - cSSList: [fxgl_dark.css]
19:40:23.400 [FXGL Background Thread 3 ] DEBUG Engine               - collisionDetectionStrategy: BRUTE_FORCE
19:40:23.400 [FXGL Background Thread 3 ] DEBUG Engine               - configClass: Optional.empty
19:40:23.400 [FXGL Background Thread 3 ] DEBUG Engine               - credits: []
19:40:23.405 [FXGL Background Thread 3 ] DEBUG Engine               - defaultCursor: CursorInfo(imageName=fxgl_default_cursor.png, hotspotX=7.0, hotspotY=6.0)
19:40:23.406 [FXGL Background Thread 3 ] DEBUG Engine               - devBBoxColorProperty: ObjectProperty [value: 0xff0000ff]
19:40:23.407 [FXGL Background Thread 3 ] DEBUG Engine               - devEnableDebugCameraProperty: BooleanProperty [value: false]
19:40:23.407 [FXGL Background Thread 3 ] DEBUG Engine               - devSensorColorProperty: ObjectProperty [value: 0xffff00ff]
19:40:23.408 [FXGL Background Thread 3 ] DEBUG Engine               - devShowBBoxProperty: BooleanProperty [value: false]
19:40:23.408 [FXGL Background Thread 3 ] DEBUG Engine               - devShowPositionProperty: BooleanProperty [value: false]
19:40:23.408 [FXGL Background Thread 3 ] DEBUG Engine               - enabledMenuItems: []
19:40:23.408 [FXGL Background Thread 3 ] DEBUG Engine               - engineServices: [class com.almasb.fxgl.app.services.FXGLAssetLoaderService, class com.almasb.fxgl.app.FXGLApplication$GameApplicationService, class com.almasb.fxgl.app.services.FXGLDialogService, class com.almasb.fxgl.app.services.IOTaskExecutorService, class com.almasb.fxgl.io.FileSystemService, class com.almasb.fxgl.localization.LocalizationService, class com.almasb.fxgl.app.services.SystemBundleService, class com.almasb.fxgl.profile.SaveLoadService, class com.almasb.fxgl.ui.FXGLUIFactoryServiceProvider, class com.almasb.fxgl.ui.FXGLDialogFactoryServiceProvider, class com.almasb.fxgl.audio.AudioPlayer, class com.almasb.fxgl.notification.impl.NotificationServiceProvider, class com.almasb.fxgl.achievement.AchievementService, class com.almasb.fxgl.cutscene.CutsceneService, class com.almasb.fxgl.minigames.MiniGameService, class com.almasb.fxgl.net.NetService, class com.almasb.fxgl.app.services.UpdaterService, class com.almasb.fxgl.dev.DevService]
19:40:23.409 [FXGL Background Thread 3 ] DEBUG Engine               - fontGame: Abel-Regular.ttf
19:40:23.409 [FXGL Background Thread 3 ] DEBUG Engine               - fontMono: TerminalLandMono-Regular.otf
19:40:23.409 [FXGL Background Thread 3 ] DEBUG Engine               - fontSizeScaleUI: 1.0
19:40:23.409 [FXGL Background Thread 3 ] DEBUG Engine               - fontText: Courier-Prime.ttf
19:40:23.410 [FXGL Background Thread 3 ] DEBUG Engine               - fontUI: VarelaRound-Regular.ttf
19:40:23.410 [FXGL Background Thread 3 ] DEBUG Engine               - fullScreen: BooleanProperty [value: true]
19:40:23.410 [FXGL Background Thread 3 ] DEBUG Engine               - gameDifficulty: MEDIUM
19:40:23.410 [FXGL Background Thread 3 ] DEBUG Engine               - gameDifficultyProperty: ObjectProperty [value: MEDIUM]
19:40:23.410 [FXGL Background Thread 3 ] DEBUG Engine               - globalMusicVolume: 0.5
19:40:23.411 [FXGL Background Thread 3 ] DEBUG Engine               - globalMusicVolumeProperty: DoubleProperty [value: 0.5]
19:40:23.411 [FXGL Background Thread 3 ] DEBUG Engine               - globalSoundVolume: 0.5
19:40:23.411 [FXGL Background Thread 3 ] DEBUG Engine               - globalSoundVolumeProperty: DoubleProperty [value: 0.5]
19:40:23.412 [FXGL Background Thread 3 ] DEBUG Engine               - height: 720
19:40:23.412 [FXGL Background Thread 3 ] DEBUG Engine               - is3D: false
19:40:23.412 [FXGL Background Thread 3 ] DEBUG Engine               - isAndroid: false
19:40:23.412 [FXGL Background Thread 3 ] DEBUG Engine               - isBrowser: false
19:40:23.412 [FXGL Background Thread 3 ] DEBUG Engine               - isClickFeedbackEnabled: false
19:40:23.413 [FXGL Background Thread 3 ] DEBUG Engine               - isCloseConfirmation: false
19:40:23.413 [FXGL Background Thread 3 ] DEBUG Engine               - isDesktop: true
19:40:23.413 [FXGL Background Thread 3 ] DEBUG Engine               - isDeveloperMenuEnabled: false
19:40:23.413 [FXGL Background Thread 3 ] DEBUG Engine               - isEmbedded: false
19:40:23.414 [FXGL Background Thread 3 ] DEBUG Engine               - isEntityPreloadEnabled: true
19:40:23.414 [FXGL Background Thread 3 ] DEBUG Engine               - isExperimentalTiledLargeMap: false
19:40:23.414 [FXGL Background Thread 3 ] DEBUG Engine               - isFileSystemWriteAllowed: true
19:40:23.414 [FXGL Background Thread 3 ] DEBUG Engine               - isFullScreenAllowed: true
19:40:23.414 [FXGL Background Thread 3 ] DEBUG Engine               - isFullScreenFromStart: true
19:40:23.415 [FXGL Background Thread 3 ] DEBUG Engine               - isGameMenuEnabled: false
19:40:23.415 [FXGL Background Thread 3 ] DEBUG Engine               - isIOS: false
19:40:23.415 [FXGL Background Thread 3 ] DEBUG Engine               - isIntroEnabled: false
19:40:23.415 [FXGL Background Thread 3 ] DEBUG Engine               - isLinux: false
19:40:23.415 [FXGL Background Thread 3 ] DEBUG Engine               - isMac: false
19:40:23.415 [FXGL Background Thread 3 ] DEBUG Engine               - isMainMenuEnabled: true
19:40:23.415 [FXGL Background Thread 3 ] DEBUG Engine               - isManualResizeEnabled: false
19:40:23.415 [FXGL Background Thread 3 ] DEBUG Engine               - isMobile: false
19:40:23.416 [FXGL Background Thread 3 ] DEBUG Engine               - isNative: false
19:40:23.416 [FXGL Background Thread 3 ] DEBUG Engine               - isPauseMusicWhenMinimized: true
19:40:23.416 [FXGL Background Thread 3 ] DEBUG Engine               - isPreserveResizeRatio: false
19:40:23.416 [FXGL Background Thread 3 ] DEBUG Engine               - isProfilingEnabled: false
19:40:23.416 [FXGL Background Thread 3 ] DEBUG Engine               - isScaleAffectedOnResize: true
19:40:23.416 [FXGL Background Thread 3 ] DEBUG Engine               - isSingleStep: false
19:40:23.416 [FXGL Background Thread 3 ] DEBUG Engine               - isUserProfileEnabled: false
19:40:23.416 [FXGL Background Thread 3 ] DEBUG Engine               - isWindows: true
19:40:23.417 [FXGL Background Thread 3 ] DEBUG Engine               - language: ObjectProperty [value: ENGLISH]
19:40:23.417 [FXGL Background Thread 3 ] DEBUG Engine               - menuKey: ESCAPE
19:40:23.417 [FXGL Background Thread 3 ] DEBUG Engine               - mouseSensitivity: 0.2
19:40:23.417 [FXGL Background Thread 3 ] DEBUG Engine               - notificationViewClass: class com.almasb.fxgl.notification.view.XboxNotificationView
19:40:23.417 [FXGL Background Thread 3 ] DEBUG Engine               - pixelsPerMeter: 50.0
19:40:23.418 [FXGL Background Thread 3 ] DEBUG Engine               - platform: WINDOWS
19:40:23.418 [FXGL Background Thread 3 ] DEBUG Engine               - prefHeightProperty: ReadOnlyDoubleProperty [value: 720.0]
19:40:23.418 [FXGL Background Thread 3 ] DEBUG Engine               - prefWidthProperty: ReadOnlyDoubleProperty [value: 1280.0]
19:40:23.418 [FXGL Background Thread 3 ] DEBUG Engine               - profileDir: profiles/
19:40:23.418 [FXGL Background Thread 3 ] DEBUG Engine               - profileName: StringProperty [value: DEFAULT]
19:40:23.418 [FXGL Background Thread 3 ] DEBUG Engine               - randomSeed: -1
19:40:23.419 [FXGL Background Thread 3 ] DEBUG Engine               - runtimeInfo: RuntimeInfo(platform=WINDOWS, version=21.1, build=27.03.2024 07.52)
19:40:23.419 [FXGL Background Thread 3 ] DEBUG Engine               - saveFileExt: sav
19:40:23.419 [FXGL Background Thread 3 ] DEBUG Engine               - scaledHeightProp$fxgl: DoubleProperty [bound, value: 1080.0]
19:40:23.419 [FXGL Background Thread 3 ] DEBUG Engine               - scaledWidthProp$fxgl: DoubleProperty [bound, value: 1920.0]
19:40:23.419 [FXGL Background Thread 3 ] DEBUG Engine               - sceneFactory: com.oop2.typewiz.util.CustomSceneFactory@4334dd0c
19:40:23.419 [FXGL Background Thread 3 ] DEBUG Engine               - secondsIn24h: 60
19:40:23.419 [FXGL Background Thread 3 ] DEBUG Engine               - soundMenuBack: menu/back.wav
19:40:23.420 [FXGL Background Thread 3 ] DEBUG Engine               - soundMenuPress: menu/press.wav
19:40:23.420 [FXGL Background Thread 3 ] DEBUG Engine               - soundMenuSelect: menu/select.wav
19:40:23.420 [FXGL Background Thread 3 ] DEBUG Engine               - soundNotification: core/notification.wav
19:40:23.420 [FXGL Background Thread 3 ] DEBUG Engine               - stageStyle: DECORATED
19:40:23.420 [FXGL Background Thread 3 ] DEBUG Engine               - supportedLanguages: [ENGLISH, FRENCH, GERMAN, HUNGARIAN, RUSSIAN]
19:40:23.420 [FXGL Background Thread 3 ] DEBUG Engine               - ticksPerSecond: -1
19:40:23.420 [FXGL Background Thread 3 ] DEBUG Engine               - title: TypeWiz
19:40:23.420 [FXGL Background Thread 3 ] DEBUG Engine               - urlGithub: https://github.com/AlmasB/FXGL
19:40:23.420 [FXGL Background Thread 3 ] DEBUG Engine               - urlLeaderboard: http://fxgl-top.herokuapp.com/
19:40:23.420 [FXGL Background Thread 3 ] DEBUG Engine               - urlPOM: https://raw.githubusercontent.com/AlmasB/FXGL/release/README.md
19:40:23.420 [FXGL Background Thread 3 ] DEBUG Engine               - userAppClass: class com.oop2.typewiz.TypeWizApp
19:40:23.421 [FXGL Background Thread 3 ] DEBUG Engine               - version: 0.0
19:40:23.421 [FXGL Background Thread 3 ] DEBUG Engine               - versionCheckDays: 7
19:40:23.421 [FXGL Background Thread 3 ] DEBUG Engine               - width: 1280
19:40:23.421 [FXGL Background Thread 3 ] DEBUG Engine               - Logging services
19:40:23.421 [FXGL Background Thread 3 ] DEBUG Engine               - class com.almasb.fxgl.app.services.FXGLAssetLoaderService
19:40:23.421 [FXGL Background Thread 3 ] DEBUG Engine               - class com.almasb.fxgl.app.FXGLApplication$GameApplicationService
19:40:23.421 [FXGL Background Thread 3 ] DEBUG Engine               - class com.almasb.fxgl.app.services.FXGLDialogService
19:40:23.421 [FXGL Background Thread 3 ] DEBUG Engine               - class com.almasb.fxgl.app.services.IOTaskExecutorService
19:40:23.421 [FXGL Background Thread 3 ] DEBUG Engine               - class com.almasb.fxgl.io.FileSystemService
19:40:23.423 [FXGL Background Thread 3 ] DEBUG Engine               - class com.almasb.fxgl.localization.LocalizationService
19:40:23.423 [FXGL Background Thread 3 ] DEBUG Engine               - class com.almasb.fxgl.app.services.SystemBundleService
19:40:23.423 [FXGL Background Thread 3 ] DEBUG Engine               - class com.almasb.fxgl.profile.SaveLoadService
19:40:23.423 [FXGL Background Thread 3 ] DEBUG Engine               - class com.almasb.fxgl.ui.FXGLUIFactoryServiceProvider
19:40:23.423 [FXGL Background Thread 3 ] DEBUG Engine               - class com.almasb.fxgl.ui.FXGLDialogFactoryServiceProvider
19:40:23.423 [FXGL Background Thread 3 ] DEBUG Engine               - class com.almasb.fxgl.audio.AudioPlayer
19:40:23.423 [FXGL Background Thread 3 ] DEBUG Engine               - class com.almasb.fxgl.notification.impl.NotificationServiceProvider
19:40:23.423 [FXGL Background Thread 3 ] DEBUG Engine               - class com.almasb.fxgl.achievement.AchievementService
19:40:23.423 [FXGL Background Thread 3 ] DEBUG Engine               - class com.almasb.fxgl.cutscene.CutsceneService
19:40:23.423 [FXGL Background Thread 3 ] DEBUG Engine               - class com.almasb.fxgl.minigames.MiniGameService
19:40:23.424 [FXGL Background Thread 3 ] DEBUG Engine               - class com.almasb.fxgl.net.NetService
19:40:23.424 [FXGL Background Thread 3 ] DEBUG Engine               - class com.almasb.fxgl.app.services.UpdaterService
19:40:23.424 [FXGL Background Thread 3 ] DEBUG Engine               - class com.almasb.fxgl.dev.DevService
19:40:24.239 [JavaFX Application Thread] DEBUG FXGLAssetLoaderServi - Loading from file system: file:/C:/Users/RYLE/Downloads/OOP2-Capstone/target/classes/assets/sounds/sound-library/click.wav
19:40:24.286 [JavaFX Application Thread] DEBUG FXGLAssetLoaderServi - Loading from file system: file:/C:/Users/RYLE/Downloads/OOP2-Capstone/target/classes/assets/music/magic.wav
19:40:24.306 [JavaFX Application Thread] DEBUG AudioPlayer          - Playing music com.almasb.fxgl.audio.Music@513f893d
19:40:24.369 [JavaFX Application Thread] DEBUG PrimaryStageWindow   - Push state: LoadingScreen
19:40:24.369 [JavaFX Application Thread] DEBUG Input                - Clearing active input actions
19:40:24.370 [JavaFX Application Thread] DEBUG GameApplicationServi - Removing overlay from LoginScreen and adding to LoadingScreen
19:40:24.370 [JavaFX Application Thread] DEBUG PrimaryStageWindow   - LoginScreen -> LoadingScreen
19:40:24.370 [JavaFX Application Thread] DEBUG FXGLAssetLoaderServi - Loading from file system: file:/C:/Users/RYLE/Downloads/OOP2-Capstone/target/classes/assets/textures/magicbook.png
19:40:24.374 [JavaFX Application Thread] DEBUG FXGLAssetLoaderServi - Loading from file system: file:/C:/Users/RYLE/Downloads/OOP2-Capstone/target/classes/assets/textures/magicbook_hover.png
19:40:27.420 [JavaFX Application Thread] DEBUG FXGLAssetLoaderServi - Loading from file system: file:/C:/Users/RYLE/Downloads/OOP2-Capstone/target/classes/assets/music/bgm.mp3
19:40:27.435 [JavaFX Application Thread] DEBUG FXGLAssetLoaderServi - Loading from file system: file:/C:/Users/RYLE/Downloads/OOP2-Capstone/target/classes/assets/music/bgm2.mp3
19:40:27.460 [JavaFX Application Thread] DEBUG FXGLAssetLoaderServi - Loading from file system: file:/C:/Users/RYLE/Downloads/OOP2-Capstone/target/classes/assets/sounds/sound-library/type.mp3
19:40:27.469 [JavaFX Application Thread] DEBUG FXGLAssetLoaderServi - Loading from file system: file:/C:/Users/RYLE/Downloads/OOP2-Capstone/target/classes/assets/sounds/sound-library/death.mp3
19:40:27.478 [JavaFX Application Thread] DEBUG FXGLAssetLoaderServi - Loading from file system: file:/C:/Users/RYLE/Downloads/OOP2-Capstone/target/classes/assets/sounds/sound-library/gameover.wav
19:40:27.489 [JavaFX Application Thread] DEBUG FXGLAssetLoaderServi - Loading from file system: file:/C:/Users/RYLE/Downloads/OOP2-Capstone/target/classes/assets/sounds/sound-library/victory.mp3
19:40:27.500 [JavaFX Application Thread] DEBUG FXGLAssetLoaderServi - Loading from file system: file:/C:/Users/RYLE/Downloads/OOP2-Capstone/target/classes/assets/sounds/sound-library/wave.mp3
19:40:27.512 [JavaFX Application Thread] DEBUG FXGLAssetLoaderServi - Loading from file system: file:/C:/Users/RYLE/Downloads/OOP2-Capstone/target/classes/assets/sounds/sound-library/flappingsfx.wav
19:40:27.524 [JavaFX Application Thread] DEBUG FXGLAssetLoaderServi - Loading from file system: file:/C:/Users/RYLE/Downloads/OOP2-Capstone/target/classes/assets/sounds/sound-library/error.mp3
19:40:27.534 [JavaFX Application Thread] DEBUG FXGLAssetLoaderServi - Loading from file system: file:/C:/Users/RYLE/Downloads/OOP2-Capstone/target/classes/assets/sounds/sound-library/spacebar.mp3
19:40:27.544 [JavaFX Application Thread] DEBUG FXGLAssetLoaderServi - Loading from file system: file:/C:/Users/RYLE/Downloads/OOP2-Capstone/target/classes/assets/sounds/sound-library/shift.mp3
19:40:27.552 [JavaFX Application Thread] DEBUG FXGLAssetLoaderServi - Loading from file system: file:/C:/Users/RYLE/Downloads/OOP2-Capstone/target/classes/assets/sounds/sound-library/damage.mp3
19:40:27.560 [JavaFX Application Thread] DEBUG AudioPlayer          - Playing music com.almasb.fxgl.audio.Music@7fa1607e
19:40:27.567 [JavaFX Application Thread] DEBUG AudioPlayer          - Playing music com.almasb.fxgl.audio.Music@7fa1607e
19:40:27.567 [JavaFX Application Thread] DEBUG PrimaryStageWindow   - Push state: MainMenuScreen
19:40:27.567 [JavaFX Application Thread] DEBUG Input                - Clearing active input actions
19:40:27.567 [JavaFX Application Thread] DEBUG GameApplicationServi - Removing overlay from LoadingScreen and adding to MainMenuScreen
19:40:27.567 [JavaFX Application Thread] DEBUG PrimaryStageWindow   - LoadingScreen -> MainMenuScreen
19:40:31.204 [JavaFX Application Thread] DEBUG PrimaryStageWindow   - Push state: DifficultyMenuScreen
19:40:31.204 [JavaFX Application Thread] DEBUG Input                - Clearing active input actions
19:40:31.205 [JavaFX Application Thread] DEBUG GameApplicationServi - Removing overlay from MainMenuScreen and adding to DifficultyMenuScreen
19:40:31.205 [JavaFX Application Thread] DEBUG PrimaryStageWindow   - MainMenuScreen -> DifficultyMenuScreen
19:40:32.491 [JavaFX Application Thread] DEBUG GameApplicationServi - Starting new game
19:40:32.491 [JavaFX Application Thread] DEBUG PrimaryStageWindow   - Pop state: DifficultyMenuScreen
19:40:32.491 [JavaFX Application Thread] DEBUG Input                - Clearing active input actions
19:40:32.492 [JavaFX Application Thread] DEBUG GameApplicationServi - Removing overlay from DifficultyMenuScreen and adding to MainMenuScreen
19:40:32.493 [JavaFX Application Thread] DEBUG PrimaryStageWindow   - MainMenuScreen <- DifficultyMenuScreen
19:40:32.494 [JavaFX Application Thread] DEBUG PrimaryStageWindow   - Pop state: MainMenuScreen
19:40:32.494 [JavaFX Application Thread] DEBUG Input                - Clearing active input actions
19:40:32.494 [JavaFX Application Thread] DEBUG GameApplicationServi - Removing overlay from MainMenuScreen and adding to LoadingScreen
19:40:32.494 [JavaFX Application Thread] DEBUG PrimaryStageWindow   - LoadingScreen <- MainMenuScreen
19:40:32.494 [JavaFX Application Thread] DEBUG PrimaryStageWindow   - Pop state: LoadingScreen
19:40:32.494 [JavaFX Application Thread] DEBUG Input                - Clearing active input actions
19:40:32.494 [JavaFX Application Thread] DEBUG GameApplicationServi - Removing overlay from LoadingScreen and adding to LoginScreen
19:40:32.494 [JavaFX Application Thread] DEBUG PrimaryStageWindow   - LoginScreen <- LoadingScreen
19:40:32.494 [JavaFX Application Thread] DEBUG PrimaryStageWindow   - Pop state: LoginScreen
19:40:32.494 [JavaFX Application Thread] DEBUG Input                - Clearing active input actions
19:40:32.495 [JavaFX Application Thread] DEBUG GameApplicationServi - Removing overlay from LoginScreen and adding to FXGLMainMenuDummyScene
19:40:32.495 [JavaFX Application Thread] DEBUG PrimaryStageWindow   - FXGLMainMenuDummyScene <- LoginScreen
19:40:32.495 [JavaFX Application Thread] DEBUG Input                - Clearing active input actions
19:40:32.500 [JavaFX Application Thread] DEBUG GameApplicationServi - Removing overlay from FXGLMainMenuDummyScene and adding to FXGLLoadingScene
19:40:32.500 [JavaFX Application Thread] DEBUG PrimaryStageWindow   - FXGLMainMenuDummyScene -> FXGLLoadingScene
19:40:32.500 [JavaFX Application Thread] DEBUG GameApplicationServi - Clearing previous game
19:40:32.500 [JavaFX Application Thread] DEBUG GameScene            - Clearing game scene
19:40:32.500 [JavaFX Application Thread] DEBUG GameWorld            - Clearing game world
19:40:32.502 [JavaFX Application Thread] DEBUG PhysicsWorld         - Clearing physics world
19:40:32.504 [FXGL Background Thread 2 ] DEBUG FXGLApplication      - Initializing game
19:40:32.593 [FXGL Background Thread 2 ] DEBUG FXGLAssetLoaderServi - Loading from file system: file:/C:/Users/RYLE/Downloads/OOP2-Capstone/target/classes/assets/textures/background-and-platforms/bg-midnightpurple_1280_720.png
19:40:32.635 [FXGL Background Thread 2 ] DEBUG FXGLAssetLoaderServi - Loading from file system: file:/C:/Users/RYLE/Downloads/OOP2-Capstone/target/classes/assets/textures/background-and-platforms/hdlargerplatform-purple.png
19:40:32.686 [FXGL Background Thread 2 ] DEBUG FXGLAssetLoaderServi - Loading from file system: file:/C:/Users/RYLE/Downloads/OOP2-Capstone/target/classes/assets/textures/wizard/wizard.png
19:40:32.753 [FXGL Background Thread 2 ] DEBUG FXGLAssetLoaderServi - Loading from file system: file:/C:/Users/RYLE/Downloads/OOP2-Capstone/target/classes/assets/textures/mobs/gargoyle/gargoyle.png
19:40:32.774 [FXGL Background Thread 2 ] DEBUG FXGLAssetLoaderServi - Loading from file system: file:/C:/Users/RYLE/Downloads/OOP2-Capstone/target/classes/assets/textures/mobs/grimouge/grimouge.png
19:40:32.815 [FXGL Background Thread 2 ] DEBUG FXGLAssetLoaderServi - Loading from file system: file:/C:/Users/RYLE/Downloads/OOP2-Capstone/target/classes/assets/textures/mobs/vyleye/vyleye.png
19:40:32.852 [FXGL Background Thread 2 ] DEBUG AudioPlayer          - Stopping music com.almasb.fxgl.audio.Music@7fa1607e
19:40:32.896 [FXGL Background Thread 2 ] DEBUG AudioPlayer          - Playing music com.almasb.fxgl.audio.Music@27940712
19:40:32.944 [FXGL Background Thread 2 ] INFO  FXGLApplication      - Game initialization took: 0.440 sec
19:40:32.956 [JavaFX Application Thread] DEBUG Input                - Clearing active input actions
19:40:32.961 [JavaFX Application Thread] DEBUG GameApplicationServi - Removing overlay from FXGLLoadingScene and adding to GameScene
19:40:32.961 [JavaFX Application Thread] DEBUG PrimaryStageWindow   - FXGLLoadingScene -> GameScene
19:40:34.525 [JavaFX Application Thread] DEBUG AudioPlayer          - Stopping music com.almasb.fxgl.audio.Music@7fa1607e
19:40:40.071 [JavaFX Application Thread] DEBUG AudioPlayer          - Stopping music com.almasb.fxgl.audio.Music@27940712
19:40:40.072 [JavaFX Application Thread] DEBUG AudioPlayer          - Playing music com.almasb.fxgl.audio.Music@27940712
19:40:40.081 [JavaFX Application Thread] DEBUG AudioPlayer          - Stopping music com.almasb.fxgl.audio.Music@27940712
19:40:40.083 [JavaFX Application Thread] DEBUG AudioPlayer          - Playing music com.almasb.fxgl.audio.Music@27940712
19:40:47.518 [JavaFX Application Thread] DEBUG AudioPlayer          - Stopping music com.almasb.fxgl.audio.Music@27940712
19:40:47.556 [JavaFX Application Thread] DEBUG AudioPlayer          - Playing music com.almasb.fxgl.audio.Music@7fa1607e
19:40:47.559 [JavaFX Application Thread] DEBUG AudioPlayer          - Playing music com.almasb.fxgl.audio.Music@7fa1607e
19:40:47.559 [JavaFX Application Thread] DEBUG PrimaryStageWindow   - Push state: MainMenuScreen
19:40:47.559 [JavaFX Application Thread] DEBUG Input                - Clearing active input actions
19:40:47.559 [JavaFX Application Thread] DEBUG GameApplicationServi - Removing overlay from GameScene and adding to MainMenuScreen
19:40:47.560 [JavaFX Application Thread] DEBUG PrimaryStageWindow   - GameScene -> MainMenuScreen
19:40:47.566 [JavaFX Application Thread] DEBUG AudioPlayer          - Stopping music com.almasb.fxgl.audio.Music@7fa1607e
19:40:47.568 [JavaFX Application Thread] DEBUG AudioPlayer          - Playing music com.almasb.fxgl.audio.Music@7fa1607e
19:40:47.571 [JavaFX Application Thread] DEBUG AudioPlayer          - Playing music com.almasb.fxgl.audio.Music@7fa1607e
19:40:47.572 [JavaFX Application Thread] DEBUG PrimaryStageWindow   - Push state: MainMenuScreen
19:40:47.572 [JavaFX Application Thread] DEBUG Input                - Clearing active input actions
19:40:47.573 [JavaFX Application Thread] DEBUG GameApplicationServi - Removing overlay from MainMenuScreen and adding to MainMenuScreen
19:40:47.573 [JavaFX Application Thread] DEBUG PrimaryStageWindow   - MainMenuScreen -> MainMenuScreen
19:40:48.525 [JavaFX Application Thread] DEBUG FXGLApplication      - Exiting FXGL
19:40:48.525 [JavaFX Application Thread] DEBUG LoopRunner           - Stopping loop
19:40:48.525 [JavaFX Application Thread] DEBUG SystemBundleService  - Saving FXGL system data
19:40:48.528 [JavaFX Application Thread] DEBUG FileSystemAccess     - Writing to: C:\Users\RYLE\Downloads\OOP2-Capstone\system\fxgl.bundle
19:40:48.531 [JavaFX Application Thread] DEBUG Async                - Shutting down background threads
19:40:48.531 [JavaFX Application Thread] DEBUG PrimaryStageWindow   - Closing main window
19:40:48.560 [JavaFX Application Thread] DEBUG Logger               - Closing Logger
