17:24:27.275 [main                     ] DEBUG Logger               - Configured Logger
17:24:27.303 [main                     ] DEBUG GameApplication      - Logging settings
Title: TypeWiz
Version: 0.0
Width: 1280
Height: 720
Fullscreen: true
Intro: false
Profiling: false
Single step:false
App Mode: DEVELOPER
Menu Key: ESCAPE
Stage Style: DECORATED
Scene Factory: class com.oop2.typewiz.util.CustomSceneFactory

17:24:27.563 [JavaFX Application Thread] DEBUG FXGLApplication      - Initializing FXGL
17:24:27.567 [JavaFX Application Thread] INFO  Engine               - FXGL-21.1 (27.03.2024 07.52) on WINDOWS (J:21.0.3 FX:19)
17:24:27.567 [JavaFX Application Thread] DEBUG Engine               - JRE Vendor Name: Oracle Corporation
17:24:27.567 [JavaFX Application Thread] DEBUG Engine               - Running on OS: Windows 11 version 10.0
17:24:27.567 [JavaFX Application Thread] DEBUG Engine               - Architecture: amd64
17:24:27.567 [JavaFX Application Thread] INFO  Engine               - Source code and latest versions at: https://github.com/AlmasB/FXGL
17:24:27.568 [JavaFX Application Thread] INFO  Engine               -       Ask questions and discuss at: https://github.com/AlmasB/FXGL/discussions
17:24:27.568 [JavaFX Application Thread] INFO  Engine               -              Join the FXGL chat at: https://gitter.im/AlmasB/FXGL
17:24:27.634 [JavaFX Application Thread] DEBUG PrimaryStageWindow   - Creating a JavaFX scene
17:24:27.670 [JavaFX Application Thread] DEBUG PrimaryStageWindow   - Target settings size: 1280.0 x 720.0
17:24:27.671 [JavaFX Application Thread] DEBUG PrimaryStageWindow   - Scaled scene size:    1280.0 x 720.0
17:24:27.671 [JavaFX Application Thread] DEBUG PrimaryStageWindow   - Scaled ratio: (1.0, 1.0)
17:24:27.672 [JavaFX Application Thread] DEBUG PrimaryStageWindow   - Set initial scene to FXGLStartupScene
17:24:27.674 [JavaFX Application Thread] DEBUG PrimaryStageWindow   - Opening main window
17:24:27.740 [JavaFX Application Thread] DEBUG PrimaryStageWindow   - Window border size: (14.4000244140625, 37.5999755859375)
17:24:27.741 [JavaFX Application Thread] DEBUG PrimaryStageWindow   - Scaled size: 1280.0 x 720.0
17:24:27.741 [JavaFX Application Thread] DEBUG PrimaryStageWindow   - Scaled ratio: (1.0, 1.0)
17:24:27.741 [JavaFX Application Thread] DEBUG PrimaryStageWindow   - Scene size: 1280.0 x 720.0
17:24:27.741 [JavaFX Application Thread] DEBUG PrimaryStageWindow   - Stage size: 1294.4000244140625 x 757.5999755859375
17:24:27.840 [JavaFX Application Thread] DEBUG PrimaryStageWindow   - Going fullscreen
17:24:27.850 [FXGL Background Thread 1 ] DEBUG Engine               - Initializing environment variables
17:24:27.913 [FXGL Background Thread 1 ] DEBUG FXGLAssetLoaderServi - User app class for loading assets: class com.oop2.typewiz.TypeWizApp
17:24:27.913 [FXGL Background Thread 1 ] DEBUG GameApplicationServi - Applying CSS: fxgl_dark.css
17:24:27.914 [FXGL Background Thread 1 ] DEBUG FXGLAssetLoaderServi - Loading from file system: jar:file:///C:/Users/Ruhmer%20Jairus/.m2/repository/com/github/almasb/fxgl/21.1/fxgl-21.1.jar!/fxglassets/ui/css/fxgl_dark.css
17:24:27.955 [FXGL Background Thread 1 ] DEBUG GameApplicationServi - Initializing application scenes
17:24:28.018 [FXGL Background Thread 1 ] DEBUG GameWorld            - Game world initialized
17:24:28.076 [FXGL Background Thread 1 ] DEBUG PhysicsWorld         - Physics world initialized: appHeight=720, physics.ppm=50.0
17:24:28.076 [FXGL Background Thread 1 ] DEBUG PhysicsWorld         - Using strategy: BRUTE_FORCE
17:24:28.079 [FXGL Background Thread 1 ] DEBUG GameScene            - Game scene initialized: 1280x720
17:24:28.316 [FXGL Background Thread 1 ] DEBUG GameApplicationServi - Application scenes initialized
17:24:28.325 [FXGL Background Thread 1 ] DEBUG SystemBundleService  - Loading FXGL system data
17:24:28.330 [FXGL Background Thread 1 ] DEBUG FileSystemAccess     - Reading from: C:\Users\Ruhmer Jairus\OOP2-Capstone\system\fxgl.bundle
17:24:28.337 [FXGL Background Thread 1 ] DEBUG SystemBundleService  - Bundle FXGL: {}
17:24:28.338 [FXGL Background Thread 1 ] DEBUG UpdaterService       - Checking for updates
17:24:28.341 [FXGL Background Thread 4 ] DEBUG FXGLApplication      - Loading fonts
17:24:28.341 [FXGL Background Thread 1 ] DEBUG FXGLApplication      - Loading default localization
17:24:28.342 [FXGL Background Thread 4 ] DEBUG FXGLAssetLoaderServi - Loading from file system: jar:file:///C:/Users/Ruhmer%20Jairus/.m2/repository/com/github/almasb/fxgl/21.1/fxgl-21.1.jar!/fxglassets/ui/fonts/VarelaRound-Regular.ttf
17:24:28.342 [FXGL Background Thread 1 ] DEBUG FXGLAssetLoaderServi - Loading from file system: jar:file:///C:/Users/Ruhmer%20Jairus/.m2/repository/com/github/almasb/fxgl/21.1/fxgl-21.1.jar!/fxglassets/languages/english.lang
17:24:28.382 [FXGL Background Thread 4 ] DEBUG FXGLAssetLoaderServi - Loading from file system: jar:file:///C:/Users/Ruhmer%20Jairus/.m2/repository/com/github/almasb/fxgl/21.1/fxgl-21.1.jar!/fxglassets/ui/fonts/Abel-Regular.ttf
17:24:28.383 [FXGL Background Thread 1 ] INFO  FXGLApplication      - FXGL initialization took: 0.533 sec
17:24:28.385 [JavaFX Application Thread] DEBUG FXGLAssetLoaderServi - Loading from file system: jar:file:///C:/Users/Ruhmer%20Jairus/.m2/repository/com/github/almasb/fxgl/21.1/fxgl-21.1.jar!/fxglassets/textures/fxgl_icon.png
17:24:28.385 [FXGL Background Thread 4 ] DEBUG FXGLAssetLoaderServi - Loading from file system: jar:file:///C:/Users/Ruhmer%20Jairus/.m2/repository/com/github/almasb/fxgl/21.1/fxgl-21.1.jar!/fxglassets/ui/fonts/TerminalLandMono-Regular.otf
17:24:28.390 [FXGL Background Thread 4 ] DEBUG FXGLAssetLoaderServi - Loading from file system: jar:file:///C:/Users/Ruhmer%20Jairus/.m2/repository/com/github/almasb/fxgl/21.1/fxgl-21.1.jar!/fxglassets/ui/fonts/Courier-Prime.ttf
17:24:28.404 [JavaFX Application Thread] DEBUG FXGLAssetLoaderServi - Loading from file system: jar:file:///C:/Users/Ruhmer%20Jairus/.m2/repository/com/github/almasb/fxgl/21.1/fxgl-21.1.jar!/fxglassets/textures/fxgl_default_cursor.png
17:24:28.415 [JavaFX Application Thread] DEBUG Input                - Registered new binding: Screenshot - CTRL+8
17:24:28.415 [JavaFX Application Thread] DEBUG Input                - Registered new binding: System info dump - CTRL+9
17:24:28.416 [JavaFX Application Thread] DEBUG Input                - Registered new binding: Restart - CTRL+R
17:24:28.417 [JavaFX Application Thread] DEBUG Input                - Registered new binding: Toggle Debug Camera - CTRL+7
17:24:28.421 [JavaFX Application Thread] DEBUG LoopRunner           - Starting loop
17:24:28.422 [JavaFX Application Thread] DEBUG LoopRunner           - Initializing JavaFX AnimationTimerLoop
17:24:28.425 [JavaFX Application Thread] DEBUG Input                - Clearing active input actions
17:24:28.433 [JavaFX Application Thread] DEBUG GameApplicationServi - Removing overlay from FXGLStartupScene and adding to FXGLMainMenuDummyScene
17:24:28.433 [JavaFX Application Thread] DEBUG PrimaryStageWindow   - FXGLStartupScene -> FXGLMainMenuDummyScene
17:24:28.433 [JavaFX Application Thread] DEBUG PrimaryStageWindow   - Push state: LoginScreen
17:24:28.434 [JavaFX Application Thread] DEBUG Input                - Clearing active input actions
17:24:28.455 [JavaFX Application Thread] DEBUG GameApplicationServi - Removing overlay from FXGLMainMenuDummyScene and adding to LoginScreen
17:24:28.455 [JavaFX Application Thread] DEBUG PrimaryStageWindow   - FXGLMainMenuDummyScene -> LoginScreen
17:24:28.761 [JavaFX Application Thread] DEBUG FXGLApplication      - Registering font factories with UI factory
17:24:29.840 [JavaFX Application Thread] DEBUG FXGLAssetLoaderServi - Loading from file system: file:/C:/Users/Ruhmer%20Jairus/OOP2-Capstone/target/classes/assets/sounds/sound-library/hover.wav
17:24:30.043 [JavaFX Application Thread] DEBUG FXGLAssetLoaderServi - Loading from file system: file:/C:/Users/Ruhmer%20Jairus/OOP2-Capstone/target/classes/assets/sounds/sound-library/click.wav
17:24:30.049 [JavaFX Application Thread] DEBUG FXGLAssetLoaderServi - Loading from file system: file:/C:/Users/Ruhmer%20Jairus/OOP2-Capstone/target/classes/assets/music/magic.wav
17:24:30.288 [JavaFX Application Thread] DEBUG AudioPlayer          - Playing music com.almasb.fxgl.audio.Music@c7dfed8
17:24:30.332 [JavaFX Application Thread] DEBUG PrimaryStageWindow   - Push state: LoadingScreen
17:24:30.332 [JavaFX Application Thread] DEBUG Input                - Clearing active input actions
17:24:30.332 [JavaFX Application Thread] DEBUG GameApplicationServi - Removing overlay from LoginScreen and adding to LoadingScreen
17:24:30.333 [JavaFX Application Thread] DEBUG PrimaryStageWindow   - LoginScreen -> LoadingScreen
17:24:30.333 [JavaFX Application Thread] DEBUG FXGLAssetLoaderServi - Loading from file system: file:/C:/Users/Ruhmer%20Jairus/OOP2-Capstone/target/classes/assets/textures/magicbook.png
17:24:30.336 [JavaFX Application Thread] DEBUG FXGLAssetLoaderServi - Loading from file system: file:/C:/Users/Ruhmer%20Jairus/OOP2-Capstone/target/classes/assets/textures/magicbook_hover.png
17:24:31.341 [FXGL Background Thread 3 ] DEBUG Engine               - Logging environment variables
17:24:31.342 [FXGL Background Thread 3 ] DEBUG Engine               - achievements: []
17:24:31.342 [FXGL Background Thread 3 ] DEBUG Engine               - actualHeight: 864.0
17:24:31.342 [FXGL Background Thread 3 ] DEBUG Engine               - actualHeightProperty: ReadOnlyDoubleProperty [value: 864.0]
17:24:31.342 [FXGL Background Thread 3 ] DEBUG Engine               - actualWidth: 1536.0
17:24:31.342 [FXGL Background Thread 3 ] DEBUG Engine               - actualWidthProperty: ReadOnlyDoubleProperty [value: 1536.0]
17:24:31.342 [FXGL Background Thread 3 ] DEBUG Engine               - appIcon: fxgl_icon.png
17:24:31.342 [FXGL Background Thread 3 ] DEBUG Engine               - applicationMode: DEVELOPER
17:24:31.342 [FXGL Background Thread 3 ] DEBUG Engine               - cSSList: [fxgl_dark.css]
17:24:31.342 [FXGL Background Thread 3 ] DEBUG Engine               - collisionDetectionStrategy: BRUTE_FORCE
17:24:31.342 [FXGL Background Thread 3 ] DEBUG Engine               - configClass: Optional.empty
17:24:31.342 [FXGL Background Thread 3 ] DEBUG Engine               - credits: []
17:24:31.345 [FXGL Background Thread 3 ] DEBUG Engine               - defaultCursor: CursorInfo(imageName=fxgl_default_cursor.png, hotspotX=7.0, hotspotY=6.0)
17:24:31.345 [FXGL Background Thread 3 ] DEBUG Engine               - devBBoxColorProperty: ObjectProperty [value: 0xff0000ff]
17:24:31.345 [FXGL Background Thread 3 ] DEBUG Engine               - devEnableDebugCameraProperty: BooleanProperty [value: false]
17:24:31.345 [FXGL Background Thread 3 ] DEBUG Engine               - devSensorColorProperty: ObjectProperty [value: 0xffff00ff]
17:24:31.345 [FXGL Background Thread 3 ] DEBUG Engine               - devShowBBoxProperty: BooleanProperty [value: false]
17:24:31.345 [FXGL Background Thread 3 ] DEBUG Engine               - devShowPositionProperty: BooleanProperty [value: false]
17:24:31.345 [FXGL Background Thread 3 ] DEBUG Engine               - enabledMenuItems: []
17:24:31.345 [FXGL Background Thread 3 ] DEBUG Engine               - engineServices: [class com.almasb.fxgl.app.services.FXGLAssetLoaderService, class com.almasb.fxgl.app.FXGLApplication$GameApplicationService, class com.almasb.fxgl.app.services.FXGLDialogService, class com.almasb.fxgl.app.services.IOTaskExecutorService, class com.almasb.fxgl.io.FileSystemService, class com.almasb.fxgl.localization.LocalizationService, class com.almasb.fxgl.app.services.SystemBundleService, class com.almasb.fxgl.profile.SaveLoadService, class com.almasb.fxgl.ui.FXGLUIFactoryServiceProvider, class com.almasb.fxgl.ui.FXGLDialogFactoryServiceProvider, class com.almasb.fxgl.audio.AudioPlayer, class com.almasb.fxgl.notification.impl.NotificationServiceProvider, class com.almasb.fxgl.achievement.AchievementService, class com.almasb.fxgl.cutscene.CutsceneService, class com.almasb.fxgl.minigames.MiniGameService, class com.almasb.fxgl.net.NetService, class com.almasb.fxgl.app.services.UpdaterService, class com.almasb.fxgl.dev.DevService]
17:24:31.345 [FXGL Background Thread 3 ] DEBUG Engine               - fontGame: Abel-Regular.ttf
17:24:31.345 [FXGL Background Thread 3 ] DEBUG Engine               - fontMono: TerminalLandMono-Regular.otf
17:24:31.345 [FXGL Background Thread 3 ] DEBUG Engine               - fontSizeScaleUI: 1.0
17:24:31.345 [FXGL Background Thread 3 ] DEBUG Engine               - fontText: Courier-Prime.ttf
17:24:31.345 [FXGL Background Thread 3 ] DEBUG Engine               - fontUI: VarelaRound-Regular.ttf
17:24:31.345 [FXGL Background Thread 3 ] DEBUG Engine               - fullScreen: BooleanProperty [value: true]
17:24:31.345 [FXGL Background Thread 3 ] DEBUG Engine               - gameDifficulty: MEDIUM
17:24:31.345 [FXGL Background Thread 3 ] DEBUG Engine               - gameDifficultyProperty: ObjectProperty [value: MEDIUM]
17:24:31.346 [FXGL Background Thread 3 ] DEBUG Engine               - globalMusicVolume: 0.5
17:24:31.346 [FXGL Background Thread 3 ] DEBUG Engine               - globalMusicVolumeProperty: DoubleProperty [value: 0.5]
17:24:31.346 [FXGL Background Thread 3 ] DEBUG Engine               - globalSoundVolume: 0.5
17:24:31.346 [FXGL Background Thread 3 ] DEBUG Engine               - globalSoundVolumeProperty: DoubleProperty [value: 0.5]
17:24:31.346 [FXGL Background Thread 3 ] DEBUG Engine               - height: 720
17:24:31.346 [FXGL Background Thread 3 ] DEBUG Engine               - is3D: false
17:24:31.346 [FXGL Background Thread 3 ] DEBUG Engine               - isAndroid: false
17:24:31.346 [FXGL Background Thread 3 ] DEBUG Engine               - isBrowser: false
17:24:31.346 [FXGL Background Thread 3 ] DEBUG Engine               - isClickFeedbackEnabled: false
17:24:31.346 [FXGL Background Thread 3 ] DEBUG Engine               - isCloseConfirmation: false
17:24:31.346 [FXGL Background Thread 3 ] DEBUG Engine               - isDesktop: true
17:24:31.346 [FXGL Background Thread 3 ] DEBUG Engine               - isDeveloperMenuEnabled: false
17:24:31.346 [FXGL Background Thread 3 ] DEBUG Engine               - isEmbedded: false
17:24:31.346 [FXGL Background Thread 3 ] DEBUG Engine               - isEntityPreloadEnabled: true
17:24:31.346 [FXGL Background Thread 3 ] DEBUG Engine               - isExperimentalTiledLargeMap: false
17:24:31.346 [FXGL Background Thread 3 ] DEBUG Engine               - isFileSystemWriteAllowed: true
17:24:31.346 [FXGL Background Thread 3 ] DEBUG Engine               - isFullScreenAllowed: true
17:24:31.346 [FXGL Background Thread 3 ] DEBUG Engine               - isFullScreenFromStart: true
17:24:31.346 [FXGL Background Thread 3 ] DEBUG Engine               - isGameMenuEnabled: false
17:24:31.346 [FXGL Background Thread 3 ] DEBUG Engine               - isIOS: false
17:24:31.346 [FXGL Background Thread 3 ] DEBUG Engine               - isIntroEnabled: false
17:24:31.346 [FXGL Background Thread 3 ] DEBUG Engine               - isLinux: false
17:24:31.346 [FXGL Background Thread 3 ] DEBUG Engine               - isMac: false
17:24:31.346 [FXGL Background Thread 3 ] DEBUG Engine               - isMainMenuEnabled: true
17:24:31.346 [FXGL Background Thread 3 ] DEBUG Engine               - isManualResizeEnabled: false
17:24:31.346 [FXGL Background Thread 3 ] DEBUG Engine               - isMobile: false
17:24:31.346 [FXGL Background Thread 3 ] DEBUG Engine               - isNative: false
17:24:31.346 [FXGL Background Thread 3 ] DEBUG Engine               - isPauseMusicWhenMinimized: true
17:24:31.347 [FXGL Background Thread 3 ] DEBUG Engine               - isPreserveResizeRatio: false
17:24:31.347 [FXGL Background Thread 3 ] DEBUG Engine               - isProfilingEnabled: false
17:24:31.347 [FXGL Background Thread 3 ] DEBUG Engine               - isScaleAffectedOnResize: true
17:24:31.347 [FXGL Background Thread 3 ] DEBUG Engine               - isSingleStep: false
17:24:31.347 [FXGL Background Thread 3 ] DEBUG Engine               - isUserProfileEnabled: false
17:24:31.347 [FXGL Background Thread 3 ] DEBUG Engine               - isWindows: true
17:24:31.347 [FXGL Background Thread 3 ] DEBUG Engine               - language: ObjectProperty [value: ENGLISH]
17:24:31.347 [FXGL Background Thread 3 ] DEBUG Engine               - menuKey: ESCAPE
17:24:31.347 [FXGL Background Thread 3 ] DEBUG Engine               - mouseSensitivity: 0.2
17:24:31.347 [FXGL Background Thread 3 ] DEBUG Engine               - notificationViewClass: class com.almasb.fxgl.notification.view.XboxNotificationView
17:24:31.347 [FXGL Background Thread 3 ] DEBUG Engine               - pixelsPerMeter: 50.0
17:24:31.347 [FXGL Background Thread 3 ] DEBUG Engine               - platform: WINDOWS
17:24:31.347 [FXGL Background Thread 3 ] DEBUG Engine               - prefHeightProperty: ReadOnlyDoubleProperty [value: 720.0]
17:24:31.347 [FXGL Background Thread 3 ] DEBUG Engine               - prefWidthProperty: ReadOnlyDoubleProperty [value: 1280.0]
17:24:31.347 [FXGL Background Thread 3 ] DEBUG Engine               - profileDir: profiles/
17:24:31.347 [FXGL Background Thread 3 ] DEBUG Engine               - profileName: StringProperty [value: DEFAULT]
17:24:31.347 [FXGL Background Thread 3 ] DEBUG Engine               - randomSeed: -1
17:24:31.347 [FXGL Background Thread 3 ] DEBUG Engine               - runtimeInfo: RuntimeInfo(platform=WINDOWS, version=21.1, build=27.03.2024 07.52)
17:24:31.347 [FXGL Background Thread 3 ] DEBUG Engine               - saveFileExt: sav
17:24:31.347 [FXGL Background Thread 3 ] DEBUG Engine               - scaledHeightProp$fxgl: DoubleProperty [bound, value: 864.0]
17:24:31.347 [FXGL Background Thread 3 ] DEBUG Engine               - scaledWidthProp$fxgl: DoubleProperty [bound, value: 1536.0]
17:24:31.347 [FXGL Background Thread 3 ] DEBUG Engine               - sceneFactory: com.oop2.typewiz.util.CustomSceneFactory@601651dd
17:24:31.347 [FXGL Background Thread 3 ] DEBUG Engine               - secondsIn24h: 60
17:24:31.347 [FXGL Background Thread 3 ] DEBUG Engine               - soundMenuBack: menu/back.wav
17:24:31.347 [FXGL Background Thread 3 ] DEBUG Engine               - soundMenuPress: menu/press.wav
17:24:31.347 [FXGL Background Thread 3 ] DEBUG Engine               - soundMenuSelect: menu/select.wav
17:24:31.347 [FXGL Background Thread 3 ] DEBUG Engine               - soundNotification: core/notification.wav
17:24:31.347 [FXGL Background Thread 3 ] DEBUG Engine               - stageStyle: DECORATED
17:24:31.347 [FXGL Background Thread 3 ] DEBUG Engine               - supportedLanguages: [ENGLISH, FRENCH, GERMAN, HUNGARIAN, RUSSIAN]
17:24:31.348 [FXGL Background Thread 3 ] DEBUG Engine               - ticksPerSecond: -1
17:24:31.348 [FXGL Background Thread 3 ] DEBUG Engine               - title: TypeWiz
17:24:31.348 [FXGL Background Thread 3 ] DEBUG Engine               - urlGithub: https://github.com/AlmasB/FXGL
17:24:31.348 [FXGL Background Thread 3 ] DEBUG Engine               - urlLeaderboard: http://fxgl-top.herokuapp.com/
17:24:31.348 [FXGL Background Thread 3 ] DEBUG Engine               - urlPOM: https://raw.githubusercontent.com/AlmasB/FXGL/release/README.md
17:24:31.348 [FXGL Background Thread 3 ] DEBUG Engine               - userAppClass: class com.oop2.typewiz.TypeWizApp
17:24:31.348 [FXGL Background Thread 3 ] DEBUG Engine               - version: 0.0
17:24:31.348 [FXGL Background Thread 3 ] DEBUG Engine               - versionCheckDays: 7
17:24:31.348 [FXGL Background Thread 3 ] DEBUG Engine               - width: 1280
17:24:31.348 [FXGL Background Thread 3 ] DEBUG Engine               - Logging services
17:24:31.348 [FXGL Background Thread 3 ] DEBUG Engine               - class com.almasb.fxgl.app.services.FXGLAssetLoaderService
17:24:31.348 [FXGL Background Thread 3 ] DEBUG Engine               - class com.almasb.fxgl.app.FXGLApplication$GameApplicationService
17:24:31.348 [FXGL Background Thread 3 ] DEBUG Engine               - class com.almasb.fxgl.app.services.FXGLDialogService
17:24:31.348 [FXGL Background Thread 3 ] DEBUG Engine               - class com.almasb.fxgl.app.services.IOTaskExecutorService
17:24:31.348 [FXGL Background Thread 3 ] DEBUG Engine               - class com.almasb.fxgl.io.FileSystemService
17:24:31.348 [FXGL Background Thread 3 ] DEBUG Engine               - class com.almasb.fxgl.localization.LocalizationService
17:24:31.348 [FXGL Background Thread 3 ] DEBUG Engine               - class com.almasb.fxgl.app.services.SystemBundleService
17:24:31.348 [FXGL Background Thread 3 ] DEBUG Engine               - class com.almasb.fxgl.profile.SaveLoadService
17:24:31.348 [FXGL Background Thread 3 ] DEBUG Engine               - class com.almasb.fxgl.ui.FXGLUIFactoryServiceProvider
17:24:31.348 [FXGL Background Thread 3 ] DEBUG Engine               - class com.almasb.fxgl.ui.FXGLDialogFactoryServiceProvider
17:24:31.348 [FXGL Background Thread 3 ] DEBUG Engine               - class com.almasb.fxgl.audio.AudioPlayer
17:24:31.348 [FXGL Background Thread 3 ] DEBUG Engine               - class com.almasb.fxgl.notification.impl.NotificationServiceProvider
17:24:31.348 [FXGL Background Thread 3 ] DEBUG Engine               - class com.almasb.fxgl.achievement.AchievementService
17:24:31.348 [FXGL Background Thread 3 ] DEBUG Engine               - class com.almasb.fxgl.cutscene.CutsceneService
17:24:31.348 [FXGL Background Thread 3 ] DEBUG Engine               - class com.almasb.fxgl.minigames.MiniGameService
17:24:31.348 [FXGL Background Thread 3 ] DEBUG Engine               - class com.almasb.fxgl.net.NetService
17:24:31.348 [FXGL Background Thread 3 ] DEBUG Engine               - class com.almasb.fxgl.app.services.UpdaterService
17:24:31.348 [FXGL Background Thread 3 ] DEBUG Engine               - class com.almasb.fxgl.dev.DevService
17:24:33.335 [JavaFX Application Thread] DEBUG FXGLAssetLoaderServi - Loading from file system: file:/C:/Users/Ruhmer%20Jairus/OOP2-Capstone/target/classes/assets/music/bgm.mp3
17:24:33.338 [JavaFX Application Thread] DEBUG FXGLAssetLoaderServi - Loading from file system: file:/C:/Users/Ruhmer%20Jairus/OOP2-Capstone/target/classes/assets/music/bgm2.mp3
17:24:33.343 [JavaFX Application Thread] DEBUG FXGLAssetLoaderServi - Loading from file system: file:/C:/Users/Ruhmer%20Jairus/OOP2-Capstone/target/classes/assets/sounds/sound-library/type.mp3
17:24:33.345 [JavaFX Application Thread] DEBUG FXGLAssetLoaderServi - Loading from file system: file:/C:/Users/Ruhmer%20Jairus/OOP2-Capstone/target/classes/assets/sounds/sound-library/death.mp3
17:24:33.347 [JavaFX Application Thread] DEBUG FXGLAssetLoaderServi - Loading from file system: file:/C:/Users/Ruhmer%20Jairus/OOP2-Capstone/target/classes/assets/sounds/sound-library/gameover.wav
17:24:33.349 [JavaFX Application Thread] DEBUG FXGLAssetLoaderServi - Loading from file system: file:/C:/Users/Ruhmer%20Jairus/OOP2-Capstone/target/classes/assets/sounds/sound-library/victory.mp3
17:24:33.351 [JavaFX Application Thread] DEBUG FXGLAssetLoaderServi - Loading from file system: file:/C:/Users/Ruhmer%20Jairus/OOP2-Capstone/target/classes/assets/sounds/sound-library/wave.mp3
17:24:33.352 [JavaFX Application Thread] DEBUG FXGLAssetLoaderServi - Loading from file system: file:/C:/Users/Ruhmer%20Jairus/OOP2-Capstone/target/classes/assets/sounds/sound-library/flappingsfx.wav
17:24:33.353 [JavaFX Application Thread] DEBUG FXGLAssetLoaderServi - Loading from file system: file:/C:/Users/Ruhmer%20Jairus/OOP2-Capstone/target/classes/assets/sounds/sound-library/error.mp3
17:24:33.355 [JavaFX Application Thread] DEBUG FXGLAssetLoaderServi - Loading from file system: file:/C:/Users/Ruhmer%20Jairus/OOP2-Capstone/target/classes/assets/sounds/sound-library/spacebar.mp3
17:24:33.357 [JavaFX Application Thread] DEBUG FXGLAssetLoaderServi - Loading from file system: file:/C:/Users/Ruhmer%20Jairus/OOP2-Capstone/target/classes/assets/sounds/sound-library/shift.mp3
17:24:33.359 [JavaFX Application Thread] DEBUG FXGLAssetLoaderServi - Loading from file system: file:/C:/Users/Ruhmer%20Jairus/OOP2-Capstone/target/classes/assets/sounds/sound-library/damage.mp3
17:24:33.360 [JavaFX Application Thread] DEBUG AudioPlayer          - Playing music com.almasb.fxgl.audio.Music@23f28148
17:24:33.364 [JavaFX Application Thread] DEBUG AudioPlayer          - Playing music com.almasb.fxgl.audio.Music@23f28148
17:24:33.364 [JavaFX Application Thread] DEBUG PrimaryStageWindow   - Push state: MainMenuScreen
17:24:33.364 [JavaFX Application Thread] DEBUG Input                - Clearing active input actions
17:24:33.364 [JavaFX Application Thread] DEBUG GameApplicationServi - Removing overlay from LoadingScreen and adding to MainMenuScreen
17:24:33.364 [JavaFX Application Thread] DEBUG PrimaryStageWindow   - LoadingScreen -> MainMenuScreen
17:24:34.391 [JavaFX Application Thread] DEBUG PrimaryStageWindow   - Push state: DifficultyMenuScreen
17:24:34.391 [JavaFX Application Thread] DEBUG Input                - Clearing active input actions
17:24:34.392 [JavaFX Application Thread] DEBUG GameApplicationServi - Removing overlay from MainMenuScreen and adding to DifficultyMenuScreen
17:24:34.392 [JavaFX Application Thread] DEBUG PrimaryStageWindow   - MainMenuScreen -> DifficultyMenuScreen
17:24:35.133 [JavaFX Application Thread] DEBUG GameApplicationServi - Starting new game
17:24:35.133 [JavaFX Application Thread] DEBUG PrimaryStageWindow   - Pop state: DifficultyMenuScreen
17:24:35.133 [JavaFX Application Thread] DEBUG Input                - Clearing active input actions
17:24:35.134 [JavaFX Application Thread] DEBUG GameApplicationServi - Removing overlay from DifficultyMenuScreen and adding to MainMenuScreen
17:24:35.134 [JavaFX Application Thread] DEBUG PrimaryStageWindow   - MainMenuScreen <- DifficultyMenuScreen
17:24:35.136 [JavaFX Application Thread] DEBUG PrimaryStageWindow   - Pop state: MainMenuScreen
17:24:35.137 [JavaFX Application Thread] DEBUG Input                - Clearing active input actions
17:24:35.137 [JavaFX Application Thread] DEBUG GameApplicationServi - Removing overlay from MainMenuScreen and adding to LoadingScreen
17:24:35.137 [JavaFX Application Thread] DEBUG PrimaryStageWindow   - LoadingScreen <- MainMenuScreen
17:24:35.137 [JavaFX Application Thread] DEBUG PrimaryStageWindow   - Pop state: LoadingScreen
17:24:35.137 [JavaFX Application Thread] DEBUG Input                - Clearing active input actions
17:24:35.138 [JavaFX Application Thread] DEBUG GameApplicationServi - Removing overlay from LoadingScreen and adding to LoginScreen
17:24:35.138 [JavaFX Application Thread] DEBUG PrimaryStageWindow   - LoginScreen <- LoadingScreen
17:24:35.138 [JavaFX Application Thread] DEBUG PrimaryStageWindow   - Pop state: LoginScreen
17:24:35.138 [JavaFX Application Thread] DEBUG Input                - Clearing active input actions
17:24:35.138 [JavaFX Application Thread] DEBUG GameApplicationServi - Removing overlay from LoginScreen and adding to FXGLMainMenuDummyScene
17:24:35.138 [JavaFX Application Thread] DEBUG PrimaryStageWindow   - FXGLMainMenuDummyScene <- LoginScreen
17:24:35.138 [JavaFX Application Thread] DEBUG Input                - Clearing active input actions
17:24:35.142 [JavaFX Application Thread] DEBUG GameApplicationServi - Removing overlay from FXGLMainMenuDummyScene and adding to FXGLLoadingScene
17:24:35.142 [JavaFX Application Thread] DEBUG PrimaryStageWindow   - FXGLMainMenuDummyScene -> FXGLLoadingScene
17:24:35.142 [JavaFX Application Thread] DEBUG GameApplicationServi - Clearing previous game
17:24:35.142 [JavaFX Application Thread] DEBUG GameScene            - Clearing game scene
17:24:35.142 [JavaFX Application Thread] DEBUG GameWorld            - Clearing game world
17:24:35.143 [JavaFX Application Thread] DEBUG PhysicsWorld         - Clearing physics world
17:24:35.144 [FXGL Background Thread 2 ] DEBUG FXGLApplication      - Initializing game
17:24:35.163 [FXGL Background Thread 2 ] DEBUG FXGLAssetLoaderServi - Loading from file system: file:/C:/Users/Ruhmer%20Jairus/OOP2-Capstone/target/classes/assets/textures/background-and-platforms/bg-midnightpurple_1280_720.png
17:24:35.209 [FXGL Background Thread 2 ] DEBUG FXGLAssetLoaderServi - Loading from file system: file:/C:/Users/Ruhmer%20Jairus/OOP2-Capstone/target/classes/assets/textures/background-and-platforms/hdlargerplatform-purple.png
17:24:35.263 [FXGL Background Thread 2 ] DEBUG FXGLAssetLoaderServi - Loading from file system: file:/C:/Users/Ruhmer%20Jairus/OOP2-Capstone/target/classes/assets/textures/wizard/wizard.png
17:24:35.318 [FXGL Background Thread 2 ] DEBUG FXGLAssetLoaderServi - Loading from file system: file:/C:/Users/Ruhmer%20Jairus/OOP2-Capstone/target/classes/assets/textures/mobs/gargoyle/gargoyle.png
17:24:35.338 [FXGL Background Thread 2 ] DEBUG FXGLAssetLoaderServi - Loading from file system: file:/C:/Users/Ruhmer%20Jairus/OOP2-Capstone/target/classes/assets/textures/mobs/grimouge/grimouge.png
17:24:35.368 [FXGL Background Thread 2 ] DEBUG FXGLAssetLoaderServi - Loading from file system: file:/C:/Users/Ruhmer%20Jairus/OOP2-Capstone/target/classes/assets/textures/mobs/vyleye/vyleye.png
17:24:35.416 [FXGL Background Thread 2 ] INFO  FXGLApplication      - Game initialization took: 0.272 sec
17:24:35.417 [JavaFX Application Thread] DEBUG Input                - Clearing active input actions
17:24:35.421 [JavaFX Application Thread] DEBUG GameApplicationServi - Removing overlay from FXGLLoadingScene and adding to GameScene
17:24:35.422 [JavaFX Application Thread] DEBUG PrimaryStageWindow   - FXGLLoadingScene -> GameScene
17:24:37.141 [JavaFX Application Thread] DEBUG AudioPlayer          - Stopping music com.almasb.fxgl.audio.Music@23f28148
17:24:37.142 [JavaFX Application Thread] DEBUG AudioPlayer          - Stopping music com.almasb.fxgl.audio.Music@23f28148
17:24:43.635 [JavaFX Application Thread] DEBUG AudioPlayer          - Playing music com.almasb.fxgl.audio.Music@23f28148
17:24:43.636 [JavaFX Application Thread] DEBUG AudioPlayer          - Playing music com.almasb.fxgl.audio.Music@23f28148
17:24:43.636 [JavaFX Application Thread] DEBUG PrimaryStageWindow   - Push state: MainMenuScreen
17:24:43.637 [JavaFX Application Thread] DEBUG Input                - Clearing active input actions
17:24:43.637 [JavaFX Application Thread] DEBUG GameApplicationServi - Removing overlay from GameScene and adding to MainMenuScreen
17:24:43.637 [JavaFX Application Thread] DEBUG PrimaryStageWindow   - GameScene -> MainMenuScreen
17:24:43.642 [JavaFX Application Thread] DEBUG AudioPlayer          - Stopping music com.almasb.fxgl.audio.Music@23f28148
17:24:43.643 [JavaFX Application Thread] DEBUG AudioPlayer          - Playing music com.almasb.fxgl.audio.Music@23f28148
17:24:43.644 [JavaFX Application Thread] DEBUG AudioPlayer          - Playing music com.almasb.fxgl.audio.Music@23f28148
17:24:43.644 [JavaFX Application Thread] DEBUG PrimaryStageWindow   - Push state: MainMenuScreen
17:24:43.644 [JavaFX Application Thread] DEBUG Input                - Clearing active input actions
17:24:43.644 [JavaFX Application Thread] DEBUG GameApplicationServi - Removing overlay from MainMenuScreen and adding to MainMenuScreen
17:24:43.644 [JavaFX Application Thread] DEBUG PrimaryStageWindow   - MainMenuScreen -> MainMenuScreen
17:24:44.374 [JavaFX Application Thread] DEBUG PrimaryStageWindow   - Push state: DifficultyMenuScreen
17:24:44.374 [JavaFX Application Thread] DEBUG Input                - Clearing active input actions
17:24:44.375 [JavaFX Application Thread] DEBUG GameApplicationServi - Removing overlay from MainMenuScreen and adding to DifficultyMenuScreen
17:24:44.375 [JavaFX Application Thread] DEBUG PrimaryStageWindow   - MainMenuScreen -> DifficultyMenuScreen
17:24:45.467 [JavaFX Application Thread] DEBUG GameApplicationServi - Starting new game
17:24:45.467 [JavaFX Application Thread] DEBUG PrimaryStageWindow   - Pop state: DifficultyMenuScreen
17:24:45.467 [JavaFX Application Thread] DEBUG Input                - Clearing active input actions
17:24:45.467 [JavaFX Application Thread] DEBUG GameApplicationServi - Removing overlay from DifficultyMenuScreen and adding to MainMenuScreen
17:24:45.467 [JavaFX Application Thread] DEBUG PrimaryStageWindow   - MainMenuScreen <- DifficultyMenuScreen
17:24:45.468 [JavaFX Application Thread] DEBUG PrimaryStageWindow   - Pop state: MainMenuScreen
17:24:45.468 [JavaFX Application Thread] DEBUG Input                - Clearing active input actions
17:24:45.468 [JavaFX Application Thread] DEBUG GameApplicationServi - Removing overlay from MainMenuScreen and adding to MainMenuScreen
17:24:45.468 [JavaFX Application Thread] DEBUG PrimaryStageWindow   - MainMenuScreen <- MainMenuScreen
17:24:45.468 [JavaFX Application Thread] DEBUG PrimaryStageWindow   - Pop state: MainMenuScreen
17:24:45.468 [JavaFX Application Thread] DEBUG Input                - Clearing active input actions
17:24:45.468 [JavaFX Application Thread] DEBUG GameApplicationServi - Removing overlay from MainMenuScreen and adding to GameScene
17:24:45.468 [JavaFX Application Thread] DEBUG PrimaryStageWindow   - GameScene <- MainMenuScreen
17:24:45.468 [JavaFX Application Thread] DEBUG Input                - Clearing active input actions
17:24:45.471 [JavaFX Application Thread] DEBUG GameApplicationServi - Removing overlay from GameScene and adding to FXGLLoadingScene
17:24:45.471 [JavaFX Application Thread] DEBUG PrimaryStageWindow   - GameScene -> FXGLLoadingScene
17:24:45.471 [JavaFX Application Thread] DEBUG GameApplicationServi - Clearing previous game
17:24:45.471 [JavaFX Application Thread] DEBUG GameScene            - Clearing game scene
17:24:45.471 [JavaFX Application Thread] DEBUG GameWorld            - Clearing game world
17:24:45.471 [JavaFX Application Thread] DEBUG PhysicsWorld         - Clearing physics world
17:24:45.472 [FXGL Background Thread 2 ] DEBUG FXGLApplication      - Initializing game
17:24:45.475 [FXGL Background Thread 2 ] DEBUG FXGLAssetLoaderServi - Loading from file system: file:/C:/Users/Ruhmer%20Jairus/OOP2-Capstone/target/classes/assets/textures/background-and-platforms/bg-fall_1280_720.png
17:24:45.510 [FXGL Background Thread 2 ] DEBUG FXGLAssetLoaderServi - Loading from file system: file:/C:/Users/Ruhmer%20Jairus/OOP2-Capstone/target/classes/assets/textures/background-and-platforms/hdlargerplatform-fall.png
17:24:45.552 [FXGL Background Thread 2 ] INFO  FXGLApplication      - Game initialization took: 0.081 sec
17:24:45.553 [JavaFX Application Thread] DEBUG Input                - Clearing active input actions
17:24:45.555 [JavaFX Application Thread] DEBUG GameApplicationServi - Removing overlay from FXGLLoadingScene and adding to GameScene
17:24:45.555 [JavaFX Application Thread] DEBUG PrimaryStageWindow   - FXGLLoadingScene -> GameScene
17:24:47.470 [JavaFX Application Thread] DEBUG AudioPlayer          - Stopping music com.almasb.fxgl.audio.Music@23f28148
17:24:47.471 [JavaFX Application Thread] DEBUG AudioPlayer          - Stopping music com.almasb.fxgl.audio.Music@23f28148
17:24:47.471 [JavaFX Application Thread] DEBUG AudioPlayer          - Stopping music com.almasb.fxgl.audio.Music@23f28148
17:24:56.413 [JavaFX Application Thread] DEBUG AudioPlayer          - Playing music com.almasb.fxgl.audio.Music@23f28148
17:24:56.414 [JavaFX Application Thread] DEBUG AudioPlayer          - Playing music com.almasb.fxgl.audio.Music@23f28148
17:24:56.414 [JavaFX Application Thread] DEBUG PrimaryStageWindow   - Push state: MainMenuScreen
17:24:56.414 [JavaFX Application Thread] DEBUG Input                - Clearing active input actions
17:24:56.415 [JavaFX Application Thread] DEBUG GameApplicationServi - Removing overlay from GameScene and adding to MainMenuScreen
17:24:56.415 [JavaFX Application Thread] DEBUG PrimaryStageWindow   - GameScene -> MainMenuScreen
17:24:56.420 [JavaFX Application Thread] DEBUG AudioPlayer          - Stopping music com.almasb.fxgl.audio.Music@23f28148
17:24:56.421 [JavaFX Application Thread] DEBUG AudioPlayer          - Playing music com.almasb.fxgl.audio.Music@23f28148
17:24:56.421 [JavaFX Application Thread] DEBUG AudioPlayer          - Playing music com.almasb.fxgl.audio.Music@23f28148
17:24:56.422 [JavaFX Application Thread] DEBUG PrimaryStageWindow   - Push state: MainMenuScreen
17:24:56.422 [JavaFX Application Thread] DEBUG Input                - Clearing active input actions
17:24:56.422 [JavaFX Application Thread] DEBUG GameApplicationServi - Removing overlay from MainMenuScreen and adding to MainMenuScreen
17:24:56.422 [JavaFX Application Thread] DEBUG PrimaryStageWindow   - MainMenuScreen -> MainMenuScreen
17:24:57.616 [JavaFX Application Thread] DEBUG PrimaryStageWindow   - Push state: DifficultyMenuScreen
17:24:57.616 [JavaFX Application Thread] DEBUG Input                - Clearing active input actions
17:24:57.616 [JavaFX Application Thread] DEBUG GameApplicationServi - Removing overlay from MainMenuScreen and adding to DifficultyMenuScreen
17:24:57.616 [JavaFX Application Thread] DEBUG PrimaryStageWindow   - MainMenuScreen -> DifficultyMenuScreen
17:24:58.411 [JavaFX Application Thread] DEBUG GameApplicationServi - Starting new game
17:24:58.411 [JavaFX Application Thread] DEBUG PrimaryStageWindow   - Pop state: DifficultyMenuScreen
17:24:58.411 [JavaFX Application Thread] DEBUG Input                - Clearing active input actions
17:24:58.411 [JavaFX Application Thread] DEBUG GameApplicationServi - Removing overlay from DifficultyMenuScreen and adding to MainMenuScreen
17:24:58.411 [JavaFX Application Thread] DEBUG PrimaryStageWindow   - MainMenuScreen <- DifficultyMenuScreen
17:24:58.411 [JavaFX Application Thread] DEBUG PrimaryStageWindow   - Pop state: MainMenuScreen
17:24:58.411 [JavaFX Application Thread] DEBUG Input                - Clearing active input actions
17:24:58.412 [JavaFX Application Thread] DEBUG GameApplicationServi - Removing overlay from MainMenuScreen and adding to MainMenuScreen
17:24:58.412 [JavaFX Application Thread] DEBUG PrimaryStageWindow   - MainMenuScreen <- MainMenuScreen
17:24:58.412 [JavaFX Application Thread] DEBUG PrimaryStageWindow   - Pop state: MainMenuScreen
17:24:58.412 [JavaFX Application Thread] DEBUG Input                - Clearing active input actions
17:24:58.412 [JavaFX Application Thread] DEBUG GameApplicationServi - Removing overlay from MainMenuScreen and adding to GameScene
17:24:58.412 [JavaFX Application Thread] DEBUG PrimaryStageWindow   - GameScene <- MainMenuScreen
17:24:58.412 [JavaFX Application Thread] DEBUG Input                - Clearing active input actions
17:24:58.414 [JavaFX Application Thread] DEBUG GameApplicationServi - Removing overlay from GameScene and adding to FXGLLoadingScene
17:24:58.414 [JavaFX Application Thread] DEBUG PrimaryStageWindow   - GameScene -> FXGLLoadingScene
17:24:58.414 [JavaFX Application Thread] DEBUG GameApplicationServi - Clearing previous game
17:24:58.414 [JavaFX Application Thread] DEBUG GameScene            - Clearing game scene
17:24:58.414 [JavaFX Application Thread] DEBUG GameWorld            - Clearing game world
17:24:58.414 [JavaFX Application Thread] DEBUG PhysicsWorld         - Clearing physics world
17:24:58.414 [FXGL Background Thread 2 ] DEBUG FXGLApplication      - Initializing game
17:24:58.431 [FXGL Background Thread 2 ] INFO  FXGLApplication      - Game initialization took: 0.016 sec
17:24:58.431 [JavaFX Application Thread] DEBUG Input                - Clearing active input actions
17:24:58.435 [JavaFX Application Thread] DEBUG GameApplicationServi - Removing overlay from FXGLLoadingScene and adding to GameScene
17:24:58.435 [JavaFX Application Thread] DEBUG PrimaryStageWindow   - FXGLLoadingScene -> GameScene
17:25:00.420 [JavaFX Application Thread] DEBUG AudioPlayer          - Stopping music com.almasb.fxgl.audio.Music@23f28148
17:25:00.421 [JavaFX Application Thread] DEBUG AudioPlayer          - Stopping music com.almasb.fxgl.audio.Music@23f28148
17:25:00.421 [JavaFX Application Thread] DEBUG AudioPlayer          - Stopping music com.almasb.fxgl.audio.Music@23f28148
17:25:03.440 [JavaFX Application Thread] DEBUG AudioPlayer          - Playing music com.almasb.fxgl.audio.Music@23f28148
17:25:03.441 [JavaFX Application Thread] DEBUG AudioPlayer          - Playing music com.almasb.fxgl.audio.Music@23f28148
17:25:03.441 [JavaFX Application Thread] DEBUG PrimaryStageWindow   - Push state: MainMenuScreen
17:25:03.441 [JavaFX Application Thread] DEBUG Input                - Clearing active input actions
17:25:03.441 [JavaFX Application Thread] DEBUG GameApplicationServi - Removing overlay from GameScene and adding to MainMenuScreen
17:25:03.442 [JavaFX Application Thread] DEBUG PrimaryStageWindow   - GameScene -> MainMenuScreen
17:25:03.446 [JavaFX Application Thread] DEBUG AudioPlayer          - Stopping music com.almasb.fxgl.audio.Music@23f28148
17:25:03.447 [JavaFX Application Thread] DEBUG AudioPlayer          - Playing music com.almasb.fxgl.audio.Music@23f28148
17:25:03.448 [JavaFX Application Thread] DEBUG AudioPlayer          - Playing music com.almasb.fxgl.audio.Music@23f28148
17:25:03.448 [JavaFX Application Thread] DEBUG PrimaryStageWindow   - Push state: MainMenuScreen
17:25:03.448 [JavaFX Application Thread] DEBUG Input                - Clearing active input actions
17:25:03.448 [JavaFX Application Thread] DEBUG GameApplicationServi - Removing overlay from MainMenuScreen and adding to MainMenuScreen
17:25:03.448 [JavaFX Application Thread] DEBUG PrimaryStageWindow   - MainMenuScreen -> MainMenuScreen
17:25:04.639 [JavaFX Application Thread] DEBUG FXGLApplication      - Exiting FXGL
17:25:04.639 [JavaFX Application Thread] DEBUG LoopRunner           - Stopping loop
17:25:04.639 [JavaFX Application Thread] DEBUG SystemBundleService  - Saving FXGL system data
17:25:04.641 [JavaFX Application Thread] DEBUG FileSystemAccess     - Writing to: C:\Users\Ruhmer Jairus\OOP2-Capstone\system\fxgl.bundle
17:25:04.643 [JavaFX Application Thread] DEBUG Async                - Shutting down background threads
17:25:04.643 [JavaFX Application Thread] DEBUG PrimaryStageWindow   - Closing main window
17:25:04.665 [JavaFX Application Thread] DEBUG Logger               - Closing Logger
