17:19:44.367 [main                     ] DEBUG Logger               - Configured Logger
17:19:44.395 [main                     ] DEBUG GameApplication      - Logging settings
Title: TypeWiz
Version: 0.0
Width: 1280
Height: 720
Fullscreen: true
Intro: false
Profiling: false
Single step:false
App Mode: DEVELOPER
Menu Key: ESCAPE
Stage Style: DECORATED
Scene Factory: class com.oop2.typewiz.util.CustomSceneFactory

17:19:44.650 [JavaFX Application Thread] DEBUG FXGLApplication      - Initializing FXGL
17:19:44.653 [JavaFX Application Thread] INFO  Engine               - FXGL-21.1 (27.03.2024 07.52) on WINDOWS (J:21.0.3 FX:19)
17:19:44.654 [JavaFX Application Thread] DEBUG Engine               - JRE Vendor Name: Oracle Corporation
17:19:44.654 [JavaFX Application Thread] DEBUG Engine               - Running on OS: Windows 11 version 10.0
17:19:44.654 [JavaFX Application Thread] DEBUG Engine               - Architecture: amd64
17:19:44.654 [JavaFX Application Thread] INFO  Engine               - Source code and latest versions at: https://github.com/AlmasB/FXGL
17:19:44.654 [JavaFX Application Thread] INFO  Engine               -       Ask questions and discuss at: https://github.com/AlmasB/FXGL/discussions
17:19:44.655 [JavaFX Application Thread] INFO  Engine               -              Join the FXGL chat at: https://gitter.im/AlmasB/FXGL
17:19:44.719 [JavaFX Application Thread] DEBUG PrimaryStageWindow   - Creating a JavaFX scene
17:19:44.755 [JavaFX Application Thread] DEBUG PrimaryStageWindow   - Target settings size: 1280.0 x 720.0
17:19:44.755 [JavaFX Application Thread] DEBUG PrimaryStageWindow   - Scaled scene size:    1280.0 x 720.0
17:19:44.755 [JavaFX Application Thread] DEBUG PrimaryStageWindow   - Scaled ratio: (1.0, 1.0)
17:19:44.756 [JavaFX Application Thread] DEBUG PrimaryStageWindow   - Set initial scene to FXGLStartupScene
17:19:44.759 [JavaFX Application Thread] DEBUG PrimaryStageWindow   - Opening main window
17:19:44.820 [JavaFX Application Thread] DEBUG PrimaryStageWindow   - Window border size: (14.4000244140625, 37.5999755859375)
17:19:44.820 [JavaFX Application Thread] DEBUG PrimaryStageWindow   - Scaled size: 1280.0 x 720.0
17:19:44.821 [JavaFX Application Thread] DEBUG PrimaryStageWindow   - Scaled ratio: (1.0, 1.0)
17:19:44.821 [JavaFX Application Thread] DEBUG PrimaryStageWindow   - Scene size: 1280.0 x 720.0
17:19:44.821 [JavaFX Application Thread] DEBUG PrimaryStageWindow   - Stage size: 1294.4000244140625 x 757.5999755859375
17:19:44.883 [JavaFX Application Thread] DEBUG PrimaryStageWindow   - Going fullscreen
17:19:44.893 [FXGL Background Thread 1 ] DEBUG Engine               - Initializing environment variables
17:19:44.940 [FXGL Background Thread 1 ] DEBUG FXGLAssetLoaderServi - User app class for loading assets: class com.oop2.typewiz.TypeWizApp
17:19:44.941 [FXGL Background Thread 1 ] DEBUG GameApplicationServi - Applying CSS: fxgl_dark.css
17:19:44.941 [FXGL Background Thread 1 ] DEBUG FXGLAssetLoaderServi - Loading from file system: jar:file:///C:/Users/Ruhmer%20Jairus/.m2/repository/com/github/almasb/fxgl/21.1/fxgl-21.1.jar!/fxglassets/ui/css/fxgl_dark.css
17:19:44.985 [FXGL Background Thread 1 ] DEBUG GameApplicationServi - Initializing application scenes
17:19:45.046 [FXGL Background Thread 1 ] DEBUG GameWorld            - Game world initialized
17:19:45.100 [FXGL Background Thread 1 ] DEBUG PhysicsWorld         - Physics world initialized: appHeight=720, physics.ppm=50.0
17:19:45.100 [FXGL Background Thread 1 ] DEBUG PhysicsWorld         - Using strategy: BRUTE_FORCE
17:19:45.103 [FXGL Background Thread 1 ] DEBUG GameScene            - Game scene initialized: 1280x720
17:19:45.326 [FXGL Background Thread 1 ] DEBUG GameApplicationServi - Application scenes initialized
17:19:45.333 [FXGL Background Thread 1 ] DEBUG SystemBundleService  - Loading FXGL system data
17:19:45.336 [FXGL Background Thread 1 ] DEBUG FileSystemAccess     - Reading from: C:\Users\Ruhmer Jairus\OOP2-Capstone\system\fxgl.bundle
17:19:45.342 [FXGL Background Thread 1 ] DEBUG SystemBundleService  - Bundle FXGL: {}
17:19:45.342 [FXGL Background Thread 1 ] DEBUG UpdaterService       - Checking for updates
17:19:45.345 [FXGL Background Thread 4 ] DEBUG FXGLApplication      - Loading fonts
17:19:45.345 [FXGL Background Thread 1 ] DEBUG FXGLApplication      - Loading default localization
17:19:45.345 [FXGL Background Thread 4 ] DEBUG FXGLAssetLoaderServi - Loading from file system: jar:file:///C:/Users/Ruhmer%20Jairus/.m2/repository/com/github/almasb/fxgl/21.1/fxgl-21.1.jar!/fxglassets/ui/fonts/VarelaRound-Regular.ttf
17:19:45.346 [FXGL Background Thread 1 ] DEBUG FXGLAssetLoaderServi - Loading from file system: jar:file:///C:/Users/Ruhmer%20Jairus/.m2/repository/com/github/almasb/fxgl/21.1/fxgl-21.1.jar!/fxglassets/languages/english.lang
17:19:45.368 [FXGL Background Thread 1 ] INFO  FXGLApplication      - FXGL initialization took: 0.476 sec
17:19:45.369 [JavaFX Application Thread] DEBUG FXGLAssetLoaderServi - Loading from file system: jar:file:///C:/Users/Ruhmer%20Jairus/.m2/repository/com/github/almasb/fxgl/21.1/fxgl-21.1.jar!/fxglassets/textures/fxgl_icon.png
17:19:45.377 [FXGL Background Thread 4 ] DEBUG FXGLAssetLoaderServi - Loading from file system: jar:file:///C:/Users/Ruhmer%20Jairus/.m2/repository/com/github/almasb/fxgl/21.1/fxgl-21.1.jar!/fxglassets/ui/fonts/Abel-Regular.ttf
17:19:45.382 [FXGL Background Thread 4 ] DEBUG FXGLAssetLoaderServi - Loading from file system: jar:file:///C:/Users/Ruhmer%20Jairus/.m2/repository/com/github/almasb/fxgl/21.1/fxgl-21.1.jar!/fxglassets/ui/fonts/TerminalLandMono-Regular.otf
17:19:45.384 [FXGL Background Thread 4 ] DEBUG FXGLAssetLoaderServi - Loading from file system: jar:file:///C:/Users/Ruhmer%20Jairus/.m2/repository/com/github/almasb/fxgl/21.1/fxgl-21.1.jar!/fxglassets/ui/fonts/Courier-Prime.ttf
17:19:45.387 [JavaFX Application Thread] DEBUG FXGLAssetLoaderServi - Loading from file system: jar:file:///C:/Users/Ruhmer%20Jairus/.m2/repository/com/github/almasb/fxgl/21.1/fxgl-21.1.jar!/fxglassets/textures/fxgl_default_cursor.png
17:19:45.400 [JavaFX Application Thread] DEBUG Input                - Registered new binding: Screenshot - CTRL+8
17:19:45.401 [JavaFX Application Thread] DEBUG Input                - Registered new binding: System info dump - CTRL+9
17:19:45.402 [JavaFX Application Thread] DEBUG Input                - Registered new binding: Restart - CTRL+R
17:19:45.404 [JavaFX Application Thread] DEBUG Input                - Registered new binding: Toggle Debug Camera - CTRL+7
17:19:45.406 [JavaFX Application Thread] DEBUG LoopRunner           - Starting loop
17:19:45.406 [JavaFX Application Thread] DEBUG LoopRunner           - Initializing JavaFX AnimationTimerLoop
17:19:45.408 [JavaFX Application Thread] DEBUG Input                - Clearing active input actions
17:19:45.414 [JavaFX Application Thread] DEBUG GameApplicationServi - Removing overlay from FXGLStartupScene and adding to FXGLMainMenuDummyScene
17:19:45.415 [JavaFX Application Thread] DEBUG PrimaryStageWindow   - FXGLStartupScene -> FXGLMainMenuDummyScene
17:19:45.415 [JavaFX Application Thread] DEBUG PrimaryStageWindow   - Push state: LoginScreen
17:19:45.416 [JavaFX Application Thread] DEBUG Input                - Clearing active input actions
17:19:45.436 [JavaFX Application Thread] DEBUG GameApplicationServi - Removing overlay from FXGLMainMenuDummyScene and adding to LoginScreen
17:19:45.437 [JavaFX Application Thread] DEBUG PrimaryStageWindow   - FXGLMainMenuDummyScene -> LoginScreen
17:19:45.757 [JavaFX Application Thread] DEBUG FXGLApplication      - Registering font factories with UI factory
17:19:46.738 [JavaFX Application Thread] DEBUG FXGLAssetLoaderServi - Loading from file system: file:/C:/Users/Ruhmer%20Jairus/OOP2-Capstone/target/classes/assets/sounds/sound-library/hover.wav
17:19:46.972 [JavaFX Application Thread] DEBUG FXGLAssetLoaderServi - Loading from file system: file:/C:/Users/Ruhmer%20Jairus/OOP2-Capstone/target/classes/assets/sounds/sound-library/click.wav
17:19:46.978 [JavaFX Application Thread] DEBUG FXGLAssetLoaderServi - Loading from file system: file:/C:/Users/Ruhmer%20Jairus/OOP2-Capstone/target/classes/assets/music/magic.wav
17:19:47.185 [JavaFX Application Thread] DEBUG AudioPlayer          - Playing music com.almasb.fxgl.audio.Music@6d6da66d
17:19:47.228 [JavaFX Application Thread] DEBUG PrimaryStageWindow   - Push state: LoadingScreen
17:19:47.229 [JavaFX Application Thread] DEBUG Input                - Clearing active input actions
17:19:47.229 [JavaFX Application Thread] DEBUG GameApplicationServi - Removing overlay from LoginScreen and adding to LoadingScreen
17:19:47.229 [JavaFX Application Thread] DEBUG PrimaryStageWindow   - LoginScreen -> LoadingScreen
17:19:47.229 [JavaFX Application Thread] DEBUG FXGLAssetLoaderServi - Loading from file system: file:/C:/Users/Ruhmer%20Jairus/OOP2-Capstone/target/classes/assets/textures/magicbook.png
17:19:47.232 [JavaFX Application Thread] DEBUG FXGLAssetLoaderServi - Loading from file system: file:/C:/Users/Ruhmer%20Jairus/OOP2-Capstone/target/classes/assets/textures/magicbook_hover.png
17:19:48.345 [FXGL Background Thread 3 ] DEBUG Engine               - Logging environment variables
17:19:48.345 [FXGL Background Thread 3 ] DEBUG Engine               - achievements: []
17:19:48.345 [FXGL Background Thread 3 ] DEBUG Engine               - actualHeight: 864.0
17:19:48.345 [FXGL Background Thread 3 ] DEBUG Engine               - actualHeightProperty: ReadOnlyDoubleProperty [value: 864.0]
17:19:48.345 [FXGL Background Thread 3 ] DEBUG Engine               - actualWidth: 1536.0
17:19:48.345 [FXGL Background Thread 3 ] DEBUG Engine               - actualWidthProperty: ReadOnlyDoubleProperty [value: 1536.0]
17:19:48.345 [FXGL Background Thread 3 ] DEBUG Engine               - appIcon: fxgl_icon.png
17:19:48.345 [FXGL Background Thread 3 ] DEBUG Engine               - applicationMode: DEVELOPER
17:19:48.345 [FXGL Background Thread 3 ] DEBUG Engine               - cSSList: [fxgl_dark.css]
17:19:48.345 [FXGL Background Thread 3 ] DEBUG Engine               - collisionDetectionStrategy: BRUTE_FORCE
17:19:48.345 [FXGL Background Thread 3 ] DEBUG Engine               - configClass: Optional.empty
17:19:48.345 [FXGL Background Thread 3 ] DEBUG Engine               - credits: []
17:19:48.349 [FXGL Background Thread 3 ] DEBUG Engine               - defaultCursor: CursorInfo(imageName=fxgl_default_cursor.png, hotspotX=7.0, hotspotY=6.0)
17:19:48.349 [FXGL Background Thread 3 ] DEBUG Engine               - devBBoxColorProperty: ObjectProperty [value: 0xff0000ff]
17:19:48.349 [FXGL Background Thread 3 ] DEBUG Engine               - devEnableDebugCameraProperty: BooleanProperty [value: false]
17:19:48.349 [FXGL Background Thread 3 ] DEBUG Engine               - devSensorColorProperty: ObjectProperty [value: 0xffff00ff]
17:19:48.349 [FXGL Background Thread 3 ] DEBUG Engine               - devShowBBoxProperty: BooleanProperty [value: false]
17:19:48.349 [FXGL Background Thread 3 ] DEBUG Engine               - devShowPositionProperty: BooleanProperty [value: false]
17:19:48.349 [FXGL Background Thread 3 ] DEBUG Engine               - enabledMenuItems: []
17:19:48.349 [FXGL Background Thread 3 ] DEBUG Engine               - engineServices: [class com.almasb.fxgl.app.services.FXGLAssetLoaderService, class com.almasb.fxgl.app.FXGLApplication$GameApplicationService, class com.almasb.fxgl.app.services.FXGLDialogService, class com.almasb.fxgl.app.services.IOTaskExecutorService, class com.almasb.fxgl.io.FileSystemService, class com.almasb.fxgl.localization.LocalizationService, class com.almasb.fxgl.app.services.SystemBundleService, class com.almasb.fxgl.profile.SaveLoadService, class com.almasb.fxgl.ui.FXGLUIFactoryServiceProvider, class com.almasb.fxgl.ui.FXGLDialogFactoryServiceProvider, class com.almasb.fxgl.audio.AudioPlayer, class com.almasb.fxgl.notification.impl.NotificationServiceProvider, class com.almasb.fxgl.achievement.AchievementService, class com.almasb.fxgl.cutscene.CutsceneService, class com.almasb.fxgl.minigames.MiniGameService, class com.almasb.fxgl.net.NetService, class com.almasb.fxgl.app.services.UpdaterService, class com.almasb.fxgl.dev.DevService]
17:19:48.349 [FXGL Background Thread 3 ] DEBUG Engine               - fontGame: Abel-Regular.ttf
17:19:48.350 [FXGL Background Thread 3 ] DEBUG Engine               - fontMono: TerminalLandMono-Regular.otf
17:19:48.350 [FXGL Background Thread 3 ] DEBUG Engine               - fontSizeScaleUI: 1.0
17:19:48.350 [FXGL Background Thread 3 ] DEBUG Engine               - fontText: Courier-Prime.ttf
17:19:48.350 [FXGL Background Thread 3 ] DEBUG Engine               - fontUI: VarelaRound-Regular.ttf
17:19:48.350 [FXGL Background Thread 3 ] DEBUG Engine               - fullScreen: BooleanProperty [value: true]
17:19:48.350 [FXGL Background Thread 3 ] DEBUG Engine               - gameDifficulty: MEDIUM
17:19:48.350 [FXGL Background Thread 3 ] DEBUG Engine               - gameDifficultyProperty: ObjectProperty [value: MEDIUM]
17:19:48.350 [FXGL Background Thread 3 ] DEBUG Engine               - globalMusicVolume: 0.5
17:19:48.350 [FXGL Background Thread 3 ] DEBUG Engine               - globalMusicVolumeProperty: DoubleProperty [value: 0.5]
17:19:48.350 [FXGL Background Thread 3 ] DEBUG Engine               - globalSoundVolume: 0.5
17:19:48.350 [FXGL Background Thread 3 ] DEBUG Engine               - globalSoundVolumeProperty: DoubleProperty [value: 0.5]
17:19:48.350 [FXGL Background Thread 3 ] DEBUG Engine               - height: 720
17:19:48.350 [FXGL Background Thread 3 ] DEBUG Engine               - is3D: false
17:19:48.350 [FXGL Background Thread 3 ] DEBUG Engine               - isAndroid: false
17:19:48.350 [FXGL Background Thread 3 ] DEBUG Engine               - isBrowser: false
17:19:48.350 [FXGL Background Thread 3 ] DEBUG Engine               - isClickFeedbackEnabled: false
17:19:48.350 [FXGL Background Thread 3 ] DEBUG Engine               - isCloseConfirmation: false
17:19:48.350 [FXGL Background Thread 3 ] DEBUG Engine               - isDesktop: true
17:19:48.350 [FXGL Background Thread 3 ] DEBUG Engine               - isDeveloperMenuEnabled: false
17:19:48.350 [FXGL Background Thread 3 ] DEBUG Engine               - isEmbedded: false
17:19:48.350 [FXGL Background Thread 3 ] DEBUG Engine               - isEntityPreloadEnabled: true
17:19:48.350 [FXGL Background Thread 3 ] DEBUG Engine               - isExperimentalTiledLargeMap: false
17:19:48.350 [FXGL Background Thread 3 ] DEBUG Engine               - isFileSystemWriteAllowed: true
17:19:48.350 [FXGL Background Thread 3 ] DEBUG Engine               - isFullScreenAllowed: true
17:19:48.350 [FXGL Background Thread 3 ] DEBUG Engine               - isFullScreenFromStart: true
17:19:48.351 [FXGL Background Thread 3 ] DEBUG Engine               - isGameMenuEnabled: false
17:19:48.351 [FXGL Background Thread 3 ] DEBUG Engine               - isIOS: false
17:19:48.351 [FXGL Background Thread 3 ] DEBUG Engine               - isIntroEnabled: false
17:19:48.351 [FXGL Background Thread 3 ] DEBUG Engine               - isLinux: false
17:19:48.351 [FXGL Background Thread 3 ] DEBUG Engine               - isMac: false
17:19:48.351 [FXGL Background Thread 3 ] DEBUG Engine               - isMainMenuEnabled: true
17:19:48.351 [FXGL Background Thread 3 ] DEBUG Engine               - isManualResizeEnabled: false
17:19:48.351 [FXGL Background Thread 3 ] DEBUG Engine               - isMobile: false
17:19:48.351 [FXGL Background Thread 3 ] DEBUG Engine               - isNative: false
17:19:48.351 [FXGL Background Thread 3 ] DEBUG Engine               - isPauseMusicWhenMinimized: true
17:19:48.351 [FXGL Background Thread 3 ] DEBUG Engine               - isPreserveResizeRatio: false
17:19:48.351 [FXGL Background Thread 3 ] DEBUG Engine               - isProfilingEnabled: false
17:19:48.351 [FXGL Background Thread 3 ] DEBUG Engine               - isScaleAffectedOnResize: true
17:19:48.351 [FXGL Background Thread 3 ] DEBUG Engine               - isSingleStep: false
17:19:48.351 [FXGL Background Thread 3 ] DEBUG Engine               - isUserProfileEnabled: false
17:19:48.351 [FXGL Background Thread 3 ] DEBUG Engine               - isWindows: true
17:19:48.351 [FXGL Background Thread 3 ] DEBUG Engine               - language: ObjectProperty [value: ENGLISH]
17:19:48.351 [FXGL Background Thread 3 ] DEBUG Engine               - menuKey: ESCAPE
17:19:48.351 [FXGL Background Thread 3 ] DEBUG Engine               - mouseSensitivity: 0.2
17:19:48.351 [FXGL Background Thread 3 ] DEBUG Engine               - notificationViewClass: class com.almasb.fxgl.notification.view.XboxNotificationView
17:19:48.351 [FXGL Background Thread 3 ] DEBUG Engine               - pixelsPerMeter: 50.0
17:19:48.351 [FXGL Background Thread 3 ] DEBUG Engine               - platform: WINDOWS
17:19:48.351 [FXGL Background Thread 3 ] DEBUG Engine               - prefHeightProperty: ReadOnlyDoubleProperty [value: 720.0]
17:19:48.351 [FXGL Background Thread 3 ] DEBUG Engine               - prefWidthProperty: ReadOnlyDoubleProperty [value: 1280.0]
17:19:48.351 [FXGL Background Thread 3 ] DEBUG Engine               - profileDir: profiles/
17:19:48.351 [FXGL Background Thread 3 ] DEBUG Engine               - profileName: StringProperty [value: DEFAULT]
17:19:48.351 [FXGL Background Thread 3 ] DEBUG Engine               - randomSeed: -1
17:19:48.351 [FXGL Background Thread 3 ] DEBUG Engine               - runtimeInfo: RuntimeInfo(platform=WINDOWS, version=21.1, build=27.03.2024 07.52)
17:19:48.352 [FXGL Background Thread 3 ] DEBUG Engine               - saveFileExt: sav
17:19:48.352 [FXGL Background Thread 3 ] DEBUG Engine               - scaledHeightProp$fxgl: DoubleProperty [bound, value: 864.0]
17:19:48.352 [FXGL Background Thread 3 ] DEBUG Engine               - scaledWidthProp$fxgl: DoubleProperty [bound, value: 1536.0]
17:19:48.352 [FXGL Background Thread 3 ] DEBUG Engine               - sceneFactory: com.oop2.typewiz.util.CustomSceneFactory@235b3d6c
17:19:48.352 [FXGL Background Thread 3 ] DEBUG Engine               - secondsIn24h: 60
17:19:48.352 [FXGL Background Thread 3 ] DEBUG Engine               - soundMenuBack: menu/back.wav
17:19:48.352 [FXGL Background Thread 3 ] DEBUG Engine               - soundMenuPress: menu/press.wav
17:19:48.352 [FXGL Background Thread 3 ] DEBUG Engine               - soundMenuSelect: menu/select.wav
17:19:48.352 [FXGL Background Thread 3 ] DEBUG Engine               - soundNotification: core/notification.wav
17:19:48.352 [FXGL Background Thread 3 ] DEBUG Engine               - stageStyle: DECORATED
17:19:48.352 [FXGL Background Thread 3 ] DEBUG Engine               - supportedLanguages: [ENGLISH, FRENCH, GERMAN, HUNGARIAN, RUSSIAN]
17:19:48.352 [FXGL Background Thread 3 ] DEBUG Engine               - ticksPerSecond: -1
17:19:48.352 [FXGL Background Thread 3 ] DEBUG Engine               - title: TypeWiz
17:19:48.352 [FXGL Background Thread 3 ] DEBUG Engine               - urlGithub: https://github.com/AlmasB/FXGL
17:19:48.352 [FXGL Background Thread 3 ] DEBUG Engine               - urlLeaderboard: http://fxgl-top.herokuapp.com/
17:19:48.352 [FXGL Background Thread 3 ] DEBUG Engine               - urlPOM: https://raw.githubusercontent.com/AlmasB/FXGL/release/README.md
17:19:48.352 [FXGL Background Thread 3 ] DEBUG Engine               - userAppClass: class com.oop2.typewiz.TypeWizApp
17:19:48.352 [FXGL Background Thread 3 ] DEBUG Engine               - version: 0.0
17:19:48.352 [FXGL Background Thread 3 ] DEBUG Engine               - versionCheckDays: 7
17:19:48.352 [FXGL Background Thread 3 ] DEBUG Engine               - width: 1280
17:19:48.352 [FXGL Background Thread 3 ] DEBUG Engine               - Logging services
17:19:48.352 [FXGL Background Thread 3 ] DEBUG Engine               - class com.almasb.fxgl.app.services.FXGLAssetLoaderService
17:19:48.352 [FXGL Background Thread 3 ] DEBUG Engine               - class com.almasb.fxgl.app.FXGLApplication$GameApplicationService
17:19:48.352 [FXGL Background Thread 3 ] DEBUG Engine               - class com.almasb.fxgl.app.services.FXGLDialogService
17:19:48.352 [FXGL Background Thread 3 ] DEBUG Engine               - class com.almasb.fxgl.app.services.IOTaskExecutorService
17:19:48.352 [FXGL Background Thread 3 ] DEBUG Engine               - class com.almasb.fxgl.io.FileSystemService
17:19:48.352 [FXGL Background Thread 3 ] DEBUG Engine               - class com.almasb.fxgl.localization.LocalizationService
17:19:48.352 [FXGL Background Thread 3 ] DEBUG Engine               - class com.almasb.fxgl.app.services.SystemBundleService
17:19:48.352 [FXGL Background Thread 3 ] DEBUG Engine               - class com.almasb.fxgl.profile.SaveLoadService
17:19:48.352 [FXGL Background Thread 3 ] DEBUG Engine               - class com.almasb.fxgl.ui.FXGLUIFactoryServiceProvider
17:19:48.352 [FXGL Background Thread 3 ] DEBUG Engine               - class com.almasb.fxgl.ui.FXGLDialogFactoryServiceProvider
17:19:48.352 [FXGL Background Thread 3 ] DEBUG Engine               - class com.almasb.fxgl.audio.AudioPlayer
17:19:48.352 [FXGL Background Thread 3 ] DEBUG Engine               - class com.almasb.fxgl.notification.impl.NotificationServiceProvider
17:19:48.352 [FXGL Background Thread 3 ] DEBUG Engine               - class com.almasb.fxgl.achievement.AchievementService
17:19:48.352 [FXGL Background Thread 3 ] DEBUG Engine               - class com.almasb.fxgl.cutscene.CutsceneService
17:19:48.352 [FXGL Background Thread 3 ] DEBUG Engine               - class com.almasb.fxgl.minigames.MiniGameService
17:19:48.352 [FXGL Background Thread 3 ] DEBUG Engine               - class com.almasb.fxgl.net.NetService
17:19:48.352 [FXGL Background Thread 3 ] DEBUG Engine               - class com.almasb.fxgl.app.services.UpdaterService
17:19:48.352 [FXGL Background Thread 3 ] DEBUG Engine               - class com.almasb.fxgl.dev.DevService
17:19:50.244 [JavaFX Application Thread] DEBUG FXGLAssetLoaderServi - Loading from file system: file:/C:/Users/Ruhmer%20Jairus/OOP2-Capstone/target/classes/assets/music/bgm.mp3
17:19:50.248 [JavaFX Application Thread] DEBUG FXGLAssetLoaderServi - Loading from file system: file:/C:/Users/Ruhmer%20Jairus/OOP2-Capstone/target/classes/assets/music/bgm2.mp3
17:19:50.253 [JavaFX Application Thread] DEBUG FXGLAssetLoaderServi - Loading from file system: file:/C:/Users/Ruhmer%20Jairus/OOP2-Capstone/target/classes/assets/sounds/sound-library/type.mp3
17:19:50.255 [JavaFX Application Thread] DEBUG FXGLAssetLoaderServi - Loading from file system: file:/C:/Users/Ruhmer%20Jairus/OOP2-Capstone/target/classes/assets/sounds/sound-library/death.mp3
17:19:50.257 [JavaFX Application Thread] DEBUG FXGLAssetLoaderServi - Loading from file system: file:/C:/Users/Ruhmer%20Jairus/OOP2-Capstone/target/classes/assets/sounds/sound-library/gameover.wav
17:19:50.259 [JavaFX Application Thread] DEBUG FXGLAssetLoaderServi - Loading from file system: file:/C:/Users/Ruhmer%20Jairus/OOP2-Capstone/target/classes/assets/sounds/sound-library/victory.mp3
17:19:50.260 [JavaFX Application Thread] DEBUG FXGLAssetLoaderServi - Loading from file system: file:/C:/Users/Ruhmer%20Jairus/OOP2-Capstone/target/classes/assets/sounds/sound-library/wave.mp3
17:19:50.262 [JavaFX Application Thread] DEBUG FXGLAssetLoaderServi - Loading from file system: file:/C:/Users/Ruhmer%20Jairus/OOP2-Capstone/target/classes/assets/sounds/sound-library/flappingsfx.wav
17:19:50.263 [JavaFX Application Thread] DEBUG FXGLAssetLoaderServi - Loading from file system: file:/C:/Users/Ruhmer%20Jairus/OOP2-Capstone/target/classes/assets/sounds/sound-library/error.mp3
17:19:50.265 [JavaFX Application Thread] DEBUG FXGLAssetLoaderServi - Loading from file system: file:/C:/Users/Ruhmer%20Jairus/OOP2-Capstone/target/classes/assets/sounds/sound-library/spacebar.mp3
17:19:50.267 [JavaFX Application Thread] DEBUG FXGLAssetLoaderServi - Loading from file system: file:/C:/Users/Ruhmer%20Jairus/OOP2-Capstone/target/classes/assets/sounds/sound-library/shift.mp3
17:19:50.268 [JavaFX Application Thread] DEBUG FXGLAssetLoaderServi - Loading from file system: file:/C:/Users/Ruhmer%20Jairus/OOP2-Capstone/target/classes/assets/sounds/sound-library/damage.mp3
17:19:50.270 [JavaFX Application Thread] DEBUG AudioPlayer          - Playing music com.almasb.fxgl.audio.Music@4ffa95ef
17:19:50.274 [JavaFX Application Thread] DEBUG AudioPlayer          - Playing music com.almasb.fxgl.audio.Music@4ffa95ef
17:19:50.274 [JavaFX Application Thread] DEBUG PrimaryStageWindow   - Push state: MainMenuScreen
17:19:50.274 [JavaFX Application Thread] DEBUG Input                - Clearing active input actions
17:19:50.274 [JavaFX Application Thread] DEBUG GameApplicationServi - Removing overlay from LoadingScreen and adding to MainMenuScreen
17:19:50.274 [JavaFX Application Thread] DEBUG PrimaryStageWindow   - LoadingScreen -> MainMenuScreen
17:19:51.175 [JavaFX Application Thread] DEBUG PrimaryStageWindow   - Push state: DifficultyMenuScreen
17:19:51.175 [JavaFX Application Thread] DEBUG Input                - Clearing active input actions
17:19:51.175 [JavaFX Application Thread] DEBUG GameApplicationServi - Removing overlay from MainMenuScreen and adding to DifficultyMenuScreen
17:19:51.176 [JavaFX Application Thread] DEBUG PrimaryStageWindow   - MainMenuScreen -> DifficultyMenuScreen
17:19:52.169 [JavaFX Application Thread] DEBUG GameApplicationServi - Starting new game
17:19:52.170 [JavaFX Application Thread] DEBUG PrimaryStageWindow   - Pop state: DifficultyMenuScreen
17:19:52.170 [JavaFX Application Thread] DEBUG Input                - Clearing active input actions
17:19:52.171 [JavaFX Application Thread] DEBUG GameApplicationServi - Removing overlay from DifficultyMenuScreen and adding to MainMenuScreen
17:19:52.171 [JavaFX Application Thread] DEBUG PrimaryStageWindow   - MainMenuScreen <- DifficultyMenuScreen
17:19:52.174 [JavaFX Application Thread] DEBUG PrimaryStageWindow   - Pop state: MainMenuScreen
17:19:52.174 [JavaFX Application Thread] DEBUG Input                - Clearing active input actions
17:19:52.175 [JavaFX Application Thread] DEBUG GameApplicationServi - Removing overlay from MainMenuScreen and adding to LoadingScreen
17:19:52.175 [JavaFX Application Thread] DEBUG PrimaryStageWindow   - LoadingScreen <- MainMenuScreen
17:19:52.175 [JavaFX Application Thread] DEBUG PrimaryStageWindow   - Pop state: LoadingScreen
17:19:52.175 [JavaFX Application Thread] DEBUG Input                - Clearing active input actions
17:19:52.175 [JavaFX Application Thread] DEBUG GameApplicationServi - Removing overlay from LoadingScreen and adding to LoginScreen
17:19:52.176 [JavaFX Application Thread] DEBUG PrimaryStageWindow   - LoginScreen <- LoadingScreen
17:19:52.176 [JavaFX Application Thread] DEBUG PrimaryStageWindow   - Pop state: LoginScreen
17:19:52.176 [JavaFX Application Thread] DEBUG Input                - Clearing active input actions
17:19:52.177 [JavaFX Application Thread] DEBUG GameApplicationServi - Removing overlay from LoginScreen and adding to FXGLMainMenuDummyScene
17:19:52.177 [JavaFX Application Thread] DEBUG PrimaryStageWindow   - FXGLMainMenuDummyScene <- LoginScreen
17:19:52.177 [JavaFX Application Thread] DEBUG Input                - Clearing active input actions
17:19:52.187 [JavaFX Application Thread] DEBUG GameApplicationServi - Removing overlay from FXGLMainMenuDummyScene and adding to FXGLLoadingScene
17:19:52.187 [JavaFX Application Thread] DEBUG PrimaryStageWindow   - FXGLMainMenuDummyScene -> FXGLLoadingScene
17:19:52.187 [JavaFX Application Thread] DEBUG GameApplicationServi - Clearing previous game
17:19:52.187 [JavaFX Application Thread] DEBUG GameScene            - Clearing game scene
17:19:52.187 [JavaFX Application Thread] DEBUG GameWorld            - Clearing game world
17:19:52.189 [JavaFX Application Thread] DEBUG PhysicsWorld         - Clearing physics world
17:19:52.190 [FXGL Background Thread 2 ] DEBUG FXGLApplication      - Initializing game
17:19:52.216 [FXGL Background Thread 2 ] DEBUG FXGLAssetLoaderServi - Loading from file system: file:/C:/Users/Ruhmer%20Jairus/OOP2-Capstone/target/classes/assets/textures/background-and-platforms/bg-midnightpurple_1280_720.png
17:19:52.265 [FXGL Background Thread 2 ] DEBUG FXGLAssetLoaderServi - Loading from file system: file:/C:/Users/Ruhmer%20Jairus/OOP2-Capstone/target/classes/assets/textures/background-and-platforms/hdlargerplatform-purple.png
17:19:52.327 [FXGL Background Thread 2 ] DEBUG FXGLAssetLoaderServi - Loading from file system: file:/C:/Users/Ruhmer%20Jairus/OOP2-Capstone/target/classes/assets/textures/wizard/wizard.png
17:19:52.380 [FXGL Background Thread 2 ] DEBUG FXGLAssetLoaderServi - Loading from file system: file:/C:/Users/Ruhmer%20Jairus/OOP2-Capstone/target/classes/assets/textures/mobs/gargoyle/gargoyle.png
17:19:52.395 [FXGL Background Thread 2 ] DEBUG FXGLAssetLoaderServi - Loading from file system: file:/C:/Users/Ruhmer%20Jairus/OOP2-Capstone/target/classes/assets/textures/mobs/grimouge/grimouge.png
17:19:52.425 [FXGL Background Thread 2 ] DEBUG FXGLAssetLoaderServi - Loading from file system: file:/C:/Users/Ruhmer%20Jairus/OOP2-Capstone/target/classes/assets/textures/mobs/vyleye/vyleye.png
17:19:52.461 [FXGL Background Thread 2 ] INFO  FXGLApplication      - Game initialization took: 0.271 sec
17:19:52.463 [JavaFX Application Thread] DEBUG Input                - Clearing active input actions
17:19:52.466 [JavaFX Application Thread] DEBUG GameApplicationServi - Removing overlay from FXGLLoadingScene and adding to GameScene
17:19:52.466 [JavaFX Application Thread] DEBUG PrimaryStageWindow   - FXGLLoadingScene -> GameScene
17:19:54.179 [JavaFX Application Thread] DEBUG AudioPlayer          - Stopping music com.almasb.fxgl.audio.Music@4ffa95ef
17:19:54.180 [JavaFX Application Thread] DEBUG AudioPlayer          - Stopping music com.almasb.fxgl.audio.Music@4ffa95ef
17:20:22.560 [JavaFX Application Thread] DEBUG AudioPlayer          - Playing music com.almasb.fxgl.audio.Music@4ffa95ef
17:20:22.562 [JavaFX Application Thread] DEBUG AudioPlayer          - Playing music com.almasb.fxgl.audio.Music@4ffa95ef
17:20:22.562 [JavaFX Application Thread] DEBUG PrimaryStageWindow   - Push state: MainMenuScreen
17:20:22.562 [JavaFX Application Thread] DEBUG Input                - Clearing active input actions
17:20:22.562 [JavaFX Application Thread] DEBUG GameApplicationServi - Removing overlay from GameScene and adding to MainMenuScreen
17:20:22.562 [JavaFX Application Thread] DEBUG PrimaryStageWindow   - GameScene -> MainMenuScreen
17:20:22.578 [JavaFX Application Thread] DEBUG AudioPlayer          - Stopping music com.almasb.fxgl.audio.Music@4ffa95ef
17:20:22.579 [JavaFX Application Thread] DEBUG AudioPlayer          - Playing music com.almasb.fxgl.audio.Music@4ffa95ef
17:20:22.580 [JavaFX Application Thread] DEBUG AudioPlayer          - Playing music com.almasb.fxgl.audio.Music@4ffa95ef
17:20:22.580 [JavaFX Application Thread] DEBUG PrimaryStageWindow   - Push state: MainMenuScreen
17:20:22.580 [JavaFX Application Thread] DEBUG Input                - Clearing active input actions
17:20:22.580 [JavaFX Application Thread] DEBUG GameApplicationServi - Removing overlay from MainMenuScreen and adding to MainMenuScreen
17:20:22.580 [JavaFX Application Thread] DEBUG PrimaryStageWindow   - MainMenuScreen -> MainMenuScreen
17:20:23.622 [JavaFX Application Thread] DEBUG PrimaryStageWindow   - Push state: HowToPlayScreen
17:20:23.622 [JavaFX Application Thread] DEBUG Input                - Clearing active input actions
17:20:23.623 [JavaFX Application Thread] DEBUG GameApplicationServi - Removing overlay from MainMenuScreen and adding to HowToPlayScreen
17:20:23.623 [JavaFX Application Thread] DEBUG PrimaryStageWindow   - MainMenuScreen -> HowToPlayScreen
17:20:24.766 [JavaFX Application Thread] DEBUG PrimaryStageWindow   - Pop state: HowToPlayScreen
17:20:24.766 [JavaFX Application Thread] DEBUG Input                - Clearing active input actions
17:20:24.766 [JavaFX Application Thread] DEBUG GameApplicationServi - Removing overlay from HowToPlayScreen and adding to MainMenuScreen
17:20:24.767 [JavaFX Application Thread] DEBUG PrimaryStageWindow   - MainMenuScreen <- HowToPlayScreen
17:20:25.346 [JavaFX Application Thread] DEBUG PrimaryStageWindow   - Push state: DifficultyMenuScreen
17:20:25.346 [JavaFX Application Thread] DEBUG Input                - Clearing active input actions
17:20:25.347 [JavaFX Application Thread] DEBUG GameApplicationServi - Removing overlay from MainMenuScreen and adding to DifficultyMenuScreen
17:20:25.347 [JavaFX Application Thread] DEBUG PrimaryStageWindow   - MainMenuScreen -> DifficultyMenuScreen
17:20:26.376 [JavaFX Application Thread] DEBUG GameApplicationServi - Starting new game
17:20:26.376 [JavaFX Application Thread] DEBUG PrimaryStageWindow   - Pop state: DifficultyMenuScreen
17:20:26.376 [JavaFX Application Thread] DEBUG Input                - Clearing active input actions
17:20:26.377 [JavaFX Application Thread] DEBUG GameApplicationServi - Removing overlay from DifficultyMenuScreen and adding to MainMenuScreen
17:20:26.377 [JavaFX Application Thread] DEBUG PrimaryStageWindow   - MainMenuScreen <- DifficultyMenuScreen
17:20:26.377 [JavaFX Application Thread] DEBUG PrimaryStageWindow   - Pop state: MainMenuScreen
17:20:26.377 [JavaFX Application Thread] DEBUG Input                - Clearing active input actions
17:20:26.377 [JavaFX Application Thread] DEBUG GameApplicationServi - Removing overlay from MainMenuScreen and adding to MainMenuScreen
17:20:26.377 [JavaFX Application Thread] DEBUG PrimaryStageWindow   - MainMenuScreen <- MainMenuScreen
17:20:26.377 [JavaFX Application Thread] DEBUG PrimaryStageWindow   - Pop state: MainMenuScreen
17:20:26.377 [JavaFX Application Thread] DEBUG Input                - Clearing active input actions
17:20:26.377 [JavaFX Application Thread] DEBUG GameApplicationServi - Removing overlay from MainMenuScreen and adding to GameScene
17:20:26.377 [JavaFX Application Thread] DEBUG PrimaryStageWindow   - GameScene <- MainMenuScreen
17:20:26.377 [JavaFX Application Thread] DEBUG Input                - Clearing active input actions
17:20:26.380 [JavaFX Application Thread] DEBUG GameApplicationServi - Removing overlay from GameScene and adding to FXGLLoadingScene
17:20:26.380 [JavaFX Application Thread] DEBUG PrimaryStageWindow   - GameScene -> FXGLLoadingScene
17:20:26.380 [JavaFX Application Thread] DEBUG GameApplicationServi - Clearing previous game
17:20:26.380 [JavaFX Application Thread] DEBUG GameScene            - Clearing game scene
17:20:26.380 [JavaFX Application Thread] DEBUG GameWorld            - Clearing game world
17:20:26.380 [JavaFX Application Thread] DEBUG PhysicsWorld         - Clearing physics world
17:20:26.380 [FXGL Background Thread 2 ] DEBUG FXGLApplication      - Initializing game
17:20:26.394 [FXGL Background Thread 2 ] INFO  FXGLApplication      - Game initialization took: 0.013 sec
17:20:26.395 [JavaFX Application Thread] DEBUG Input                - Clearing active input actions
17:20:26.399 [JavaFX Application Thread] DEBUG GameApplicationServi - Removing overlay from FXGLLoadingScene and adding to GameScene
17:20:26.399 [JavaFX Application Thread] DEBUG PrimaryStageWindow   - FXGLLoadingScene -> GameScene
17:20:28.379 [JavaFX Application Thread] DEBUG AudioPlayer          - Stopping music com.almasb.fxgl.audio.Music@4ffa95ef
17:20:28.380 [JavaFX Application Thread] DEBUG AudioPlayer          - Stopping music com.almasb.fxgl.audio.Music@4ffa95ef
17:20:28.380 [JavaFX Application Thread] DEBUG AudioPlayer          - Stopping music com.almasb.fxgl.audio.Music@4ffa95ef
17:20:29.970 [JavaFX Application Thread] DEBUG AudioPlayer          - Playing music com.almasb.fxgl.audio.Music@4ffa95ef
17:20:29.971 [JavaFX Application Thread] DEBUG AudioPlayer          - Playing music com.almasb.fxgl.audio.Music@4ffa95ef
17:20:29.971 [JavaFX Application Thread] DEBUG PrimaryStageWindow   - Push state: MainMenuScreen
17:20:29.971 [JavaFX Application Thread] DEBUG Input                - Clearing active input actions
17:20:29.972 [JavaFX Application Thread] DEBUG GameApplicationServi - Removing overlay from GameScene and adding to MainMenuScreen
17:20:29.972 [JavaFX Application Thread] DEBUG PrimaryStageWindow   - GameScene -> MainMenuScreen
17:20:29.976 [JavaFX Application Thread] DEBUG AudioPlayer          - Stopping music com.almasb.fxgl.audio.Music@4ffa95ef
17:20:29.977 [JavaFX Application Thread] DEBUG AudioPlayer          - Playing music com.almasb.fxgl.audio.Music@4ffa95ef
17:20:29.978 [JavaFX Application Thread] DEBUG AudioPlayer          - Playing music com.almasb.fxgl.audio.Music@4ffa95ef
17:20:29.978 [JavaFX Application Thread] DEBUG PrimaryStageWindow   - Push state: MainMenuScreen
17:20:29.978 [JavaFX Application Thread] DEBUG Input                - Clearing active input actions
17:20:29.978 [JavaFX Application Thread] DEBUG GameApplicationServi - Removing overlay from MainMenuScreen and adding to MainMenuScreen
17:20:29.978 [JavaFX Application Thread] DEBUG PrimaryStageWindow   - MainMenuScreen -> MainMenuScreen
17:22:42.877 [JavaFX Application Thread] DEBUG FXGLApplication      - Exiting FXGL
17:22:42.877 [JavaFX Application Thread] DEBUG LoopRunner           - Stopping loop
17:22:42.877 [JavaFX Application Thread] DEBUG SystemBundleService  - Saving FXGL system data
17:22:42.879 [JavaFX Application Thread] DEBUG FileSystemAccess     - Writing to: C:\Users\Ruhmer Jairus\OOP2-Capstone\system\fxgl.bundle
17:22:42.881 [JavaFX Application Thread] DEBUG Async                - Shutting down background threads
17:22:42.881 [JavaFX Application Thread] DEBUG PrimaryStageWindow   - Closing main window
17:22:42.903 [JavaFX Application Thread] DEBUG Logger               - Closing Logger
