17:13:56.037 [main                     ] DEBUG Logger               - Configured Logger
17:13:56.064 [main                     ] DEBUG GameApplication      - Logging settings
Title: TypeWiz
Version: 0.0
Width: 1280
Height: 720
Fullscreen: true
Intro: false
Profiling: false
Single step:false
App Mode: DEVELOPER
Menu Key: ESCAPE
Stage Style: DECORATED
Scene Factory: class com.oop2.typewiz.util.CustomSceneFactory

17:13:56.320 [JavaFX Application Thread] DEBUG FXGLApplication      - Initializing FXGL
17:13:56.323 [JavaFX Application Thread] INFO  Engine               - FXGL-21.1 (27.03.2024 07.52) on WINDOWS (J:21.0.3 FX:19)
17:13:56.324 [JavaFX Application Thread] DEBUG Engine               - JRE Vendor Name: Oracle Corporation
17:13:56.324 [JavaFX Application Thread] DEBUG Engine               - Running on OS: Windows 11 version 10.0
17:13:56.324 [JavaFX Application Thread] DEBUG Engine               - Architecture: amd64
17:13:56.324 [JavaFX Application Thread] INFO  Engine               - Source code and latest versions at: https://github.com/AlmasB/FXGL
17:13:56.324 [JavaFX Application Thread] INFO  Engine               -       Ask questions and discuss at: https://github.com/AlmasB/FXGL/discussions
17:13:56.324 [JavaFX Application Thread] INFO  Engine               -              Join the FXGL chat at: https://gitter.im/AlmasB/FXGL
17:13:56.388 [JavaFX Application Thread] DEBUG PrimaryStageWindow   - Creating a JavaFX scene
17:13:56.424 [JavaFX Application Thread] DEBUG PrimaryStageWindow   - Target settings size: 1280.0 x 720.0
17:13:56.424 [JavaFX Application Thread] DEBUG PrimaryStageWindow   - Scaled scene size:    1280.0 x 720.0
17:13:56.424 [JavaFX Application Thread] DEBUG PrimaryStageWindow   - Scaled ratio: (1.0, 1.0)
17:13:56.425 [JavaFX Application Thread] DEBUG PrimaryStageWindow   - Set initial scene to FXGLStartupScene
17:13:56.428 [JavaFX Application Thread] DEBUG PrimaryStageWindow   - Opening main window
17:13:56.490 [JavaFX Application Thread] DEBUG PrimaryStageWindow   - Window border size: (14.4000244140625, 37.5999755859375)
17:13:56.490 [JavaFX Application Thread] DEBUG PrimaryStageWindow   - Scaled size: 1280.0 x 720.0
17:13:56.490 [JavaFX Application Thread] DEBUG PrimaryStageWindow   - Scaled ratio: (1.0, 1.0)
17:13:56.491 [JavaFX Application Thread] DEBUG PrimaryStageWindow   - Scene size: 1280.0 x 720.0
17:13:56.491 [JavaFX Application Thread] DEBUG PrimaryStageWindow   - Stage size: 1294.4000244140625 x 757.5999755859375
17:13:56.553 [JavaFX Application Thread] DEBUG PrimaryStageWindow   - Going fullscreen
17:13:56.562 [FXGL Background Thread 1 ] DEBUG Engine               - Initializing environment variables
17:13:56.606 [FXGL Background Thread 1 ] DEBUG FXGLAssetLoaderServi - User app class for loading assets: class com.oop2.typewiz.TypeWizApp
17:13:56.606 [FXGL Background Thread 1 ] DEBUG GameApplicationServi - Applying CSS: fxgl_dark.css
17:13:56.607 [FXGL Background Thread 1 ] DEBUG FXGLAssetLoaderServi - Loading from file system: jar:file:///C:/Users/Ruhmer%20Jairus/.m2/repository/com/github/almasb/fxgl/21.1/fxgl-21.1.jar!/fxglassets/ui/css/fxgl_dark.css
17:13:56.645 [FXGL Background Thread 1 ] DEBUG GameApplicationServi - Initializing application scenes
17:13:56.707 [FXGL Background Thread 1 ] DEBUG GameWorld            - Game world initialized
17:13:56.777 [FXGL Background Thread 1 ] DEBUG PhysicsWorld         - Physics world initialized: appHeight=720, physics.ppm=50.0
17:13:56.778 [FXGL Background Thread 1 ] DEBUG PhysicsWorld         - Using strategy: BRUTE_FORCE
17:13:56.782 [FXGL Background Thread 1 ] DEBUG GameScene            - Game scene initialized: 1280x720
17:13:57.018 [FXGL Background Thread 1 ] DEBUG GameApplicationServi - Application scenes initialized
17:13:57.025 [FXGL Background Thread 1 ] DEBUG SystemBundleService  - Loading FXGL system data
17:13:57.027 [FXGL Background Thread 1 ] DEBUG FileSystemAccess     - Reading from: C:\Users\Ruhmer Jairus\OOP2-Capstone\system\fxgl.bundle
17:13:57.033 [FXGL Background Thread 1 ] DEBUG SystemBundleService  - Bundle FXGL: {}
17:13:57.034 [FXGL Background Thread 1 ] DEBUG UpdaterService       - Checking for updates
17:13:57.037 [FXGL Background Thread 4 ] DEBUG FXGLApplication      - Loading fonts
17:13:57.037 [FXGL Background Thread 1 ] DEBUG FXGLApplication      - Loading default localization
17:13:57.038 [FXGL Background Thread 4 ] DEBUG FXGLAssetLoaderServi - Loading from file system: jar:file:///C:/Users/Ruhmer%20Jairus/.m2/repository/com/github/almasb/fxgl/21.1/fxgl-21.1.jar!/fxglassets/ui/fonts/VarelaRound-Regular.ttf
17:13:57.038 [FXGL Background Thread 1 ] DEBUG FXGLAssetLoaderServi - Loading from file system: jar:file:///C:/Users/Ruhmer%20Jairus/.m2/repository/com/github/almasb/fxgl/21.1/fxgl-21.1.jar!/fxglassets/languages/english.lang
17:13:57.065 [FXGL Background Thread 4 ] DEBUG FXGLAssetLoaderServi - Loading from file system: jar:file:///C:/Users/Ruhmer%20Jairus/.m2/repository/com/github/almasb/fxgl/21.1/fxgl-21.1.jar!/fxglassets/ui/fonts/Abel-Regular.ttf
17:13:57.068 [FXGL Background Thread 4 ] DEBUG FXGLAssetLoaderServi - Loading from file system: jar:file:///C:/Users/Ruhmer%20Jairus/.m2/repository/com/github/almasb/fxgl/21.1/fxgl-21.1.jar!/fxglassets/ui/fonts/TerminalLandMono-Regular.otf
17:13:57.071 [FXGL Background Thread 4 ] DEBUG FXGLAssetLoaderServi - Loading from file system: jar:file:///C:/Users/Ruhmer%20Jairus/.m2/repository/com/github/almasb/fxgl/21.1/fxgl-21.1.jar!/fxglassets/ui/fonts/Courier-Prime.ttf
17:13:57.072 [FXGL Background Thread 1 ] INFO  FXGLApplication      - FXGL initialization took: 0.511 sec
17:13:57.073 [JavaFX Application Thread] DEBUG FXGLAssetLoaderServi - Loading from file system: jar:file:///C:/Users/Ruhmer%20Jairus/.m2/repository/com/github/almasb/fxgl/21.1/fxgl-21.1.jar!/fxglassets/textures/fxgl_icon.png
17:13:57.089 [JavaFX Application Thread] DEBUG FXGLAssetLoaderServi - Loading from file system: jar:file:///C:/Users/Ruhmer%20Jairus/.m2/repository/com/github/almasb/fxgl/21.1/fxgl-21.1.jar!/fxglassets/textures/fxgl_default_cursor.png
17:13:57.105 [JavaFX Application Thread] DEBUG Input                - Registered new binding: Screenshot - CTRL+8
17:13:57.106 [JavaFX Application Thread] DEBUG Input                - Registered new binding: System info dump - CTRL+9
17:13:57.106 [JavaFX Application Thread] DEBUG Input                - Registered new binding: Restart - CTRL+R
17:13:57.108 [JavaFX Application Thread] DEBUG Input                - Registered new binding: Toggle Debug Camera - CTRL+7
17:13:57.111 [JavaFX Application Thread] DEBUG LoopRunner           - Starting loop
17:13:57.111 [JavaFX Application Thread] DEBUG LoopRunner           - Initializing JavaFX AnimationTimerLoop
17:13:57.114 [JavaFX Application Thread] DEBUG Input                - Clearing active input actions
17:13:57.122 [JavaFX Application Thread] DEBUG GameApplicationServi - Removing overlay from FXGLStartupScene and adding to FXGLMainMenuDummyScene
17:13:57.122 [JavaFX Application Thread] DEBUG PrimaryStageWindow   - FXGLStartupScene -> FXGLMainMenuDummyScene
17:13:57.122 [JavaFX Application Thread] DEBUG PrimaryStageWindow   - Push state: LoginScreen
17:13:57.123 [JavaFX Application Thread] DEBUG Input                - Clearing active input actions
17:13:57.145 [JavaFX Application Thread] DEBUG GameApplicationServi - Removing overlay from FXGLMainMenuDummyScene and adding to LoginScreen
17:13:57.145 [JavaFX Application Thread] DEBUG PrimaryStageWindow   - FXGLMainMenuDummyScene -> LoginScreen
17:13:57.145 [JavaFX Application Thread] DEBUG FXGLApplication      - Registering font factories with UI factory
17:13:59.251 [JavaFX Application Thread] DEBUG FXGLAssetLoaderServi - Loading from file system: file:/C:/Users/Ruhmer%20Jairus/OOP2-Capstone/target/classes/assets/sounds/sound-library/hover.wav
17:13:59.444 [JavaFX Application Thread] DEBUG FXGLAssetLoaderServi - Loading from file system: file:/C:/Users/Ruhmer%20Jairus/OOP2-Capstone/target/classes/assets/sounds/sound-library/click.wav
17:13:59.451 [JavaFX Application Thread] DEBUG FXGLAssetLoaderServi - Loading from file system: file:/C:/Users/Ruhmer%20Jairus/OOP2-Capstone/target/classes/assets/music/magic.wav
17:13:59.650 [JavaFX Application Thread] DEBUG AudioPlayer          - Playing music com.almasb.fxgl.audio.Music@747f24ec
17:13:59.696 [JavaFX Application Thread] DEBUG PrimaryStageWindow   - Push state: LoadingScreen
17:13:59.696 [JavaFX Application Thread] DEBUG Input                - Clearing active input actions
17:13:59.696 [JavaFX Application Thread] DEBUG GameApplicationServi - Removing overlay from LoginScreen and adding to LoadingScreen
17:13:59.696 [JavaFX Application Thread] DEBUG PrimaryStageWindow   - LoginScreen -> LoadingScreen
17:13:59.696 [JavaFX Application Thread] DEBUG FXGLAssetLoaderServi - Loading from file system: file:/C:/Users/Ruhmer%20Jairus/OOP2-Capstone/target/classes/assets/textures/magicbook.png
17:13:59.699 [JavaFX Application Thread] DEBUG FXGLAssetLoaderServi - Loading from file system: file:/C:/Users/Ruhmer%20Jairus/OOP2-Capstone/target/classes/assets/textures/magicbook_hover.png
17:14:00.038 [FXGL Background Thread 3 ] DEBUG Engine               - Logging environment variables
17:14:00.038 [FXGL Background Thread 3 ] DEBUG Engine               - achievements: []
17:14:00.039 [FXGL Background Thread 3 ] DEBUG Engine               - actualHeight: 864.0
17:14:00.039 [FXGL Background Thread 3 ] DEBUG Engine               - actualHeightProperty: ReadOnlyDoubleProperty [value: 864.0]
17:14:00.039 [FXGL Background Thread 3 ] DEBUG Engine               - actualWidth: 1536.0
17:14:00.039 [FXGL Background Thread 3 ] DEBUG Engine               - actualWidthProperty: ReadOnlyDoubleProperty [value: 1536.0]
17:14:00.039 [FXGL Background Thread 3 ] DEBUG Engine               - appIcon: fxgl_icon.png
17:14:00.039 [FXGL Background Thread 3 ] DEBUG Engine               - applicationMode: DEVELOPER
17:14:00.039 [FXGL Background Thread 3 ] DEBUG Engine               - cSSList: [fxgl_dark.css]
17:14:00.039 [FXGL Background Thread 3 ] DEBUG Engine               - collisionDetectionStrategy: BRUTE_FORCE
17:14:00.039 [FXGL Background Thread 3 ] DEBUG Engine               - configClass: Optional.empty
17:14:00.039 [FXGL Background Thread 3 ] DEBUG Engine               - credits: []
17:14:00.042 [FXGL Background Thread 3 ] DEBUG Engine               - defaultCursor: CursorInfo(imageName=fxgl_default_cursor.png, hotspotX=7.0, hotspotY=6.0)
17:14:00.042 [FXGL Background Thread 3 ] DEBUG Engine               - devBBoxColorProperty: ObjectProperty [value: 0xff0000ff]
17:14:00.042 [FXGL Background Thread 3 ] DEBUG Engine               - devEnableDebugCameraProperty: BooleanProperty [value: false]
17:14:00.042 [FXGL Background Thread 3 ] DEBUG Engine               - devSensorColorProperty: ObjectProperty [value: 0xffff00ff]
17:14:00.042 [FXGL Background Thread 3 ] DEBUG Engine               - devShowBBoxProperty: BooleanProperty [value: false]
17:14:00.042 [FXGL Background Thread 3 ] DEBUG Engine               - devShowPositionProperty: BooleanProperty [value: false]
17:14:00.042 [FXGL Background Thread 3 ] DEBUG Engine               - enabledMenuItems: []
17:14:00.043 [FXGL Background Thread 3 ] DEBUG Engine               - engineServices: [class com.almasb.fxgl.app.services.FXGLAssetLoaderService, class com.almasb.fxgl.app.FXGLApplication$GameApplicationService, class com.almasb.fxgl.app.services.FXGLDialogService, class com.almasb.fxgl.app.services.IOTaskExecutorService, class com.almasb.fxgl.io.FileSystemService, class com.almasb.fxgl.localization.LocalizationService, class com.almasb.fxgl.app.services.SystemBundleService, class com.almasb.fxgl.profile.SaveLoadService, class com.almasb.fxgl.ui.FXGLUIFactoryServiceProvider, class com.almasb.fxgl.ui.FXGLDialogFactoryServiceProvider, class com.almasb.fxgl.audio.AudioPlayer, class com.almasb.fxgl.notification.impl.NotificationServiceProvider, class com.almasb.fxgl.achievement.AchievementService, class com.almasb.fxgl.cutscene.CutsceneService, class com.almasb.fxgl.minigames.MiniGameService, class com.almasb.fxgl.net.NetService, class com.almasb.fxgl.app.services.UpdaterService, class com.almasb.fxgl.dev.DevService]
17:14:00.043 [FXGL Background Thread 3 ] DEBUG Engine               - fontGame: Abel-Regular.ttf
17:14:00.043 [FXGL Background Thread 3 ] DEBUG Engine               - fontMono: TerminalLandMono-Regular.otf
17:14:00.043 [FXGL Background Thread 3 ] DEBUG Engine               - fontSizeScaleUI: 1.0
17:14:00.043 [FXGL Background Thread 3 ] DEBUG Engine               - fontText: Courier-Prime.ttf
17:14:00.043 [FXGL Background Thread 3 ] DEBUG Engine               - fontUI: VarelaRound-Regular.ttf
17:14:00.043 [FXGL Background Thread 3 ] DEBUG Engine               - fullScreen: BooleanProperty [value: true]
17:14:00.043 [FXGL Background Thread 3 ] DEBUG Engine               - gameDifficulty: MEDIUM
17:14:00.043 [FXGL Background Thread 3 ] DEBUG Engine               - gameDifficultyProperty: ObjectProperty [value: MEDIUM]
17:14:00.043 [FXGL Background Thread 3 ] DEBUG Engine               - globalMusicVolume: 0.5
17:14:00.043 [FXGL Background Thread 3 ] DEBUG Engine               - globalMusicVolumeProperty: DoubleProperty [value: 0.5]
17:14:00.043 [FXGL Background Thread 3 ] DEBUG Engine               - globalSoundVolume: 0.5
17:14:00.043 [FXGL Background Thread 3 ] DEBUG Engine               - globalSoundVolumeProperty: DoubleProperty [value: 0.5]
17:14:00.043 [FXGL Background Thread 3 ] DEBUG Engine               - height: 720
17:14:00.043 [FXGL Background Thread 3 ] DEBUG Engine               - is3D: false
17:14:00.043 [FXGL Background Thread 3 ] DEBUG Engine               - isAndroid: false
17:14:00.043 [FXGL Background Thread 3 ] DEBUG Engine               - isBrowser: false
17:14:00.043 [FXGL Background Thread 3 ] DEBUG Engine               - isClickFeedbackEnabled: false
17:14:00.043 [FXGL Background Thread 3 ] DEBUG Engine               - isCloseConfirmation: false
17:14:00.043 [FXGL Background Thread 3 ] DEBUG Engine               - isDesktop: true
17:14:00.043 [FXGL Background Thread 3 ] DEBUG Engine               - isDeveloperMenuEnabled: false
17:14:00.043 [FXGL Background Thread 3 ] DEBUG Engine               - isEmbedded: false
17:14:00.043 [FXGL Background Thread 3 ] DEBUG Engine               - isEntityPreloadEnabled: true
17:14:00.043 [FXGL Background Thread 3 ] DEBUG Engine               - isExperimentalTiledLargeMap: false
17:14:00.043 [FXGL Background Thread 3 ] DEBUG Engine               - isFileSystemWriteAllowed: true
17:14:00.043 [FXGL Background Thread 3 ] DEBUG Engine               - isFullScreenAllowed: true
17:14:00.043 [FXGL Background Thread 3 ] DEBUG Engine               - isFullScreenFromStart: true
17:14:00.043 [FXGL Background Thread 3 ] DEBUG Engine               - isGameMenuEnabled: false
17:14:00.043 [FXGL Background Thread 3 ] DEBUG Engine               - isIOS: false
17:14:00.044 [FXGL Background Thread 3 ] DEBUG Engine               - isIntroEnabled: false
17:14:00.044 [FXGL Background Thread 3 ] DEBUG Engine               - isLinux: false
17:14:00.044 [FXGL Background Thread 3 ] DEBUG Engine               - isMac: false
17:14:00.044 [FXGL Background Thread 3 ] DEBUG Engine               - isMainMenuEnabled: true
17:14:00.044 [FXGL Background Thread 3 ] DEBUG Engine               - isManualResizeEnabled: false
17:14:00.044 [FXGL Background Thread 3 ] DEBUG Engine               - isMobile: false
17:14:00.044 [FXGL Background Thread 3 ] DEBUG Engine               - isNative: false
17:14:00.044 [FXGL Background Thread 3 ] DEBUG Engine               - isPauseMusicWhenMinimized: true
17:14:00.044 [FXGL Background Thread 3 ] DEBUG Engine               - isPreserveResizeRatio: false
17:14:00.044 [FXGL Background Thread 3 ] DEBUG Engine               - isProfilingEnabled: false
17:14:00.044 [FXGL Background Thread 3 ] DEBUG Engine               - isScaleAffectedOnResize: true
17:14:00.044 [FXGL Background Thread 3 ] DEBUG Engine               - isSingleStep: false
17:14:00.044 [FXGL Background Thread 3 ] DEBUG Engine               - isUserProfileEnabled: false
17:14:00.044 [FXGL Background Thread 3 ] DEBUG Engine               - isWindows: true
17:14:00.044 [FXGL Background Thread 3 ] DEBUG Engine               - language: ObjectProperty [value: ENGLISH]
17:14:00.044 [FXGL Background Thread 3 ] DEBUG Engine               - menuKey: ESCAPE
17:14:00.044 [FXGL Background Thread 3 ] DEBUG Engine               - mouseSensitivity: 0.2
17:14:00.044 [FXGL Background Thread 3 ] DEBUG Engine               - notificationViewClass: class com.almasb.fxgl.notification.view.XboxNotificationView
17:14:00.044 [FXGL Background Thread 3 ] DEBUG Engine               - pixelsPerMeter: 50.0
17:14:00.044 [FXGL Background Thread 3 ] DEBUG Engine               - platform: WINDOWS
17:14:00.044 [FXGL Background Thread 3 ] DEBUG Engine               - prefHeightProperty: ReadOnlyDoubleProperty [value: 720.0]
17:14:00.044 [FXGL Background Thread 3 ] DEBUG Engine               - prefWidthProperty: ReadOnlyDoubleProperty [value: 1280.0]
17:14:00.044 [FXGL Background Thread 3 ] DEBUG Engine               - profileDir: profiles/
17:14:00.044 [FXGL Background Thread 3 ] DEBUG Engine               - profileName: StringProperty [value: DEFAULT]
17:14:00.044 [FXGL Background Thread 3 ] DEBUG Engine               - randomSeed: -1
17:14:00.045 [FXGL Background Thread 3 ] DEBUG Engine               - runtimeInfo: RuntimeInfo(platform=WINDOWS, version=21.1, build=27.03.2024 07.52)
17:14:00.045 [FXGL Background Thread 3 ] DEBUG Engine               - saveFileExt: sav
17:14:00.045 [FXGL Background Thread 3 ] DEBUG Engine               - scaledHeightProp$fxgl: DoubleProperty [bound, value: 864.0]
17:14:00.045 [FXGL Background Thread 3 ] DEBUG Engine               - scaledWidthProp$fxgl: DoubleProperty [bound, value: 1536.0]
17:14:00.045 [FXGL Background Thread 3 ] DEBUG Engine               - sceneFactory: com.oop2.typewiz.util.CustomSceneFactory@258474ba
17:14:00.045 [FXGL Background Thread 3 ] DEBUG Engine               - secondsIn24h: 60
17:14:00.045 [FXGL Background Thread 3 ] DEBUG Engine               - soundMenuBack: menu/back.wav
17:14:00.045 [FXGL Background Thread 3 ] DEBUG Engine               - soundMenuPress: menu/press.wav
17:14:00.045 [FXGL Background Thread 3 ] DEBUG Engine               - soundMenuSelect: menu/select.wav
17:14:00.045 [FXGL Background Thread 3 ] DEBUG Engine               - soundNotification: core/notification.wav
17:14:00.045 [FXGL Background Thread 3 ] DEBUG Engine               - stageStyle: DECORATED
17:14:00.045 [FXGL Background Thread 3 ] DEBUG Engine               - supportedLanguages: [ENGLISH, FRENCH, GERMAN, HUNGARIAN, RUSSIAN]
17:14:00.045 [FXGL Background Thread 3 ] DEBUG Engine               - ticksPerSecond: -1
17:14:00.045 [FXGL Background Thread 3 ] DEBUG Engine               - title: TypeWiz
17:14:00.045 [FXGL Background Thread 3 ] DEBUG Engine               - urlGithub: https://github.com/AlmasB/FXGL
17:14:00.045 [FXGL Background Thread 3 ] DEBUG Engine               - urlLeaderboard: http://fxgl-top.herokuapp.com/
17:14:00.045 [FXGL Background Thread 3 ] DEBUG Engine               - urlPOM: https://raw.githubusercontent.com/AlmasB/FXGL/release/README.md
17:14:00.045 [FXGL Background Thread 3 ] DEBUG Engine               - userAppClass: class com.oop2.typewiz.TypeWizApp
17:14:00.045 [FXGL Background Thread 3 ] DEBUG Engine               - version: 0.0
17:14:00.045 [FXGL Background Thread 3 ] DEBUG Engine               - versionCheckDays: 7
17:14:00.045 [FXGL Background Thread 3 ] DEBUG Engine               - width: 1280
17:14:00.045 [FXGL Background Thread 3 ] DEBUG Engine               - Logging services
17:14:00.046 [FXGL Background Thread 3 ] DEBUG Engine               - class com.almasb.fxgl.app.services.FXGLAssetLoaderService
17:14:00.046 [FXGL Background Thread 3 ] DEBUG Engine               - class com.almasb.fxgl.app.FXGLApplication$GameApplicationService
17:14:00.046 [FXGL Background Thread 3 ] DEBUG Engine               - class com.almasb.fxgl.app.services.FXGLDialogService
17:14:00.046 [FXGL Background Thread 3 ] DEBUG Engine               - class com.almasb.fxgl.app.services.IOTaskExecutorService
17:14:00.046 [FXGL Background Thread 3 ] DEBUG Engine               - class com.almasb.fxgl.io.FileSystemService
17:14:00.046 [FXGL Background Thread 3 ] DEBUG Engine               - class com.almasb.fxgl.localization.LocalizationService
17:14:00.046 [FXGL Background Thread 3 ] DEBUG Engine               - class com.almasb.fxgl.app.services.SystemBundleService
17:14:00.046 [FXGL Background Thread 3 ] DEBUG Engine               - class com.almasb.fxgl.profile.SaveLoadService
17:14:00.046 [FXGL Background Thread 3 ] DEBUG Engine               - class com.almasb.fxgl.ui.FXGLUIFactoryServiceProvider
17:14:00.046 [FXGL Background Thread 3 ] DEBUG Engine               - class com.almasb.fxgl.ui.FXGLDialogFactoryServiceProvider
17:14:00.046 [FXGL Background Thread 3 ] DEBUG Engine               - class com.almasb.fxgl.audio.AudioPlayer
17:14:00.046 [FXGL Background Thread 3 ] DEBUG Engine               - class com.almasb.fxgl.notification.impl.NotificationServiceProvider
17:14:00.046 [FXGL Background Thread 3 ] DEBUG Engine               - class com.almasb.fxgl.achievement.AchievementService
17:14:00.046 [FXGL Background Thread 3 ] DEBUG Engine               - class com.almasb.fxgl.cutscene.CutsceneService
17:14:00.046 [FXGL Background Thread 3 ] DEBUG Engine               - class com.almasb.fxgl.minigames.MiniGameService
17:14:00.046 [FXGL Background Thread 3 ] DEBUG Engine               - class com.almasb.fxgl.net.NetService
17:14:00.046 [FXGL Background Thread 3 ] DEBUG Engine               - class com.almasb.fxgl.app.services.UpdaterService
17:14:00.046 [FXGL Background Thread 3 ] DEBUG Engine               - class com.almasb.fxgl.dev.DevService
17:14:02.701 [JavaFX Application Thread] DEBUG FXGLAssetLoaderServi - Loading from file system: file:/C:/Users/Ruhmer%20Jairus/OOP2-Capstone/target/classes/assets/music/bgm.mp3
17:14:02.705 [JavaFX Application Thread] DEBUG FXGLAssetLoaderServi - Loading from file system: file:/C:/Users/Ruhmer%20Jairus/OOP2-Capstone/target/classes/assets/music/bgm2.mp3
17:14:02.708 [JavaFX Application Thread] DEBUG FXGLAssetLoaderServi - Loading from file system: file:/C:/Users/Ruhmer%20Jairus/OOP2-Capstone/target/classes/assets/sounds/sound-library/type.mp3
17:14:02.710 [JavaFX Application Thread] DEBUG FXGLAssetLoaderServi - Loading from file system: file:/C:/Users/Ruhmer%20Jairus/OOP2-Capstone/target/classes/assets/sounds/sound-library/death.mp3
17:14:02.712 [JavaFX Application Thread] DEBUG FXGLAssetLoaderServi - Loading from file system: file:/C:/Users/Ruhmer%20Jairus/OOP2-Capstone/target/classes/assets/sounds/sound-library/gameover.wav
17:14:02.714 [JavaFX Application Thread] DEBUG FXGLAssetLoaderServi - Loading from file system: file:/C:/Users/Ruhmer%20Jairus/OOP2-Capstone/target/classes/assets/sounds/sound-library/victory.mp3
17:14:02.716 [JavaFX Application Thread] DEBUG FXGLAssetLoaderServi - Loading from file system: file:/C:/Users/Ruhmer%20Jairus/OOP2-Capstone/target/classes/assets/sounds/sound-library/wave.mp3
17:14:02.717 [JavaFX Application Thread] DEBUG FXGLAssetLoaderServi - Loading from file system: file:/C:/Users/Ruhmer%20Jairus/OOP2-Capstone/target/classes/assets/sounds/sound-library/flappingsfx.wav
17:14:02.719 [JavaFX Application Thread] DEBUG FXGLAssetLoaderServi - Loading from file system: file:/C:/Users/Ruhmer%20Jairus/OOP2-Capstone/target/classes/assets/sounds/sound-library/error.mp3
17:14:02.721 [JavaFX Application Thread] DEBUG FXGLAssetLoaderServi - Loading from file system: file:/C:/Users/Ruhmer%20Jairus/OOP2-Capstone/target/classes/assets/sounds/sound-library/spacebar.mp3
17:14:02.722 [JavaFX Application Thread] DEBUG FXGLAssetLoaderServi - Loading from file system: file:/C:/Users/Ruhmer%20Jairus/OOP2-Capstone/target/classes/assets/sounds/sound-library/shift.mp3
17:14:02.723 [JavaFX Application Thread] DEBUG FXGLAssetLoaderServi - Loading from file system: file:/C:/Users/Ruhmer%20Jairus/OOP2-Capstone/target/classes/assets/sounds/sound-library/damage.mp3
17:14:02.725 [JavaFX Application Thread] DEBUG AudioPlayer          - Playing music com.almasb.fxgl.audio.Music@5e96141f
17:14:02.728 [JavaFX Application Thread] DEBUG AudioPlayer          - Playing music com.almasb.fxgl.audio.Music@5e96141f
17:14:02.728 [JavaFX Application Thread] DEBUG PrimaryStageWindow   - Push state: MainMenuScreen
17:14:02.728 [JavaFX Application Thread] DEBUG Input                - Clearing active input actions
17:14:02.730 [JavaFX Application Thread] DEBUG GameApplicationServi - Removing overlay from LoadingScreen and adding to MainMenuScreen
17:14:02.730 [JavaFX Application Thread] DEBUG PrimaryStageWindow   - LoadingScreen -> MainMenuScreen
17:14:04.761 [JavaFX Application Thread] DEBUG PrimaryStageWindow   - Push state: DifficultyMenuScreen
17:14:04.761 [JavaFX Application Thread] DEBUG Input                - Clearing active input actions
17:14:04.762 [JavaFX Application Thread] DEBUG GameApplicationServi - Removing overlay from MainMenuScreen and adding to DifficultyMenuScreen
17:14:04.762 [JavaFX Application Thread] DEBUG PrimaryStageWindow   - MainMenuScreen -> DifficultyMenuScreen
17:14:06.112 [JavaFX Application Thread] DEBUG GameApplicationServi - Starting new game
17:14:06.112 [JavaFX Application Thread] DEBUG PrimaryStageWindow   - Pop state: DifficultyMenuScreen
17:14:06.112 [JavaFX Application Thread] DEBUG Input                - Clearing active input actions
17:14:06.113 [JavaFX Application Thread] DEBUG GameApplicationServi - Removing overlay from DifficultyMenuScreen and adding to MainMenuScreen
17:14:06.113 [JavaFX Application Thread] DEBUG PrimaryStageWindow   - MainMenuScreen <- DifficultyMenuScreen
17:14:06.115 [JavaFX Application Thread] DEBUG PrimaryStageWindow   - Pop state: MainMenuScreen
17:14:06.115 [JavaFX Application Thread] DEBUG Input                - Clearing active input actions
17:14:06.115 [JavaFX Application Thread] DEBUG GameApplicationServi - Removing overlay from MainMenuScreen and adding to LoadingScreen
17:14:06.116 [JavaFX Application Thread] DEBUG PrimaryStageWindow   - LoadingScreen <- MainMenuScreen
17:14:06.116 [JavaFX Application Thread] DEBUG PrimaryStageWindow   - Pop state: LoadingScreen
17:14:06.116 [JavaFX Application Thread] DEBUG Input                - Clearing active input actions
17:14:06.116 [JavaFX Application Thread] DEBUG GameApplicationServi - Removing overlay from LoadingScreen and adding to LoginScreen
17:14:06.116 [JavaFX Application Thread] DEBUG PrimaryStageWindow   - LoginScreen <- LoadingScreen
17:14:06.116 [JavaFX Application Thread] DEBUG PrimaryStageWindow   - Pop state: LoginScreen
17:14:06.116 [JavaFX Application Thread] DEBUG Input                - Clearing active input actions
17:14:06.116 [JavaFX Application Thread] DEBUG GameApplicationServi - Removing overlay from LoginScreen and adding to FXGLMainMenuDummyScene
17:14:06.117 [JavaFX Application Thread] DEBUG PrimaryStageWindow   - FXGLMainMenuDummyScene <- LoginScreen
17:14:06.117 [JavaFX Application Thread] DEBUG Input                - Clearing active input actions
17:14:06.121 [JavaFX Application Thread] DEBUG GameApplicationServi - Removing overlay from FXGLMainMenuDummyScene and adding to FXGLLoadingScene
17:14:06.122 [JavaFX Application Thread] DEBUG PrimaryStageWindow   - FXGLMainMenuDummyScene -> FXGLLoadingScene
17:14:06.122 [JavaFX Application Thread] DEBUG GameApplicationServi - Clearing previous game
17:14:06.122 [JavaFX Application Thread] DEBUG GameScene            - Clearing game scene
17:14:06.122 [JavaFX Application Thread] DEBUG GameWorld            - Clearing game world
17:14:06.123 [JavaFX Application Thread] DEBUG PhysicsWorld         - Clearing physics world
17:14:06.124 [FXGL Background Thread 2 ] DEBUG FXGLApplication      - Initializing game
17:14:06.147 [FXGL Background Thread 2 ] DEBUG FXGLAssetLoaderServi - Loading from file system: file:/C:/Users/Ruhmer%20Jairus/OOP2-Capstone/target/classes/assets/textures/background-and-platforms/bg-midnightpurple_1280_720.png
17:14:06.192 [FXGL Background Thread 2 ] DEBUG FXGLAssetLoaderServi - Loading from file system: file:/C:/Users/Ruhmer%20Jairus/OOP2-Capstone/target/classes/assets/textures/background-and-platforms/hdlargerplatform-purple.png
17:14:06.247 [FXGL Background Thread 2 ] DEBUG FXGLAssetLoaderServi - Loading from file system: file:/C:/Users/Ruhmer%20Jairus/OOP2-Capstone/target/classes/assets/textures/wizard/wizard.png
17:14:06.294 [FXGL Background Thread 2 ] DEBUG FXGLAssetLoaderServi - Loading from file system: file:/C:/Users/Ruhmer%20Jairus/OOP2-Capstone/target/classes/assets/textures/mobs/gargoyle/gargoyle.png
17:14:06.310 [FXGL Background Thread 2 ] DEBUG FXGLAssetLoaderServi - Loading from file system: file:/C:/Users/Ruhmer%20Jairus/OOP2-Capstone/target/classes/assets/textures/mobs/grimouge/grimouge.png
17:14:06.335 [FXGL Background Thread 2 ] DEBUG FXGLAssetLoaderServi - Loading from file system: file:/C:/Users/Ruhmer%20Jairus/OOP2-Capstone/target/classes/assets/textures/mobs/vyleye/vyleye.png
17:14:06.398 [FXGL Background Thread 2 ] INFO  FXGLApplication      - Game initialization took: 0.273 sec
17:14:06.400 [JavaFX Application Thread] DEBUG Input                - Clearing active input actions
17:14:06.406 [JavaFX Application Thread] DEBUG GameApplicationServi - Removing overlay from FXGLLoadingScene and adding to GameScene
17:14:06.406 [JavaFX Application Thread] DEBUG PrimaryStageWindow   - FXGLLoadingScene -> GameScene
17:14:08.122 [JavaFX Application Thread] DEBUG AudioPlayer          - Stopping music com.almasb.fxgl.audio.Music@5e96141f
17:14:08.123 [JavaFX Application Thread] DEBUG AudioPlayer          - Stopping music com.almasb.fxgl.audio.Music@5e96141f
17:16:03.221 [JavaFX Application Thread] DEBUG FXGLApplication      - Exiting FXGL
17:16:03.222 [JavaFX Application Thread] DEBUG LoopRunner           - Stopping loop
17:16:03.222 [JavaFX Application Thread] DEBUG SystemBundleService  - Saving FXGL system data
17:16:03.224 [JavaFX Application Thread] DEBUG FileSystemAccess     - Writing to: C:\Users\Ruhmer Jairus\OOP2-Capstone\system\fxgl.bundle
17:16:03.227 [JavaFX Application Thread] DEBUG Async                - Shutting down background threads
17:16:03.227 [JavaFX Application Thread] DEBUG PrimaryStageWindow   - Closing main window
17:16:03.261 [JavaFX Application Thread] DEBUG Logger               - Closing Logger
