19:50:07.881 [main                     ] DEBUG Logger               - Configured Logger
19:50:07.908 [main                     ] DEBUG GameApplication      - Logging settings
Title: TypeWiz
Version: 0.0
Width: 1280
Height: 720
Fullscreen: true
Intro: false
Profiling: false
Single step:false
App Mode: DEVELOPER
Menu Key: ESCAPE
Stage Style: DECORATED
Scene Factory: class com.oop2.typewiz.util.CustomSceneFactory

19:50:08.499 [JavaFX Application Thread] DEBUG FXGLApplication      - Initializing FXGL
19:50:08.503 [JavaFX Application Thread] INFO  Engine               - FXGL-21.1 (27.03.2024 07.52) on WINDOWS (J:23.0.1 FX:19)
19:50:08.503 [JavaFX Application Thread] DEBUG Engine               - JRE Vendor Name: Oracle Corporation
19:50:08.504 [JavaFX Application Thread] DEBUG Engine               - Running on OS: Windows 10 version 10.0
19:50:08.504 [JavaFX Application Thread] DEBUG Engine               - Architecture: amd64
19:50:08.504 [JavaFX Application Thread] INFO  Engine               - Source code and latest versions at: https://github.com/AlmasB/FXGL
19:50:08.504 [JavaFX Application Thread] INFO  Engine               -       Ask questions and discuss at: https://github.com/AlmasB/FXGL/discussions
19:50:08.504 [JavaFX Application Thread] INFO  Engine               -              Join the FXGL chat at: https://gitter.im/AlmasB/FXGL
19:50:08.644 [JavaFX Application Thread] DEBUG PrimaryStageWindow   - Creating a JavaFX scene
19:50:08.698 [JavaFX Application Thread] DEBUG PrimaryStageWindow   - Target settings size: 1280.0 x 720.0
19:50:08.698 [JavaFX Application Thread] DEBUG PrimaryStageWindow   - Scaled scene size:    1280.0 x 720.0
19:50:08.698 [JavaFX Application Thread] DEBUG PrimaryStageWindow   - Scaled ratio: (1.0, 1.0)
19:50:08.699 [JavaFX Application Thread] DEBUG PrimaryStageWindow   - Set initial scene to FXGLStartupScene
19:50:08.703 [JavaFX Application Thread] DEBUG PrimaryStageWindow   - Opening main window
19:50:08.791 [JavaFX Application Thread] DEBUG PrimaryStageWindow   - Window border size: (16.0, 39.0)
19:50:08.791 [JavaFX Application Thread] DEBUG PrimaryStageWindow   - Scaled size: 1280.0 x 720.0
19:50:08.791 [JavaFX Application Thread] DEBUG PrimaryStageWindow   - Scaled ratio: (1.0, 1.0)
19:50:08.791 [JavaFX Application Thread] DEBUG PrimaryStageWindow   - Scene size: 1280.0 x 720.0
19:50:08.791 [JavaFX Application Thread] DEBUG PrimaryStageWindow   - Stage size: 1296.0 x 759.0
19:50:08.852 [JavaFX Application Thread] DEBUG PrimaryStageWindow   - Going fullscreen
19:50:08.860 [FXGL Background Thread 1 ] DEBUG Engine               - Initializing environment variables
19:50:08.928 [FXGL Background Thread 1 ] DEBUG FXGLAssetLoaderServi - User app class for loading assets: class com.oop2.typewiz.TypeWizApp
19:50:08.928 [FXGL Background Thread 1 ] DEBUG GameApplicationServi - Applying CSS: fxgl_dark.css
19:50:08.929 [FXGL Background Thread 1 ] DEBUG FXGLAssetLoaderServi - Loading from file system: jar:file:///C:/Users/RYLE/.m2/repository/com/github/almasb/fxgl/21.1/fxgl-21.1.jar!/fxglassets/ui/css/fxgl_dark.css
19:50:08.964 [FXGL Background Thread 1 ] DEBUG GameApplicationServi - Initializing application scenes
19:50:09.006 [FXGL Background Thread 1 ] DEBUG GameWorld            - Game world initialized
19:50:09.069 [FXGL Background Thread 1 ] DEBUG PhysicsWorld         - Physics world initialized: appHeight=720, physics.ppm=50.0
19:50:09.069 [FXGL Background Thread 1 ] DEBUG PhysicsWorld         - Using strategy: BRUTE_FORCE
19:50:09.073 [FXGL Background Thread 1 ] DEBUG GameScene            - Game scene initialized: 1280x720
19:50:09.401 [FXGL Background Thread 1 ] DEBUG GameApplicationServi - Application scenes initialized
19:50:09.412 [FXGL Background Thread 1 ] DEBUG SystemBundleService  - Loading FXGL system data
19:50:09.418 [FXGL Background Thread 1 ] DEBUG FileSystemAccess     - Reading from: C:\Users\RYLE\Downloads\OOP2-Capstone\system\fxgl.bundle
19:50:09.428 [FXGL Background Thread 1 ] DEBUG SystemBundleService  - Bundle FXGL: {}
19:50:09.429 [FXGL Background Thread 1 ] DEBUG UpdaterService       - Checking for updates
19:50:09.437 [FXGL Background Thread 4 ] DEBUG FXGLApplication      - Loading fonts
19:50:09.438 [FXGL Background Thread 1 ] DEBUG FXGLApplication      - Loading default localization
19:50:09.438 [FXGL Background Thread 1 ] DEBUG FXGLAssetLoaderServi - Loading from file system: jar:file:///C:/Users/RYLE/.m2/repository/com/github/almasb/fxgl/21.1/fxgl-21.1.jar!/fxglassets/languages/english.lang
19:50:09.467 [FXGL Background Thread 1 ] INFO  FXGLApplication      - FXGL initialization took: 0.607 sec
19:50:09.468 [JavaFX Application Thread] DEBUG FXGLAssetLoaderServi - Loading from file system: jar:file:///C:/Users/RYLE/.m2/repository/com/github/almasb/fxgl/21.1/fxgl-21.1.jar!/fxglassets/textures/fxgl_icon.png
19:50:09.481 [JavaFX Application Thread] DEBUG FXGLAssetLoaderServi - Loading from file system: jar:file:///C:/Users/RYLE/.m2/repository/com/github/almasb/fxgl/21.1/fxgl-21.1.jar!/fxglassets/textures/fxgl_default_cursor.png
19:50:09.487 [FXGL Background Thread 4 ] DEBUG FXGLAssetLoaderServi - Loading from file system: jar:file:///C:/Users/RYLE/.m2/repository/com/github/almasb/fxgl/21.1/fxgl-21.1.jar!/fxglassets/ui/fonts/Abel-Regular.ttf
19:50:09.491 [JavaFX Application Thread] DEBUG Input                - Registered new binding: Screenshot - CTRL+8
19:50:09.492 [JavaFX Application Thread] DEBUG Input                - Registered new binding: System info dump - CTRL+9
19:50:09.492 [JavaFX Application Thread] DEBUG Input                - Registered new binding: Restart - CTRL+R
19:50:09.492 [JavaFX Application Thread] DEBUG Input                - Registered new binding: Toggle Debug Camera - CTRL+7
19:50:09.495 [JavaFX Application Thread] DEBUG LoopRunner           - Starting loop
19:50:09.495 [JavaFX Application Thread] DEBUG LoopRunner           - Initializing JavaFX AnimationTimerLoop
19:50:09.501 [JavaFX Application Thread] DEBUG Input                - Clearing active input actions
19:50:09.503 [FXGL Background Thread 4 ] DEBUG FXGLAssetLoaderServi - Loading from file system: jar:file:///C:/Users/RYLE/.m2/repository/com/github/almasb/fxgl/21.1/fxgl-21.1.jar!/fxglassets/ui/fonts/TerminalLandMono-Regular.otf
19:50:09.509 [JavaFX Application Thread] DEBUG GameApplicationServi - Removing overlay from FXGLStartupScene and adding to FXGLMainMenuDummyScene
19:50:09.509 [JavaFX Application Thread] DEBUG PrimaryStageWindow   - FXGLStartupScene -> FXGLMainMenuDummyScene
19:50:09.510 [JavaFX Application Thread] DEBUG PrimaryStageWindow   - Push state: LoginScreen
19:50:09.510 [JavaFX Application Thread] DEBUG Input                - Clearing active input actions
19:50:09.525 [FXGL Background Thread 4 ] DEBUG FXGLAssetLoaderServi - Loading from file system: jar:file:///C:/Users/RYLE/.m2/repository/com/github/almasb/fxgl/21.1/fxgl-21.1.jar!/fxglassets/ui/fonts/Courier-Prime.ttf
19:50:09.525 [JavaFX Application Thread] DEBUG GameApplicationServi - Removing overlay from FXGLMainMenuDummyScene and adding to LoginScreen
19:50:09.526 [JavaFX Application Thread] DEBUG PrimaryStageWindow   - FXGLMainMenuDummyScene -> LoginScreen
19:50:09.754 [JavaFX Application Thread] DEBUG FXGLApplication      - Registering font factories with UI factory
19:50:11.166 [JavaFX Application Thread] DEBUG FXGLAssetLoaderServi - Loading from file system: file:/C:/Users/RYLE/Downloads/OOP2-Capstone/target/classes/assets/sounds/sound-library/hover.wav
19:50:12.437 [FXGL Background Thread 3 ] DEBUG Engine               - Logging environment variables
19:50:12.437 [FXGL Background Thread 3 ] DEBUG Engine               - achievements: []
19:50:12.437 [FXGL Background Thread 3 ] DEBUG Engine               - actualHeight: 1080.0
19:50:12.437 [FXGL Background Thread 3 ] DEBUG Engine               - actualHeightProperty: ReadOnlyDoubleProperty [value: 1080.0]
19:50:12.437 [FXGL Background Thread 3 ] DEBUG Engine               - actualWidth: 1920.0
19:50:12.437 [FXGL Background Thread 3 ] DEBUG Engine               - actualWidthProperty: ReadOnlyDoubleProperty [value: 1920.0]
19:50:12.437 [FXGL Background Thread 3 ] DEBUG Engine               - appIcon: fxgl_icon.png
19:50:12.437 [FXGL Background Thread 3 ] DEBUG Engine               - applicationMode: DEVELOPER
19:50:12.438 [FXGL Background Thread 3 ] DEBUG Engine               - cSSList: [fxgl_dark.css]
19:50:12.438 [FXGL Background Thread 3 ] DEBUG Engine               - collisionDetectionStrategy: BRUTE_FORCE
19:50:12.438 [FXGL Background Thread 3 ] DEBUG Engine               - configClass: Optional.empty
19:50:12.438 [FXGL Background Thread 3 ] DEBUG Engine               - credits: []
19:50:12.439 [FXGL Background Thread 3 ] DEBUG Engine               - defaultCursor: CursorInfo(imageName=fxgl_default_cursor.png, hotspotX=7.0, hotspotY=6.0)
19:50:12.439 [FXGL Background Thread 3 ] DEBUG Engine               - devBBoxColorProperty: ObjectProperty [value: 0xff0000ff]
19:50:12.439 [FXGL Background Thread 3 ] DEBUG Engine               - devEnableDebugCameraProperty: BooleanProperty [value: false]
19:50:12.439 [FXGL Background Thread 3 ] DEBUG Engine               - devSensorColorProperty: ObjectProperty [value: 0xffff00ff]
19:50:12.439 [FXGL Background Thread 3 ] DEBUG Engine               - devShowBBoxProperty: BooleanProperty [value: false]
19:50:12.439 [FXGL Background Thread 3 ] DEBUG Engine               - devShowPositionProperty: BooleanProperty [value: false]
19:50:12.439 [FXGL Background Thread 3 ] DEBUG Engine               - enabledMenuItems: []
19:50:12.439 [FXGL Background Thread 3 ] DEBUG Engine               - engineServices: [class com.almasb.fxgl.app.services.FXGLAssetLoaderService, class com.almasb.fxgl.app.FXGLApplication$GameApplicationService, class com.almasb.fxgl.app.services.FXGLDialogService, class com.almasb.fxgl.app.services.IOTaskExecutorService, class com.almasb.fxgl.io.FileSystemService, class com.almasb.fxgl.localization.LocalizationService, class com.almasb.fxgl.app.services.SystemBundleService, class com.almasb.fxgl.profile.SaveLoadService, class com.almasb.fxgl.ui.FXGLUIFactoryServiceProvider, class com.almasb.fxgl.ui.FXGLDialogFactoryServiceProvider, class com.almasb.fxgl.audio.AudioPlayer, class com.almasb.fxgl.notification.impl.NotificationServiceProvider, class com.almasb.fxgl.achievement.AchievementService, class com.almasb.fxgl.cutscene.CutsceneService, class com.almasb.fxgl.minigames.MiniGameService, class com.almasb.fxgl.net.NetService, class com.almasb.fxgl.app.services.UpdaterService, class com.almasb.fxgl.dev.DevService]
19:50:12.439 [FXGL Background Thread 3 ] DEBUG Engine               - fontGame: Abel-Regular.ttf
19:50:12.439 [FXGL Background Thread 3 ] DEBUG Engine               - fontMono: TerminalLandMono-Regular.otf
19:50:12.440 [FXGL Background Thread 3 ] DEBUG Engine               - fontSizeScaleUI: 1.0
19:50:12.440 [FXGL Background Thread 3 ] DEBUG Engine               - fontText: Courier-Prime.ttf
19:50:12.440 [FXGL Background Thread 3 ] DEBUG Engine               - fontUI: VarelaRound-Regular.ttf
19:50:12.440 [FXGL Background Thread 3 ] DEBUG Engine               - fullScreen: BooleanProperty [value: true]
19:50:12.440 [FXGL Background Thread 3 ] DEBUG Engine               - gameDifficulty: MEDIUM
19:50:12.440 [FXGL Background Thread 3 ] DEBUG Engine               - gameDifficultyProperty: ObjectProperty [value: MEDIUM]
19:50:12.440 [FXGL Background Thread 3 ] DEBUG Engine               - globalMusicVolume: 0.5
19:50:12.440 [FXGL Background Thread 3 ] DEBUG Engine               - globalMusicVolumeProperty: DoubleProperty [value: 0.5]
19:50:12.440 [FXGL Background Thread 3 ] DEBUG Engine               - globalSoundVolume: 0.5
19:50:12.440 [FXGL Background Thread 3 ] DEBUG Engine               - globalSoundVolumeProperty: DoubleProperty [value: 0.5]
19:50:12.440 [FXGL Background Thread 3 ] DEBUG Engine               - height: 720
19:50:12.440 [FXGL Background Thread 3 ] DEBUG Engine               - is3D: false
19:50:12.440 [FXGL Background Thread 3 ] DEBUG Engine               - isAndroid: false
19:50:12.440 [FXGL Background Thread 3 ] DEBUG Engine               - isBrowser: false
19:50:12.440 [FXGL Background Thread 3 ] DEBUG Engine               - isClickFeedbackEnabled: false
19:50:12.440 [FXGL Background Thread 3 ] DEBUG Engine               - isCloseConfirmation: false
19:50:12.440 [FXGL Background Thread 3 ] DEBUG Engine               - isDesktop: true
19:50:12.440 [FXGL Background Thread 3 ] DEBUG Engine               - isDeveloperMenuEnabled: false
19:50:12.440 [FXGL Background Thread 3 ] DEBUG Engine               - isEmbedded: false
19:50:12.440 [FXGL Background Thread 3 ] DEBUG Engine               - isEntityPreloadEnabled: true
19:50:12.441 [FXGL Background Thread 3 ] DEBUG Engine               - isExperimentalTiledLargeMap: false
19:50:12.441 [FXGL Background Thread 3 ] DEBUG Engine               - isFileSystemWriteAllowed: true
19:50:12.441 [FXGL Background Thread 3 ] DEBUG Engine               - isFullScreenAllowed: true
19:50:12.441 [FXGL Background Thread 3 ] DEBUG Engine               - isFullScreenFromStart: true
19:50:12.441 [FXGL Background Thread 3 ] DEBUG Engine               - isGameMenuEnabled: false
19:50:12.441 [FXGL Background Thread 3 ] DEBUG Engine               - isIOS: false
19:50:12.441 [FXGL Background Thread 3 ] DEBUG Engine               - isIntroEnabled: false
19:50:12.441 [FXGL Background Thread 3 ] DEBUG Engine               - isLinux: false
19:50:12.441 [FXGL Background Thread 3 ] DEBUG Engine               - isMac: false
19:50:12.441 [FXGL Background Thread 3 ] DEBUG Engine               - isMainMenuEnabled: true
19:50:12.441 [FXGL Background Thread 3 ] DEBUG Engine               - isManualResizeEnabled: false
19:50:12.441 [FXGL Background Thread 3 ] DEBUG Engine               - isMobile: false
19:50:12.441 [FXGL Background Thread 3 ] DEBUG Engine               - isNative: false
19:50:12.441 [FXGL Background Thread 3 ] DEBUG Engine               - isPauseMusicWhenMinimized: true
19:50:12.441 [FXGL Background Thread 3 ] DEBUG Engine               - isPreserveResizeRatio: false
19:50:12.441 [FXGL Background Thread 3 ] DEBUG Engine               - isProfilingEnabled: false
19:50:12.441 [FXGL Background Thread 3 ] DEBUG Engine               - isScaleAffectedOnResize: true
19:50:12.441 [FXGL Background Thread 3 ] DEBUG Engine               - isSingleStep: false
19:50:12.441 [FXGL Background Thread 3 ] DEBUG Engine               - isUserProfileEnabled: false
19:50:12.441 [FXGL Background Thread 3 ] DEBUG Engine               - isWindows: true
19:50:12.441 [FXGL Background Thread 3 ] DEBUG Engine               - language: ObjectProperty [value: ENGLISH]
19:50:12.441 [FXGL Background Thread 3 ] DEBUG Engine               - menuKey: ESCAPE
19:50:12.441 [FXGL Background Thread 3 ] DEBUG Engine               - mouseSensitivity: 0.2
19:50:12.442 [FXGL Background Thread 3 ] DEBUG Engine               - notificationViewClass: class com.almasb.fxgl.notification.view.XboxNotificationView
19:50:12.442 [FXGL Background Thread 3 ] DEBUG Engine               - pixelsPerMeter: 50.0
19:50:12.442 [FXGL Background Thread 3 ] DEBUG Engine               - platform: WINDOWS
19:50:12.442 [FXGL Background Thread 3 ] DEBUG Engine               - prefHeightProperty: ReadOnlyDoubleProperty [value: 720.0]
19:50:12.442 [FXGL Background Thread 3 ] DEBUG Engine               - prefWidthProperty: ReadOnlyDoubleProperty [value: 1280.0]
19:50:12.442 [FXGL Background Thread 3 ] DEBUG Engine               - profileDir: profiles/
19:50:12.442 [FXGL Background Thread 3 ] DEBUG Engine               - profileName: StringProperty [value: DEFAULT]
19:50:12.442 [FXGL Background Thread 3 ] DEBUG Engine               - randomSeed: -1
19:50:12.442 [FXGL Background Thread 3 ] DEBUG Engine               - runtimeInfo: RuntimeInfo(platform=WINDOWS, version=21.1, build=27.03.2024 07.52)
19:50:12.442 [FXGL Background Thread 3 ] DEBUG Engine               - saveFileExt: sav
19:50:12.442 [FXGL Background Thread 3 ] DEBUG Engine               - scaledHeightProp$fxgl: DoubleProperty [bound, value: 1080.0]
19:50:12.442 [FXGL Background Thread 3 ] DEBUG Engine               - scaledWidthProp$fxgl: DoubleProperty [bound, value: 1920.0]
19:50:12.442 [FXGL Background Thread 3 ] DEBUG Engine               - sceneFactory: com.oop2.typewiz.util.CustomSceneFactory@4806c682
19:50:12.442 [FXGL Background Thread 3 ] DEBUG Engine               - secondsIn24h: 60
19:50:12.442 [FXGL Background Thread 3 ] DEBUG Engine               - soundMenuBack: menu/back.wav
19:50:12.442 [FXGL Background Thread 3 ] DEBUG Engine               - soundMenuPress: menu/press.wav
19:50:12.443 [FXGL Background Thread 3 ] DEBUG Engine               - soundMenuSelect: menu/select.wav
19:50:12.443 [FXGL Background Thread 3 ] DEBUG Engine               - soundNotification: core/notification.wav
19:50:12.443 [FXGL Background Thread 3 ] DEBUG Engine               - stageStyle: DECORATED
19:50:12.443 [FXGL Background Thread 3 ] DEBUG Engine               - supportedLanguages: [ENGLISH, FRENCH, GERMAN, HUNGARIAN, RUSSIAN]
19:50:12.443 [FXGL Background Thread 3 ] DEBUG Engine               - ticksPerSecond: -1
19:50:12.443 [FXGL Background Thread 3 ] DEBUG Engine               - title: TypeWiz
19:50:12.443 [FXGL Background Thread 3 ] DEBUG Engine               - urlGithub: https://github.com/AlmasB/FXGL
19:50:12.443 [FXGL Background Thread 3 ] DEBUG Engine               - urlLeaderboard: http://fxgl-top.herokuapp.com/
19:50:12.443 [FXGL Background Thread 3 ] DEBUG Engine               - urlPOM: https://raw.githubusercontent.com/AlmasB/FXGL/release/README.md
19:50:12.443 [FXGL Background Thread 3 ] DEBUG Engine               - userAppClass: class com.oop2.typewiz.TypeWizApp
19:50:12.443 [FXGL Background Thread 3 ] DEBUG Engine               - version: 0.0
19:50:12.443 [FXGL Background Thread 3 ] DEBUG Engine               - versionCheckDays: 7
19:50:12.443 [FXGL Background Thread 3 ] DEBUG Engine               - width: 1280
19:50:12.443 [FXGL Background Thread 3 ] DEBUG Engine               - Logging services
19:50:12.443 [FXGL Background Thread 3 ] DEBUG Engine               - class com.almasb.fxgl.app.services.FXGLAssetLoaderService
19:50:12.443 [FXGL Background Thread 3 ] DEBUG Engine               - class com.almasb.fxgl.app.FXGLApplication$GameApplicationService
19:50:12.443 [FXGL Background Thread 3 ] DEBUG Engine               - class com.almasb.fxgl.app.services.FXGLDialogService
19:50:12.443 [FXGL Background Thread 3 ] DEBUG Engine               - class com.almasb.fxgl.app.services.IOTaskExecutorService
19:50:12.443 [FXGL Background Thread 3 ] DEBUG Engine               - class com.almasb.fxgl.io.FileSystemService
19:50:12.443 [FXGL Background Thread 3 ] DEBUG Engine               - class com.almasb.fxgl.localization.LocalizationService
19:50:12.443 [FXGL Background Thread 3 ] DEBUG Engine               - class com.almasb.fxgl.app.services.SystemBundleService
19:50:12.443 [FXGL Background Thread 3 ] DEBUG Engine               - class com.almasb.fxgl.profile.SaveLoadService
19:50:12.443 [FXGL Background Thread 3 ] DEBUG Engine               - class com.almasb.fxgl.ui.FXGLUIFactoryServiceProvider
19:50:12.443 [FXGL Background Thread 3 ] DEBUG Engine               - class com.almasb.fxgl.ui.FXGLDialogFactoryServiceProvider
19:50:12.444 [FXGL Background Thread 3 ] DEBUG Engine               - class com.almasb.fxgl.audio.AudioPlayer
19:50:12.444 [FXGL Background Thread 3 ] DEBUG Engine               - class com.almasb.fxgl.notification.impl.NotificationServiceProvider
19:50:12.444 [FXGL Background Thread 3 ] DEBUG Engine               - class com.almasb.fxgl.achievement.AchievementService
19:50:12.444 [FXGL Background Thread 3 ] DEBUG Engine               - class com.almasb.fxgl.cutscene.CutsceneService
19:50:12.444 [FXGL Background Thread 3 ] DEBUG Engine               - class com.almasb.fxgl.minigames.MiniGameService
19:50:12.444 [FXGL Background Thread 3 ] DEBUG Engine               - class com.almasb.fxgl.net.NetService
19:50:12.444 [FXGL Background Thread 3 ] DEBUG Engine               - class com.almasb.fxgl.app.services.UpdaterService
19:50:12.444 [FXGL Background Thread 3 ] DEBUG Engine               - class com.almasb.fxgl.dev.DevService
19:50:13.925 [JavaFX Application Thread] DEBUG FXGLAssetLoaderServi - Loading from file system: file:/C:/Users/RYLE/Downloads/OOP2-Capstone/target/classes/assets/sounds/sound-library/click.wav
19:50:14.149 [JavaFX Application Thread] DEBUG PrimaryStageWindow   - Push state: DialogSubScene
19:50:14.149 [JavaFX Application Thread] DEBUG Input                - Clearing active input actions
19:50:14.150 [JavaFX Application Thread] DEBUG GameApplicationServi - Removing overlay from LoginScreen and adding to DialogSubScene
19:50:14.150 [JavaFX Application Thread] DEBUG PrimaryStageWindow   - LoginScreen -> DialogSubScene
19:50:14.854 [JavaFX Application Thread] DEBUG PrimaryStageWindow   - Pop state: DialogSubScene
19:50:14.854 [JavaFX Application Thread] DEBUG Input                - Clearing active input actions
19:50:14.855 [JavaFX Application Thread] DEBUG GameApplicationServi - Removing overlay from DialogSubScene and adding to LoginScreen
19:50:14.855 [JavaFX Application Thread] DEBUG PrimaryStageWindow   - LoginScreen <- DialogSubScene
19:50:24.759 [JavaFX Application Thread] DEBUG PrimaryStageWindow   - Push state: RegisterScreen
19:50:24.759 [JavaFX Application Thread] DEBUG Input                - Clearing active input actions
19:50:24.761 [JavaFX Application Thread] DEBUG GameApplicationServi - Removing overlay from LoginScreen and adding to RegisterScreen
19:50:24.761 [JavaFX Application Thread] DEBUG PrimaryStageWindow   - LoginScreen -> RegisterScreen
19:50:24.761 [JavaFX Application Thread] DEBUG FXGLAssetLoaderServi - Loading from file system: file:/C:/Users/RYLE/Downloads/OOP2-Capstone/target/classes/assets/textures/magicbook.png
19:50:24.886 [JavaFX Application Thread] DEBUG FXGLAssetLoaderServi - Loading from file system: file:/C:/Users/RYLE/Downloads/OOP2-Capstone/target/classes/assets/textures/magicbook_hover.png
19:50:38.383 [JavaFX Application Thread] DEBUG PrimaryStageWindow   - Push state: DialogSubScene
19:50:38.383 [JavaFX Application Thread] DEBUG Input                - Clearing active input actions
19:50:38.385 [JavaFX Application Thread] DEBUG GameApplicationServi - Removing overlay from RegisterScreen and adding to DialogSubScene
19:50:38.385 [JavaFX Application Thread] DEBUG PrimaryStageWindow   - RegisterScreen -> DialogSubScene
19:50:38.537 [JavaFX Application Thread] DEBUG PrimaryStageWindow   - Push state: LoginScreen
19:50:38.537 [JavaFX Application Thread] DEBUG Input                - Clearing active input actions
19:50:38.538 [JavaFX Application Thread] DEBUG GameApplicationServi - Removing overlay from DialogSubScene and adding to LoginScreen
19:50:38.538 [JavaFX Application Thread] DEBUG PrimaryStageWindow   - DialogSubScene -> LoginScreen
19:50:44.564 [JavaFX Application Thread] DEBUG FXGLAssetLoaderServi - Loading from file system: file:/C:/Users/RYLE/Downloads/OOP2-Capstone/target/classes/assets/music/magic.wav
19:50:44.576 [JavaFX Application Thread] DEBUG AudioPlayer          - Playing music com.almasb.fxgl.audio.Music@617c1733
19:50:44.874 [JavaFX Application Thread] DEBUG PrimaryStageWindow   - Push state: LoadingScreen
19:50:44.874 [JavaFX Application Thread] DEBUG Input                - Clearing active input actions
19:50:44.875 [JavaFX Application Thread] DEBUG GameApplicationServi - Removing overlay from LoginScreen and adding to LoadingScreen
19:50:44.875 [JavaFX Application Thread] DEBUG PrimaryStageWindow   - LoginScreen -> LoadingScreen
19:50:48.053 [JavaFX Application Thread] DEBUG FXGLAssetLoaderServi - Loading from file system: file:/C:/Users/RYLE/Downloads/OOP2-Capstone/target/classes/assets/music/bgm.mp3
19:50:48.056 [JavaFX Application Thread] DEBUG FXGLAssetLoaderServi - Loading from file system: file:/C:/Users/RYLE/Downloads/OOP2-Capstone/target/classes/assets/music/bgm2.mp3
19:50:48.058 [JavaFX Application Thread] DEBUG FXGLAssetLoaderServi - Loading from file system: file:/C:/Users/RYLE/Downloads/OOP2-Capstone/target/classes/assets/sounds/sound-library/type.mp3
19:50:48.097 [JavaFX Application Thread] DEBUG FXGLAssetLoaderServi - Loading from file system: file:/C:/Users/RYLE/Downloads/OOP2-Capstone/target/classes/assets/sounds/sound-library/death.mp3
19:50:48.100 [JavaFX Application Thread] DEBUG FXGLAssetLoaderServi - Loading from file system: file:/C:/Users/RYLE/Downloads/OOP2-Capstone/target/classes/assets/sounds/sound-library/gameover.wav
19:50:48.104 [JavaFX Application Thread] DEBUG FXGLAssetLoaderServi - Loading from file system: file:/C:/Users/RYLE/Downloads/OOP2-Capstone/target/classes/assets/sounds/sound-library/victory.mp3
19:50:48.107 [JavaFX Application Thread] DEBUG FXGLAssetLoaderServi - Loading from file system: file:/C:/Users/RYLE/Downloads/OOP2-Capstone/target/classes/assets/sounds/sound-library/wave.mp3
19:50:48.109 [JavaFX Application Thread] DEBUG FXGLAssetLoaderServi - Loading from file system: file:/C:/Users/RYLE/Downloads/OOP2-Capstone/target/classes/assets/sounds/sound-library/flappingsfx.wav
19:50:48.114 [JavaFX Application Thread] DEBUG FXGLAssetLoaderServi - Loading from file system: file:/C:/Users/RYLE/Downloads/OOP2-Capstone/target/classes/assets/sounds/sound-library/error.mp3
19:50:48.117 [JavaFX Application Thread] DEBUG FXGLAssetLoaderServi - Loading from file system: file:/C:/Users/RYLE/Downloads/OOP2-Capstone/target/classes/assets/sounds/sound-library/spacebar.mp3
19:50:48.119 [JavaFX Application Thread] DEBUG FXGLAssetLoaderServi - Loading from file system: file:/C:/Users/RYLE/Downloads/OOP2-Capstone/target/classes/assets/sounds/sound-library/shift.mp3
19:50:48.121 [JavaFX Application Thread] DEBUG FXGLAssetLoaderServi - Loading from file system: file:/C:/Users/RYLE/Downloads/OOP2-Capstone/target/classes/assets/sounds/sound-library/damage.mp3
19:50:48.136 [JavaFX Application Thread] DEBUG AudioPlayer          - Playing music com.almasb.fxgl.audio.Music@194bd9fb
19:50:48.142 [JavaFX Application Thread] DEBUG AudioPlayer          - Playing music com.almasb.fxgl.audio.Music@194bd9fb
19:50:48.143 [JavaFX Application Thread] DEBUG PrimaryStageWindow   - Push state: MainMenuScreen
19:50:48.143 [JavaFX Application Thread] DEBUG Input                - Clearing active input actions
19:50:48.143 [JavaFX Application Thread] DEBUG GameApplicationServi - Removing overlay from LoadingScreen and adding to MainMenuScreen
19:50:48.143 [JavaFX Application Thread] DEBUG PrimaryStageWindow   - LoadingScreen -> MainMenuScreen
19:50:53.788 [JavaFX Application Thread] DEBUG PrimaryStageWindow   - Push state: HowToPlayScreen
19:50:53.788 [JavaFX Application Thread] DEBUG Input                - Clearing active input actions
19:50:53.789 [JavaFX Application Thread] DEBUG GameApplicationServi - Removing overlay from MainMenuScreen and adding to HowToPlayScreen
19:50:53.789 [JavaFX Application Thread] DEBUG PrimaryStageWindow   - MainMenuScreen -> HowToPlayScreen
19:50:55.326 [JavaFX Application Thread] DEBUG PrimaryStageWindow   - Pop state: HowToPlayScreen
19:50:55.326 [JavaFX Application Thread] DEBUG Input                - Clearing active input actions
19:50:55.326 [JavaFX Application Thread] DEBUG GameApplicationServi - Removing overlay from HowToPlayScreen and adding to MainMenuScreen
19:50:55.326 [JavaFX Application Thread] DEBUG PrimaryStageWindow   - MainMenuScreen <- HowToPlayScreen
19:50:56.403 [JavaFX Application Thread] DEBUG PrimaryStageWindow   - Push state: CreditsScreen
19:50:56.403 [JavaFX Application Thread] DEBUG Input                - Clearing active input actions
19:50:56.403 [JavaFX Application Thread] DEBUG GameApplicationServi - Removing overlay from MainMenuScreen and adding to CreditsScreen
19:50:56.403 [JavaFX Application Thread] DEBUG PrimaryStageWindow   - MainMenuScreen -> CreditsScreen
19:50:58.068 [JavaFX Application Thread] DEBUG PrimaryStageWindow   - Pop state: CreditsScreen
19:50:58.068 [JavaFX Application Thread] DEBUG Input                - Clearing active input actions
19:50:58.068 [JavaFX Application Thread] DEBUG GameApplicationServi - Removing overlay from CreditsScreen and adding to MainMenuScreen
19:50:58.069 [JavaFX Application Thread] DEBUG PrimaryStageWindow   - MainMenuScreen <- CreditsScreen
19:50:58.968 [JavaFX Application Thread] DEBUG FXGLApplication      - Exiting FXGL
19:50:58.968 [JavaFX Application Thread] DEBUG LoopRunner           - Stopping loop
19:50:58.968 [JavaFX Application Thread] DEBUG SystemBundleService  - Saving FXGL system data
19:50:58.971 [JavaFX Application Thread] DEBUG FileSystemAccess     - Writing to: C:\Users\RYLE\Downloads\OOP2-Capstone\system\fxgl.bundle
19:50:58.973 [JavaFX Application Thread] DEBUG Async                - Shutting down background threads
19:50:58.973 [JavaFX Application Thread] DEBUG PrimaryStageWindow   - Closing main window
19:50:58.998 [JavaFX Application Thread] DEBUG Logger               - Closing Logger
